#
# There is insufficient memory for the Java Runtime Environment to continue.
# Native memory allocation (malloc) failed to allocate 1492624 bytes. Error detail: Chunk::new
# Possible reasons:
#   The system is out of physical RAM or swap space
#   This process is running with CompressedOops enabled, and the Java Heap may be blocking the growth of the native heap
# Possible solutions:
#   Reduce memory load on the system
#   Increase physical memory or swap space
#   Check if swap backing store is full
#   Decrease Java heap size (-Xmx/-Xms)
#   Decrease number of Java threads
#   Decrease Java thread stack sizes (-Xss)
#   Set larger code cache with -XX:ReservedCodeCacheSize=
#   JVM is running with Unscaled Compressed Oops mode in which the Java heap is
#     placed in the first 4GB address space. The Java Heap base address is the
#     maximum limit for the native heap growth. Please use -XX:HeapBaseMinAddress
#     to set the Java Heap base and to place the Java Heap above 4GB virtual address.
# This output file may be truncated or incomplete.
#
#  Out of Memory Error (arena.cpp:162), pid=23468, tid=11620
#
# JRE version: Java(TM) SE Runtime Environment (24.0.1+9) (build 24.0.1+9-30)
# Java VM: Java HotSpot(TM) 64-Bit Server VM (24.0.1+9-30, mixed mode, sharing, tiered, compressed oops, compressed class ptrs, g1 gc, windows-amd64)
# No core dump will be written. Minidumps are not enabled by default on client versions of Windows
#

---------------  S U M M A R Y ------------

Command Line: -Dfile.encoding=UTF-8 -Dsikuli.Debug=0 C:\Users\UK-PC\Desktop\AI driven cargo-wise automation framework\venv\Lib\site-packages\SikuliLibrary\lib\SikuliLibrary.jar 61884 C:\Users\UK-PC\AppData\Local\Temp\tmpa8qp0t7m

Host: AMD PRO A10-8730B R5, 10 COMPUTE CORES 4C+6G   , 4 cores, 6G,  Windows 11 , 64 bit Build 22000 (10.0.22000.2538)
Time: Wed Aug 20 02:31:26 2025 W. Central Africa Standard Time elapsed time: 6.255173 seconds (0d 0h 0m 6s)

---------------  T H R E A D  ---------------

Current thread (0x000002a5fe0acea0):  JavaThread "C2 CompilerThread0" daemon [_thread_in_native, id=11620, stack(0x000000f0f8a00000,0x000000f0f8b00000) (1024K)]


Current CompileTask:
C2:6255 1718       4       java.util.HashMap::putVal (300 bytes)

Stack: [0x000000f0f8a00000,0x000000f0f8b00000]
Native frames: (J=compiled Java code, j=interpreted, Vv=VM code, C=native code)
V  [jvm.dll+0x730739]  (no source info available)
V  [jvm.dll+0x8d9b23]  (no source info available)
V  [jvm.dll+0x8dc00d]  (no source info available)
V  [jvm.dll+0x8dc683]  (no source info available)
V  [jvm.dll+0x2aa086]  (no source info available)
V  [jvm.dll+0xcedef]  (no source info available)
V  [jvm.dll+0xcf04f]  (no source info available)
V  [jvm.dll+0x154d83]  (no source info available)
V  [jvm.dll+0x735f5f]  (no source info available)
V  [jvm.dll+0x26fa1c]  (no source info available)
V  [jvm.dll+0x26ea3f]  (no source info available)
V  [jvm.dll+0x1e9d60]  (no source info available)
V  [jvm.dll+0x27e1fb]  (no source info available)
V  [jvm.dll+0x27c49a]  (no source info available)
V  [jvm.dll+0x42f456]  (no source info available)
V  [jvm.dll+0x87d76b]  (no source info available)
V  [jvm.dll+0x72ee55]  (no source info available)
C  [ucrtbase.dll+0x26c0c]  (no source info available)
C  [KERNEL32.DLL+0x153e0]  (no source info available)
C  [ntdll.dll+0x485b]  (no source info available)

Lock stack of current Java thread (top to bottom):


---------------  P R O C E S S  ---------------

Threads class SMR info:
_java_thread_list=0x000002a5d4b907a0, length=20, elements={
0x000002a5fe09f900, 0x000002a5fe0a06f0, 0x000002a5fe0a66f0, 0x000002a5fe0a7220,
0x000002a5fe0a9d60, 0x000002a5fe0ab640, 0x000002a5fe0acea0, 0x000002a5fe0bea60,
0x000002a5fe12d180, 0x000002a5fe12e4e0, 0x000002a5d4b71b70, 0x000002a5d4b722b0,
0x000002a5d4b729f0, 0x000002a5d4b34cb0, 0x000002a5d4b353f0, 0x000002a5d4b9f020,
0x000002a5d4b9f760, 0x000002a5d4ba2ad0, 0x000002a5d4ba3220, 0x000002a5d4b9fef0
}

Java Threads: ( => current thread )
  0x000002a5fe09f900 JavaThread "Reference Handler"          daemon [_thread_blocked, id=22612, stack(0x000000f0f8400000,0x000000f0f8500000) (1024K)]
  0x000002a5fe0a06f0 JavaThread "Finalizer"                  daemon [_thread_blocked, id=21264, stack(0x000000f0f8500000,0x000000f0f8600000) (1024K)]
  0x000002a5fe0a66f0 JavaThread "Signal Dispatcher"          daemon [_thread_blocked, id=21256, stack(0x000000f0f8600000,0x000000f0f8700000) (1024K)]
  0x000002a5fe0a7220 JavaThread "Attach Listener"            daemon [_thread_blocked, id=24448, stack(0x000000f0f8700000,0x000000f0f8800000) (1024K)]
  0x000002a5fe0a9d60 JavaThread "Service Thread"             daemon [_thread_blocked, id=21764, stack(0x000000f0f8800000,0x000000f0f8900000) (1024K)]
  0x000002a5fe0ab640 JavaThread "Monitor Deflation Thread"   daemon [_thread_blocked, id=18684, stack(0x000000f0f8900000,0x000000f0f8a00000) (1024K)]
=>0x000002a5fe0acea0 JavaThread "C2 CompilerThread0"         daemon [_thread_in_native, id=11620, stack(0x000000f0f8a00000,0x000000f0f8b00000) (1024K)]
  0x000002a5fe0bea60 JavaThread "C1 CompilerThread0"         daemon [_thread_in_native, id=17412, stack(0x000000f0f8b00000,0x000000f0f8c00000) (1024K)]
  0x000002a5fe12d180 JavaThread "Notification Thread"        daemon [_thread_blocked, id=21948, stack(0x000000f0f8c00000,0x000000f0f8d00000) (1024K)]
  0x000002a5fe12e4e0 JavaThread "Common-Cleaner"             daemon [_thread_blocked, id=20664, stack(0x000000f0f8d00000,0x000000f0f8e00000) (1024K)]
  0x000002a5d4b71b70 JavaThread "qtp1764696127-25-acceptor-0@75ad3e87-ServerConnector@6200f9cb{HTTP/1.1, (http/1.1)}{0.0.0.0:61884}"        [_thread_in_native, id=20492, stack(0x000000f0f8e00000,0x000000f0f8f00000) (1024K)]
  0x000002a5d4b722b0 JavaThread "qtp1764696127-26"                  [_thread_blocked, id=22888, stack(0x000000f0f8f00000,0x000000f0f9000000) (1024K)]
  0x000002a5d4b729f0 JavaThread "qtp1764696127-27"                  [_thread_in_Java, id=19532, stack(0x000000f0f9000000,0x000000f0f9100000) (1024K)]
  0x000002a5d4b34cb0 JavaThread "qtp1764696127-28"                  [_thread_blocked, id=21824, stack(0x000000f0f9100000,0x000000f0f9200000) (1024K)]
  0x000002a5d4b353f0 JavaThread "qtp1764696127-29"                  [_thread_in_native, id=23264, stack(0x000000f0f9200000,0x000000f0f9300000) (1024K)]
  0x000002a5d4b9f020 JavaThread "qtp1764696127-30"                  [_thread_blocked, id=10612, stack(0x000000f0f9300000,0x000000f0f9400000) (1024K)]
  0x000002a5d4b9f760 JavaThread "qtp1764696127-31"                  [_thread_blocked, id=23600, stack(0x000000f0f9400000,0x000000f0f9500000) (1024K)]
  0x000002a5d4ba2ad0 JavaThread "qtp1764696127-32"                  [_thread_in_native, id=23804, stack(0x000000f0f9500000,0x000000f0f9600000) (1024K)]
  0x000002a5d4ba3220 JavaThread "DestroyJavaVM"                     [_thread_blocked, id=23672, stack(0x000000f0f7c00000,0x000000f0f7d00000) (1024K)]
  0x000002a5d4b9fef0 JavaThread "Connector-Scheduler-6200f9cb-1"        [_thread_blocked, id=15872, stack(0x000000f0f9900000,0x000000f0f9a00000) (1024K)]
Total: 20

Other Threads:
  0x000002a5fe095610 VMThread "VM Thread"                           [id=24048, stack(0x000000f0f8300000,0x000000f0f8400000) (1024K)]
  0x000002a5fe086ca0 WatcherThread "VM Periodic Task Thread"        [id=17124, stack(0x000000f0f8200000,0x000000f0f8300000) (1024K)]
  0x000002a5f10e5680 WorkerThread "GC Thread#0"                     [id=22076, stack(0x000000f0f7d00000,0x000000f0f7e00000) (1024K)]
  0x000002a5d4bb1b50 WorkerThread "GC Thread#1"                     [id=20872, stack(0x000000f0f9600000,0x000000f0f9700000) (1024K)]
  0x000002a5d4bb1f00 WorkerThread "GC Thread#2"                     [id=19928, stack(0x000000f0f9700000,0x000000f0f9800000) (1024K)]
  0x000002a5d4bb22b0 WorkerThread "GC Thread#3"                     [id=14648, stack(0x000000f0f9800000,0x000000f0f9900000) (1024K)]
  0x000002a5f10f83f0 ConcurrentGCThread "G1 Main Marker"            [id=19008, stack(0x000000f0f7e00000,0x000000f0f7f00000) (1024K)]
  0x000002a5f10f9630 WorkerThread "G1 Conc#0"                       [id=24568, stack(0x000000f0f7f00000,0x000000f0f8000000) (1024K)]
  0x000002a5fdf524b0 ConcurrentGCThread "G1 Refine#0"               [id=9936, stack(0x000000f0f8000000,0x000000f0f8100000) (1024K)]
  0x000002a5f115dde0 ConcurrentGCThread "G1 Service"                [id=20172, stack(0x000000f0f8100000,0x000000f0f8200000) (1024K)]
Total: 10

Threads with active compile tasks:
C2 CompilerThread0  6395 1718       4       java.util.HashMap::putVal (300 bytes)
C1 CompilerThread0  6395 1754       3       java.net.URLStreamHandler::parseURL (1124 bytes)
Total: 2

VM state: not at safepoint (normal execution)

VM Mutex/Monitor currently owned by a thread: None

Heap address: 0x0000000091000000, size: 1776 MB, Compressed Oops mode: 32-bit

CDS archive(s) mapped at: [0x000002a58f000000-0x000002a58fd40000-0x000002a58fd40000), size 13893632, SharedBaseAddress: 0x000002a58f000000, ArchiveRelocationMode: 1.
Compressed class space mapped at: 0x000002a590000000-0x000002a5d0000000, reserved size: 1073741824
UseCompressedClassPointers 1, UseCompactObjectHeaders 0
Narrow klass pointer bits 32, Max shift 3
Narrow klass base: 0x000002a58f000000, Narrow klass shift: 0
Encoding Range: [0x000002a58f000000 - 0x000002a68f000000), (4294967296 bytes)
Klass Range:    [0x000002a58f000000 - 0x000002a5d0000000), (1090519040 bytes)
Klass ID Range:  [8 - 1090519033) (1090519025)

GC Precious Log:
 CardTable entry size: 512
 Card Set container configuration: InlinePtr #cards 5 size 8 Array Of Cards #cards 10 size 36 Howl #buckets 4 coarsen threshold 1843 Howl Bitmap #cards 512 size 80 coarsen threshold 460 Card regions per heap region 1 cards per card region 2048
 CPUs: 4 total, 4 available
 Memory: 7098M
 Large Page Support: Disabled
 NUMA Support: Disabled
 Compressed Oops: Enabled (32-bit)
 Heap Region Size: 1M
 Heap Min Capacity: 8M
 Heap Initial Capacity: 112M
 Heap Max Capacity: 1776M
 Pre-touch: Disabled
 Parallel Workers: 4
 Concurrent Workers: 1
 Concurrent Refinement Workers: 4
 Periodic GC: Disabled

Heap:
 garbage-first heap   total reserved 1818624K, committed 116736K, used 15449K [0x0000000091000000, 0x0000000100000000)
  region size 1024K, 14 young (14336K), 3 survivors (3072K)
 Metaspace       used 13233K, committed 13440K, reserved 1114112K
  class space    used 1304K, committed 1408K, reserved 1048576K

Heap Regions: E=young(eden), S=young(survivor), O=old, HS=humongous(starts), HC=humongous(continues), CS=collection set, F=free, TAMS=top-at-mark-start, PB=parsable bottom
|   0|0x0000000091000000, 0x0000000091100000, 0x0000000091100000|100%|HS|  |TAMS 0x0000000091000000| PB 0x0000000091000000| Complete |  0
|   1|0x0000000091100000, 0x0000000091200000, 0x0000000091200000|100%|HC|  |TAMS 0x0000000091100000| PB 0x0000000091100000| Complete |  0
|   2|0x0000000091200000, 0x0000000091200000, 0x0000000091300000|  0%| F|  |TAMS 0x0000000091200000| PB 0x0000000091200000| Untracked |  0
|   3|0x0000000091300000, 0x0000000091300000, 0x0000000091400000|  0%| F|  |TAMS 0x0000000091300000| PB 0x0000000091300000| Untracked |  0
|   4|0x0000000091400000, 0x0000000091400000, 0x0000000091500000|  0%| F|  |TAMS 0x0000000091400000| PB 0x0000000091400000| Untracked |  0
|   5|0x0000000091500000, 0x0000000091500000, 0x0000000091600000|  0%| F|  |TAMS 0x0000000091500000| PB 0x0000000091500000| Untracked |  0
|   6|0x0000000091600000, 0x0000000091600000, 0x0000000091700000|  0%| F|  |TAMS 0x0000000091600000| PB 0x0000000091600000| Untracked |  0
|   7|0x0000000091700000, 0x0000000091700000, 0x0000000091800000|  0%| F|  |TAMS 0x0000000091700000| PB 0x0000000091700000| Untracked |  0
|   8|0x0000000091800000, 0x0000000091800000, 0x0000000091900000|  0%| F|  |TAMS 0x0000000091800000| PB 0x0000000091800000| Untracked |  0
|   9|0x0000000091900000, 0x0000000091900000, 0x0000000091a00000|  0%| F|  |TAMS 0x0000000091900000| PB 0x0000000091900000| Untracked |  0
|  10|0x0000000091a00000, 0x0000000091a00000, 0x0000000091b00000|  0%| F|  |TAMS 0x0000000091a00000| PB 0x0000000091a00000| Untracked |  0
|  11|0x0000000091b00000, 0x0000000091b00000, 0x0000000091c00000|  0%| F|  |TAMS 0x0000000091b00000| PB 0x0000000091b00000| Untracked |  0
|  12|0x0000000091c00000, 0x0000000091c00000, 0x0000000091d00000|  0%| F|  |TAMS 0x0000000091c00000| PB 0x0000000091c00000| Untracked |  0
|  13|0x0000000091d00000, 0x0000000091d00000, 0x0000000091e00000|  0%| F|  |TAMS 0x0000000091d00000| PB 0x0000000091d00000| Untracked |  0
|  14|0x0000000091e00000, 0x0000000091e00000, 0x0000000091f00000|  0%| F|  |TAMS 0x0000000091e00000| PB 0x0000000091e00000| Untracked |  0
|  15|0x0000000091f00000, 0x0000000091f00000, 0x0000000092000000|  0%| F|  |TAMS 0x0000000091f00000| PB 0x0000000091f00000| Untracked |  0
|  16|0x0000000092000000, 0x0000000092000000, 0x0000000092100000|  0%| F|  |TAMS 0x0000000092000000| PB 0x0000000092000000| Untracked |  0
|  17|0x0000000092100000, 0x0000000092100000, 0x0000000092200000|  0%| F|  |TAMS 0x0000000092100000| PB 0x0000000092100000| Untracked |  0
|  18|0x0000000092200000, 0x0000000092200000, 0x0000000092300000|  0%| F|  |TAMS 0x0000000092200000| PB 0x0000000092200000| Untracked |  0
|  19|0x0000000092300000, 0x0000000092300000, 0x0000000092400000|  0%| F|  |TAMS 0x0000000092300000| PB 0x0000000092300000| Untracked |  0
|  20|0x0000000092400000, 0x0000000092400000, 0x0000000092500000|  0%| F|  |TAMS 0x0000000092400000| PB 0x0000000092400000| Untracked |  0
|  21|0x0000000092500000, 0x0000000092500000, 0x0000000092600000|  0%| F|  |TAMS 0x0000000092500000| PB 0x0000000092500000| Untracked |  0
|  22|0x0000000092600000, 0x0000000092600000, 0x0000000092700000|  0%| F|  |TAMS 0x0000000092600000| PB 0x0000000092600000| Untracked |  0
|  23|0x0000000092700000, 0x0000000092700000, 0x0000000092800000|  0%| F|  |TAMS 0x0000000092700000| PB 0x0000000092700000| Untracked |  0
|  24|0x0000000092800000, 0x0000000092800000, 0x0000000092900000|  0%| F|  |TAMS 0x0000000092800000| PB 0x0000000092800000| Untracked |  0
|  25|0x0000000092900000, 0x0000000092900000, 0x0000000092a00000|  0%| F|  |TAMS 0x0000000092900000| PB 0x0000000092900000| Untracked |  0
|  26|0x0000000092a00000, 0x0000000092a00000, 0x0000000092b00000|  0%| F|  |TAMS 0x0000000092a00000| PB 0x0000000092a00000| Untracked |  0
|  27|0x0000000092b00000, 0x0000000092b00000, 0x0000000092c00000|  0%| F|  |TAMS 0x0000000092b00000| PB 0x0000000092b00000| Untracked |  0
|  28|0x0000000092c00000, 0x0000000092c00000, 0x0000000092d00000|  0%| F|  |TAMS 0x0000000092c00000| PB 0x0000000092c00000| Untracked |  0
|  29|0x0000000092d00000, 0x0000000092d00000, 0x0000000092e00000|  0%| F|  |TAMS 0x0000000092d00000| PB 0x0000000092d00000| Untracked |  0
|  30|0x0000000092e00000, 0x0000000092e00000, 0x0000000092f00000|  0%| F|  |TAMS 0x0000000092e00000| PB 0x0000000092e00000| Untracked |  0
|  31|0x0000000092f00000, 0x0000000092f00000, 0x0000000093000000|  0%| F|  |TAMS 0x0000000092f00000| PB 0x0000000092f00000| Untracked |  0
|  32|0x0000000093000000, 0x0000000093000000, 0x0000000093100000|  0%| F|  |TAMS 0x0000000093000000| PB 0x0000000093000000| Untracked |  0
|  33|0x0000000093100000, 0x0000000093100000, 0x0000000093200000|  0%| F|  |TAMS 0x0000000093100000| PB 0x0000000093100000| Untracked |  0
|  34|0x0000000093200000, 0x0000000093200000, 0x0000000093300000|  0%| F|  |TAMS 0x0000000093200000| PB 0x0000000093200000| Untracked |  0
|  35|0x0000000093300000, 0x0000000093300000, 0x0000000093400000|  0%| F|  |TAMS 0x0000000093300000| PB 0x0000000093300000| Untracked |  0
|  36|0x0000000093400000, 0x0000000093400000, 0x0000000093500000|  0%| F|  |TAMS 0x0000000093400000| PB 0x0000000093400000| Untracked |  0
|  37|0x0000000093500000, 0x0000000093500000, 0x0000000093600000|  0%| F|  |TAMS 0x0000000093500000| PB 0x0000000093500000| Untracked |  0
|  38|0x0000000093600000, 0x0000000093600000, 0x0000000093700000|  0%| F|  |TAMS 0x0000000093600000| PB 0x0000000093600000| Untracked |  0
|  39|0x0000000093700000, 0x0000000093700000, 0x0000000093800000|  0%| F|  |TAMS 0x0000000093700000| PB 0x0000000093700000| Untracked |  0
|  40|0x0000000093800000, 0x0000000093800000, 0x0000000093900000|  0%| F|  |TAMS 0x0000000093800000| PB 0x0000000093800000| Untracked |  0
|  41|0x0000000093900000, 0x0000000093900000, 0x0000000093a00000|  0%| F|  |TAMS 0x0000000093900000| PB 0x0000000093900000| Untracked |  0
|  42|0x0000000093a00000, 0x0000000093a00000, 0x0000000093b00000|  0%| F|  |TAMS 0x0000000093a00000| PB 0x0000000093a00000| Untracked |  0
|  43|0x0000000093b00000, 0x0000000093b00000, 0x0000000093c00000|  0%| F|  |TAMS 0x0000000093b00000| PB 0x0000000093b00000| Untracked |  0
|  44|0x0000000093c00000, 0x0000000093c00000, 0x0000000093d00000|  0%| F|  |TAMS 0x0000000093c00000| PB 0x0000000093c00000| Untracked |  0
|  45|0x0000000093d00000, 0x0000000093d00000, 0x0000000093e00000|  0%| F|  |TAMS 0x0000000093d00000| PB 0x0000000093d00000| Untracked |  0
|  46|0x0000000093e00000, 0x0000000093e00000, 0x0000000093f00000|  0%| F|  |TAMS 0x0000000093e00000| PB 0x0000000093e00000| Untracked |  0
|  47|0x0000000093f00000, 0x0000000093f00000, 0x0000000094000000|  0%| F|  |TAMS 0x0000000093f00000| PB 0x0000000093f00000| Untracked |  0
|  48|0x0000000094000000, 0x0000000094000000, 0x0000000094100000|  0%| F|  |TAMS 0x0000000094000000| PB 0x0000000094000000| Untracked |  0
|  49|0x0000000094100000, 0x0000000094100000, 0x0000000094200000|  0%| F|  |TAMS 0x0000000094100000| PB 0x0000000094100000| Untracked |  0
|  50|0x0000000094200000, 0x0000000094200000, 0x0000000094300000|  0%| F|  |TAMS 0x0000000094200000| PB 0x0000000094200000| Untracked |  0
|  51|0x0000000094300000, 0x0000000094300000, 0x0000000094400000|  0%| F|  |TAMS 0x0000000094300000| PB 0x0000000094300000| Untracked |  0
|  52|0x0000000094400000, 0x0000000094400000, 0x0000000094500000|  0%| F|  |TAMS 0x0000000094400000| PB 0x0000000094400000| Untracked |  0
|  53|0x0000000094500000, 0x0000000094500000, 0x0000000094600000|  0%| F|  |TAMS 0x0000000094500000| PB 0x0000000094500000| Untracked |  0
|  54|0x0000000094600000, 0x0000000094600000, 0x0000000094700000|  0%| F|  |TAMS 0x0000000094600000| PB 0x0000000094600000| Untracked |  0
|  55|0x0000000094700000, 0x0000000094700000, 0x0000000094800000|  0%| F|  |TAMS 0x0000000094700000| PB 0x0000000094700000| Untracked |  0
|  56|0x0000000094800000, 0x0000000094800000, 0x0000000094900000|  0%| F|  |TAMS 0x0000000094800000| PB 0x0000000094800000| Untracked |  0
|  57|0x0000000094900000, 0x0000000094900000, 0x0000000094a00000|  0%| F|  |TAMS 0x0000000094900000| PB 0x0000000094900000| Untracked |  0
|  58|0x0000000094a00000, 0x0000000094a00000, 0x0000000094b00000|  0%| F|  |TAMS 0x0000000094a00000| PB 0x0000000094a00000| Untracked |  0
|  59|0x0000000094b00000, 0x0000000094b00000, 0x0000000094c00000|  0%| F|  |TAMS 0x0000000094b00000| PB 0x0000000094b00000| Untracked |  0
|  60|0x0000000094c00000, 0x0000000094c00000, 0x0000000094d00000|  0%| F|  |TAMS 0x0000000094c00000| PB 0x0000000094c00000| Untracked |  0
|  61|0x0000000094d00000, 0x0000000094d00000, 0x0000000094e00000|  0%| F|  |TAMS 0x0000000094d00000| PB 0x0000000094d00000| Untracked |  0
|  62|0x0000000094e00000, 0x0000000094e00000, 0x0000000094f00000|  0%| F|  |TAMS 0x0000000094e00000| PB 0x0000000094e00000| Untracked |  0
|  63|0x0000000094f00000, 0x0000000094f00000, 0x0000000095000000|  0%| F|  |TAMS 0x0000000094f00000| PB 0x0000000094f00000| Untracked |  0
|  64|0x0000000095000000, 0x0000000095000000, 0x0000000095100000|  0%| F|  |TAMS 0x0000000095000000| PB 0x0000000095000000| Untracked |  0
|  65|0x0000000095100000, 0x0000000095100000, 0x0000000095200000|  0%| F|  |TAMS 0x0000000095100000| PB 0x0000000095100000| Untracked |  0
|  66|0x0000000095200000, 0x0000000095200000, 0x0000000095300000|  0%| F|  |TAMS 0x0000000095200000| PB 0x0000000095200000| Untracked |  0
|  67|0x0000000095300000, 0x0000000095300000, 0x0000000095400000|  0%| F|  |TAMS 0x0000000095300000| PB 0x0000000095300000| Untracked |  0
|  68|0x0000000095400000, 0x0000000095400000, 0x0000000095500000|  0%| F|  |TAMS 0x0000000095400000| PB 0x0000000095400000| Untracked |  0
|  69|0x0000000095500000, 0x0000000095500000, 0x0000000095600000|  0%| F|  |TAMS 0x0000000095500000| PB 0x0000000095500000| Untracked |  0
|  70|0x0000000095600000, 0x0000000095600000, 0x0000000095700000|  0%| F|  |TAMS 0x0000000095600000| PB 0x0000000095600000| Untracked |  0
|  71|0x0000000095700000, 0x0000000095700000, 0x0000000095800000|  0%| F|  |TAMS 0x0000000095700000| PB 0x0000000095700000| Untracked |  0
|  72|0x0000000095800000, 0x0000000095800000, 0x0000000095900000|  0%| F|  |TAMS 0x0000000095800000| PB 0x0000000095800000| Untracked |  0
|  73|0x0000000095900000, 0x0000000095900000, 0x0000000095a00000|  0%| F|  |TAMS 0x0000000095900000| PB 0x0000000095900000| Untracked |  0
|  74|0x0000000095a00000, 0x0000000095a00000, 0x0000000095b00000|  0%| F|  |TAMS 0x0000000095a00000| PB 0x0000000095a00000| Untracked |  0
|  75|0x0000000095b00000, 0x0000000095b00000, 0x0000000095c00000|  0%| F|  |TAMS 0x0000000095b00000| PB 0x0000000095b00000| Untracked |  0
|  76|0x0000000095c00000, 0x0000000095c00000, 0x0000000095d00000|  0%| F|  |TAMS 0x0000000095c00000| PB 0x0000000095c00000| Untracked |  0
|  77|0x0000000095d00000, 0x0000000095d00000, 0x0000000095e00000|  0%| F|  |TAMS 0x0000000095d00000| PB 0x0000000095d00000| Untracked |  0
|  78|0x0000000095e00000, 0x0000000095e00000, 0x0000000095f00000|  0%| F|  |TAMS 0x0000000095e00000| PB 0x0000000095e00000| Untracked |  0
|  79|0x0000000095f00000, 0x0000000095f00000, 0x0000000096000000|  0%| F|  |TAMS 0x0000000095f00000| PB 0x0000000095f00000| Untracked |  0
|  80|0x0000000096000000, 0x0000000096000000, 0x0000000096100000|  0%| F|  |TAMS 0x0000000096000000| PB 0x0000000096000000| Untracked |  0
|  81|0x0000000096100000, 0x00000000961f95a0, 0x0000000096200000| 97%| S|CS|TAMS 0x0000000096100000| PB 0x0000000096100000| Complete |  0
|  82|0x0000000096200000, 0x0000000096300000, 0x0000000096300000|100%| S|CS|TAMS 0x0000000096200000| PB 0x0000000096200000| Complete |  0
|  83|0x0000000096300000, 0x0000000096400000, 0x0000000096400000|100%| S|CS|TAMS 0x0000000096300000| PB 0x0000000096300000| Complete |  0
|  84|0x0000000096400000, 0x0000000096400000, 0x0000000096500000|  0%| F|  |TAMS 0x0000000096400000| PB 0x0000000096400000| Untracked |  0
|  85|0x0000000096500000, 0x0000000096500000, 0x0000000096600000|  0%| F|  |TAMS 0x0000000096500000| PB 0x0000000096500000| Untracked |  0
|  86|0x0000000096600000, 0x0000000096600000, 0x0000000096700000|  0%| F|  |TAMS 0x0000000096600000| PB 0x0000000096600000| Untracked |  0
|  87|0x0000000096700000, 0x0000000096700000, 0x0000000096800000|  0%| F|  |TAMS 0x0000000096700000| PB 0x0000000096700000| Untracked |  0
|  88|0x0000000096800000, 0x0000000096800000, 0x0000000096900000|  0%| F|  |TAMS 0x0000000096800000| PB 0x0000000096800000| Untracked |  0
|  89|0x0000000096900000, 0x0000000096900000, 0x0000000096a00000|  0%| F|  |TAMS 0x0000000096900000| PB 0x0000000096900000| Untracked |  0
|  90|0x0000000096a00000, 0x0000000096a00000, 0x0000000096b00000|  0%| F|  |TAMS 0x0000000096a00000| PB 0x0000000096a00000| Untracked |  0
|  91|0x0000000096b00000, 0x0000000096b00000, 0x0000000096c00000|  0%| F|  |TAMS 0x0000000096b00000| PB 0x0000000096b00000| Untracked |  0
|  92|0x0000000096c00000, 0x0000000096c00000, 0x0000000096d00000|  0%| F|  |TAMS 0x0000000096c00000| PB 0x0000000096c00000| Untracked |  0
|  93|0x0000000096d00000, 0x0000000096d00000, 0x0000000096e00000|  0%| F|  |TAMS 0x0000000096d00000| PB 0x0000000096d00000| Untracked |  0
|  94|0x0000000096e00000, 0x0000000096e00000, 0x0000000096f00000|  0%| F|  |TAMS 0x0000000096e00000| PB 0x0000000096e00000| Untracked |  0
|  95|0x0000000096f00000, 0x0000000096f00000, 0x0000000097000000|  0%| F|  |TAMS 0x0000000096f00000| PB 0x0000000096f00000| Untracked |  0
|  96|0x0000000097000000, 0x0000000097000000, 0x0000000097100000|  0%| F|  |TAMS 0x0000000097000000| PB 0x0000000097000000| Untracked |  0
|  97|0x0000000097100000, 0x0000000097100000, 0x0000000097200000|  0%| F|  |TAMS 0x0000000097100000| PB 0x0000000097100000| Untracked |  0
|  98|0x0000000097200000, 0x0000000097200000, 0x0000000097300000|  0%| F|  |TAMS 0x0000000097200000| PB 0x0000000097200000| Untracked |  0
|  99|0x0000000097300000, 0x0000000097300000, 0x0000000097400000|  0%| F|  |TAMS 0x0000000097300000| PB 0x0000000097300000| Untracked |  0
| 100|0x0000000097400000, 0x0000000097400000, 0x0000000097500000|  0%| F|  |TAMS 0x0000000097400000| PB 0x0000000097400000| Untracked |  0
| 101|0x0000000097500000, 0x0000000097539298, 0x0000000097600000| 22%| E|  |TAMS 0x0000000097500000| PB 0x0000000097500000| Complete |  0
| 102|0x0000000097600000, 0x0000000097700000, 0x0000000097700000|100%| E|CS|TAMS 0x0000000097600000| PB 0x0000000097600000| Complete |  0
| 103|0x0000000097700000, 0x0000000097800000, 0x0000000097800000|100%| E|CS|TAMS 0x0000000097700000| PB 0x0000000097700000| Complete |  0
| 104|0x0000000097800000, 0x0000000097900000, 0x0000000097900000|100%| E|CS|TAMS 0x0000000097800000| PB 0x0000000097800000| Complete |  0
| 105|0x0000000097900000, 0x0000000097a00000, 0x0000000097a00000|100%| E|  |TAMS 0x0000000097900000| PB 0x0000000097900000| Complete |  0
| 106|0x0000000097a00000, 0x0000000097b00000, 0x0000000097b00000|100%| E|CS|TAMS 0x0000000097a00000| PB 0x0000000097a00000| Complete |  0
| 107|0x0000000097b00000, 0x0000000097c00000, 0x0000000097c00000|100%| E|CS|TAMS 0x0000000097b00000| PB 0x0000000097b00000| Complete |  0
| 108|0x0000000097c00000, 0x0000000097d00000, 0x0000000097d00000|100%| E|CS|TAMS 0x0000000097c00000| PB 0x0000000097c00000| Complete |  0
| 109|0x0000000097d00000, 0x0000000097e00000, 0x0000000097e00000|100%| E|CS|TAMS 0x0000000097d00000| PB 0x0000000097d00000| Complete |  0
| 110|0x0000000097e00000, 0x0000000097f00000, 0x0000000097f00000|100%| E|CS|TAMS 0x0000000097e00000| PB 0x0000000097e00000| Complete |  0
| 111|0x0000000097f00000, 0x0000000098000000, 0x0000000098000000|100%| E|CS|TAMS 0x0000000097f00000| PB 0x0000000097f00000| Complete |  0
|1774|0x00000000ffe00000, 0x00000000fff00000, 0x00000000fff00000|100%| O|  |TAMS 0x00000000ffe00000| PB 0x00000000ffe00000| Untracked |  0
|1775|0x00000000fff00000, 0x00000000fff1d1c0, 0x0000000100000000| 11%| O|  |TAMS 0x00000000fff00000| PB 0x00000000fff00000| Untracked |  0

Card table byte_map: [0x000002a5f9cc0000,0x000002a5fa040000] _byte_map_base: 0x000002a5f9838000

Marking Bits: (CMBitMap*) 0x000002a5f10e63b0
 Bits: [0x000002a5fa040000, 0x000002a5fbc00000)

Polling page: 0x000002a5ef070000

Metaspace:

Usage:
  Non-class:     11.65 MB used.
      Class:      1.27 MB used.
       Both:     12.92 MB used.

Virtual space:
  Non-class space:       64.00 MB reserved,      11.75 MB ( 18%) committed,  1 nodes.
      Class space:        1.00 GB reserved,       1.38 MB ( <1%) committed,  1 nodes.
             Both:        1.06 GB reserved,      13.12 MB (  1%) committed. 

Chunk freelists:
   Non-Class:  4.19 MB
       Class:  14.55 MB
        Both:  18.73 MB

MaxMetaspaceSize: unlimited
CompressedClassSpaceSize: 1.00 GB
Initial GC threshold: 21.00 MB
Current GC threshold: 21.00 MB
CDS: on
 - commit_granule_bytes: 65536.
 - commit_granule_words: 8192.
 - virtual_space_node_default_size: 8388608.
 - enlarge_chunks_in_place: 1.
UseCompressedClassPointers 1, UseCompactObjectHeaders 0
Narrow klass pointer bits 32, Max shift 3
Narrow klass base: 0x000002a58f000000, Narrow klass shift: 0
Encoding Range: [0x000002a58f000000 - 0x000002a68f000000), (4294967296 bytes)
Klass Range:    [0x000002a58f000000 - 0x000002a5d0000000), (1090519040 bytes)
Klass ID Range:  [8 - 1090519033) (1090519025)


Internal statistics:

num_allocs_failed_limit: 0.
num_arena_births: 110.
num_arena_deaths: 0.
num_vsnodes_births: 2.
num_vsnodes_deaths: 0.
num_space_committed: 210.
num_space_uncommitted: 0.
num_chunks_returned_to_freelist: 0.
num_chunks_taken_from_freelist: 373.
num_chunk_merges: 0.
num_chunk_splits: 259.
num_chunks_enlarged: 206.
num_inconsistent_stats: 0.

CodeHeap 'non-profiled nmethods': size=120064Kb used=482Kb max_used=482Kb free=119582Kb
 bounds [0x000002a587ac0000, 0x000002a587d30000, 0x000002a58f000000]
CodeHeap 'profiled nmethods': size=120000Kb used=2613Kb max_used=2613Kb free=117386Kb
 bounds [0x000002a580000000, 0x000002a580290000, 0x000002a587530000]
CodeHeap 'non-nmethods': size=5696Kb used=1390Kb max_used=1418Kb free=4305Kb
 bounds [0x000002a587530000, 0x000002a5877a0000, 0x000002a587ac0000]
CodeCache: size=245760Kb, used=4485Kb, max_used=4513Kb, free=241273Kb
 total_blobs=2306, nmethods=1756, adapters=455, full_count=0
Compilation: enabled, stopped_count=0, restarted_count=0

Compilation events (20 events):
Event: 6.152 Thread 0x000002a5fe0bea60 nmethod 1716 0x000002a587b37308 code [0x000002a587b37400, 0x000002a587b374c8]
Event: 6.218 Thread 0x000002a5fe0bea60 1717       3       java.util.Arrays$ArrayList::toArray (15 bytes)
Event: 6.218 Thread 0x000002a5fe0bea60 nmethod 1717 0x000002a58027c988 code [0x000002a58027caa0, 0x000002a58027cbf0]
Event: 6.223 Thread 0x000002a5fe0acea0 1718       4       java.util.HashMap::putVal (300 bytes)
Event: 6.223 Thread 0x000002a5fe0bea60 1719       3       java.lang.String::endsWith (15 bytes)
Event: 6.224 Thread 0x000002a5fe0bea60 nmethod 1719 0x000002a58027cc88 code [0x000002a58027cde0, 0x000002a58027d388]
Event: 6.225 Thread 0x000002a5fe0bea60 1720       3       java.util.ArrayList::indexOfRange (71 bytes)
Event: 6.226 Thread 0x000002a5fe0bea60 nmethod 1720 0x000002a58027d408 code [0x000002a58027d560, 0x000002a58027d9d0]
Event: 6.238 Thread 0x000002a5fe0bea60 1721       3       java.util.Arrays::fill (28 bytes)
Event: 6.238 Thread 0x000002a5fe0bea60 nmethod 1721 0x000002a58027da08 code [0x000002a58027db40, 0x000002a58027dd40]
Event: 6.241 Thread 0x000002a5fe0bea60 1723       1       java.lang.Boolean::booleanValue (5 bytes)
Event: 6.241 Thread 0x000002a5fe0bea60 nmethod 1723 0x000002a587b37608 code [0x000002a587b37700, 0x000002a587b377c8]
Event: 6.241 Thread 0x000002a5fe0bea60 1724       1       com.sun.org.apache.xerces.internal.util.Status::isExceptional (5 bytes)
Event: 6.241 Thread 0x000002a5fe0bea60 nmethod 1724 0x000002a587b37908 code [0x000002a587b37a00, 0x000002a587b37ac8]
Event: 6.244 Thread 0x000002a5fe0bea60 1725       3       com.sun.org.apache.xerces.internal.util.XMLChar::isInvalid (13 bytes)
Event: 6.244 Thread 0x000002a5fe0bea60 nmethod 1725 0x000002a58027dd88 code [0x000002a58027dea0, 0x000002a58027e138]
Event: 6.244 Thread 0x000002a5fe0bea60 1726       3       com.sun.org.apache.xerces.internal.util.XMLChar::isValid (34 bytes)
Event: 6.245 Thread 0x000002a5fe0bea60 nmethod 1726 0x000002a58027e188 code [0x000002a58027e2a0, 0x000002a58027e490]
Event: 6.250 Thread 0x000002a5fe0bea60 1728       3       com.sun.org.apache.xerces.internal.util.XMLChar::isContent (35 bytes)
Event: 6.251 Thread 0x000002a5fe0bea60 nmethod 1728 0x000002a58027e508 code [0x000002a58027e620, 0x000002a58027e810]

GC Heap History (2 events):
Event: 4.076 GC heap before
{Heap before GC invocations=0 (full 0):
 garbage-first heap   total reserved 1818624K, committed 116736K, used 31860K [0x0000000091000000, 0x0000000100000000)
  region size 1024K, 28 young (28672K), 0 survivors (0K)
 Metaspace       used 9158K, committed 9344K, reserved 1114112K
  class space    used 864K, committed 960K, reserved 1048576K
}
Event: 4.086 GC heap after
{Heap after GC invocations=1 (full 0):
 garbage-first heap   total reserved 1818624K, committed 116736K, used 6233K [0x0000000091000000, 0x0000000100000000)
  region size 1024K, 3 young (3072K), 3 survivors (3072K)
 Metaspace       used 9158K, committed 9344K, reserved 1114112K
  class space    used 864K, committed 960K, reserved 1048576K
}

Dll operation events (11 events):
Event: 0.034 Loaded shared library C:\Program Files\Java\jdk-24\bin\java.dll
Event: 0.602 Loaded shared library C:\Program Files\Java\jdk-24\bin\jsvml.dll
Event: 0.624 Loaded shared library C:\Program Files\Java\jdk-24\bin\net.dll
Event: 0.629 Loaded shared library C:\Program Files\Java\jdk-24\bin\nio.dll
Event: 0.930 Loaded shared library C:\Program Files\Java\jdk-24\bin\zip.dll
Event: 1.033 Loaded shared library C:\Program Files\Java\jdk-24\bin\verify.dll
Event: 1.085 Loaded shared library C:\Program Files\Java\jdk-24\bin\jimage.dll
Event: 1.457 Loaded shared library C:\Program Files\Java\jdk-24\bin\management.dll
Event: 1.465 Loaded shared library C:\Program Files\Java\jdk-24\bin\management_ext.dll
Event: 4.580 Loaded shared library C:\Program Files\Java\jdk-24\bin\extnet.dll
Event: 5.184 Loaded shared library C:\Program Files\Java\jdk-24\bin\sunmscapi.dll

Deoptimization events (20 events):
Event: 5.887 Thread 0x000002a5d4b729f0 Uncommon trap: trap_request=0xffffffde fr.pc=0x000002a587b2d9a8 relative=0x0000000000000c88
Event: 5.887 Thread 0x000002a5d4b729f0 Uncommon trap: reason=class_check action=maybe_recompile pc=0x000002a587b2d9a8 method=java.util.HashMap.putVal(ILjava/lang/Object;Ljava/lang/Object;ZZ)Ljava/lang/Object; @ 91 c2
Event: 5.887 Thread 0x000002a5d4b729f0 DEOPT PACKING pc=0x000002a587b2d9a8 sp=0x000000f0f90fed80
Event: 5.887 Thread 0x000002a5d4b729f0 DEOPT UNPACKING pc=0x000002a587645502 sp=0x000000f0f90fed20 mode 2
Event: 6.040 Thread 0x000002a5d4b9f020 Uncommon trap: trap_request=0xffffff4d fr.pc=0x000002a587ae442c relative=0x000000000000028c
Event: 6.040 Thread 0x000002a5d4b9f020 Uncommon trap: reason=unstable_if action=reinterpret pc=0x000002a587ae442c method=java.lang.String.hashCode()I @ 20 c2
Event: 6.040 Thread 0x000002a5d4b9f020 DEOPT PACKING pc=0x000002a587ae442c sp=0x000000f0f93fd1f0
Event: 6.040 Thread 0x000002a5d4b9f020 DEOPT UNPACKING pc=0x000002a587645502 sp=0x000000f0f93fd180 mode 2
Event: 6.074 Thread 0x000002a5d4b9f020 Uncommon trap: trap_request=0xffffff66 fr.pc=0x000002a587b240a8 relative=0x0000000000000368
Event: 6.074 Thread 0x000002a5d4b9f020 Uncommon trap: reason=speculate_class_check action=maybe_recompile pc=0x000002a587b240a8 method=java.lang.String.<init>(Ljava/lang/AbstractStringBuilder;Ljava/lang/Void;)V @ 10 c2
Event: 6.074 Thread 0x000002a5d4b9f020 DEOPT PACKING pc=0x000002a587b240a8 sp=0x000000f0f93fe850
Event: 6.074 Thread 0x000002a5d4b9f020 DEOPT UNPACKING pc=0x000002a587645502 sp=0x000000f0f93fe820 mode 2
Event: 6.096 Thread 0x000002a5d4b353f0 Uncommon trap: trap_request=0xffffffde fr.pc=0x000002a587b2d9a8 relative=0x0000000000000c88
Event: 6.096 Thread 0x000002a5d4b353f0 Uncommon trap: reason=class_check action=maybe_recompile pc=0x000002a587b2d9a8 method=java.util.HashMap.putVal(ILjava/lang/Object;Ljava/lang/Object;ZZ)Ljava/lang/Object; @ 91 c2
Event: 6.096 Thread 0x000002a5d4b353f0 DEOPT PACKING pc=0x000002a587b2d9a8 sp=0x000000f0f92fe890
Event: 6.096 Thread 0x000002a5d4b353f0 DEOPT UNPACKING pc=0x000002a587645502 sp=0x000000f0f92fe830 mode 2
Event: 6.249 Thread 0x000002a5d4b722b0 Uncommon trap: trap_request=0xffffff6e fr.pc=0x000002a587b1f9e0 relative=0x00000000000003c0
Event: 6.249 Thread 0x000002a5d4b722b0 Uncommon trap: reason=loop_limit_check action=maybe_recompile pc=0x000002a587b1f9e0 method=java.lang.StringLatin1.indexOf([BI[BII)I @ 37 c2
Event: 6.249 Thread 0x000002a5d4b722b0 DEOPT PACKING pc=0x000002a587b1f9e0 sp=0x000000f0f8ffc620
Event: 6.249 Thread 0x000002a5d4b722b0 DEOPT UNPACKING pc=0x000002a587645502 sp=0x000000f0f8ffc5a8 mode 2

Classes loaded (20 events):
Event: 6.241 Loading class com/sun/org/apache/xerces/internal/parsers/AbstractSAXParser$LocatorProxy
Event: 6.241 Loading class org/xml/sax/ext/Locator2
Event: 6.242 Loading class org/xml/sax/Locator
Event: 6.242 Loading class org/xml/sax/Locator done
Event: 6.242 Loading class org/xml/sax/ext/Locator2 done
Event: 6.242 Loading class com/sun/org/apache/xerces/internal/parsers/AbstractSAXParser$LocatorProxy done
Event: 6.242 Loading class com/sun/org/apache/xerces/internal/impl/XMLScanner$NameType
Event: 6.242 Loading class com/sun/org/apache/xerces/internal/impl/XMLScanner$NameType done
Event: 6.244 Loading class com/sun/org/apache/xerces/internal/impl/Constants
Event: 6.245 Loading class com/sun/org/apache/xerces/internal/impl/Constants done
Event: 6.246 Loading class com/sun/org/apache/xerces/internal/impl/Constants$ArrayEnumeration
Event: 6.246 Loading class com/sun/org/apache/xerces/internal/impl/Constants$ArrayEnumeration done
Event: 6.247 Loading class javax/xml/catalog/CatalogEntry
Event: 6.248 Loading class javax/xml/catalog/CatalogEntry done
Event: 6.248 Loading class javax/xml/catalog/Normalizer
Event: 6.248 Loading class javax/xml/catalog/Normalizer done
Event: 6.249 Loading class javax/xml/catalog/CatalogReader$1
Event: 6.249 Loading class javax/xml/catalog/CatalogReader$1 done
Event: 6.249 Loading class javax/xml/catalog/SystemEntry
Event: 6.249 Loading class javax/xml/catalog/SystemEntry done

Classes unloaded (0 events):
No events

Classes redefined (0 events):
No events

Internal exceptions (20 events):
Event: 2.667 Thread 0x000002a5eeda66d0 Exception <a 'java/lang/NoSuchMethodError'{0x000000009733f2a8}: 'java.lang.Object java.lang.invoke.DirectMethodHandle$Holder.invokeInterface(java.lang.Object, java.lang.Object)'> (0x000000009733f2a8) 
thrown [s\open\src\hotspot\share\interpreter\linkResolver.cpp, line 805]
Event: 2.716 Thread 0x000002a5eeda66d0 Exception <a 'java/lang/NoSuchMethodError'{0x0000000097375b68}: 'int java.lang.invoke.DirectMethodHandle$Holder.invokeInterface(java.lang.Object, java.lang.Object)'> (0x0000000097375b68) 
thrown [s\open\src\hotspot\share\interpreter\linkResolver.cpp, line 805]
Event: 2.717 Thread 0x000002a5eeda66d0 Exception <a 'java/lang/IncompatibleClassChangeError'{0x000000009737d7e8}: Found class java.lang.Object, but interface was expected> (0x000000009737d7e8) 
thrown [s\open\src\hotspot\share\interpreter\linkResolver.cpp, line 872]
Event: 2.721 Thread 0x000002a5eeda66d0 Exception <a 'java/lang/NoSuchMethodError'{0x000000009738dbb8}: 'void java.lang.invoke.DirectMethodHandle$Holder.invokeStatic(java.lang.Object, java.lang.Object)'> (0x000000009738dbb8) 
thrown [s\open\src\hotspot\share\interpreter\linkResolver.cpp, line 805]
Event: 2.944 Thread 0x000002a5eeda66d0 Exception <a 'java/lang/NoSuchMethodError'{0x0000000097189a48}: 'java.lang.Object java.lang.invoke.DirectMethodHandle$Holder.invokeStaticInit(java.lang.Object, java.lang.Object, java.lang.Object)'> (0x0000000097189a48) 
thrown [s\open\src\hotspot\share\interpreter\linkResolver.cpp, line 805]
Event: 3.297 Thread 0x000002a5eeda66d0 Exception <a 'java/lang/NoSuchMethodError'{0x0000000096ec0d60}: 'void java.lang.invoke.DirectMethodHandle$Holder.invokeStatic(java.lang.Object, java.lang.Object, java.lang.Object)'> (0x0000000096ec0d60) 
thrown [s\open\src\hotspot\share\interpreter\linkResolver.cpp, line 805]
Event: 3.495 Thread 0x000002a5eeda66d0 Implicit null exception at 0x000002a587b15ebc to 0x000002a587b16a50
Event: 3.506 Thread 0x000002a5eeda66d0 Exception <a 'java/lang/NoSuchMethodError'{0x0000000096df6360}: 'long java.lang.invoke.DirectMethodHandle$Holder.invokeInterface(java.lang.Object, java.lang.Object)'> (0x0000000096df6360) 
thrown [s\open\src\hotspot\share\interpreter\linkResolver.cpp, line 805]
Event: 3.513 Thread 0x000002a5eeda66d0 Exception <a 'java/lang/NoSuchMethodError'{0x0000000096dfed28}: 'java.lang.Object java.lang.invoke.DirectMethodHandle$Holder.invokeStatic(java.lang.Object, long)'> (0x0000000096dfed28) 
thrown [s\open\src\hotspot\share\interpreter\linkResolver.cpp, line 805]
Event: 3.524 Thread 0x000002a5eeda66d0 Exception <a 'java/lang/NoSuchMethodError'{0x0000000096c0fab0}: 'long java.lang.invoke.DelegatingMethodHandle$Holder.reinvoke_L(java.lang.Object, java.lang.Object)'> (0x0000000096c0fab0) 
thrown [s\open\src\hotspot\share\interpreter\linkResolver.cpp, line 805]
Event: 3.641 Thread 0x000002a5eeda66d0 Exception <a 'java/lang/NoSuchMethodError'{0x0000000096cb6e60}: 'void java.lang.invoke.DirectMethodHandle$Holder.invokeStaticInit(java.lang.Object)'> (0x0000000096cb6e60) 
thrown [s\open\src\hotspot\share\interpreter\linkResolver.cpp, line 805]
Event: 3.728 Thread 0x000002a5eeda66d0 Implicit null exception at 0x000002a587b10456 to 0x000002a587b104f6
Event: 3.840 Thread 0x000002a5eeda66d0 Exception <a 'java/lang/NoSuchMethodError'{0x0000000096a55ae8}: 'int java.lang.invoke.DirectMethodHandle$Holder.invokeSpecial(java.lang.Object, java.lang.Object, int)'> (0x0000000096a55ae8) 
thrown [s\open\src\hotspot\share\interpreter\linkResolver.cpp, line 805]
Event: 4.053 Thread 0x000002a5eeda66d0 Exception <a 'java/lang/NoSuchMethodError'{0x00000000964a3ff0}: 'int java.lang.invoke.DirectMethodHandle$Holder.invokeStaticInit(java.lang.Object, java.lang.Object)'> (0x00000000964a3ff0) 
thrown [s\open\src\hotspot\share\interpreter\linkResolver.cpp, line 805]
Event: 4.057 Thread 0x000002a5eeda66d0 Exception <a 'java/lang/NoSuchMethodError'{0x00000000964b3248}: 'void java.lang.invoke.DirectMethodHandle$Holder.invokeStaticInit(java.lang.Object, java.lang.Object, java.lang.Object)'> (0x00000000964b3248) 
thrown [s\open\src\hotspot\share\interpreter\linkResolver.cpp, line 805]
Event: 4.100 Thread 0x000002a5eeda66d0 Exception <a 'java/lang/NoSuchMethodError'{0x0000000097f1b8a8}: 'void java.lang.invoke.DirectMethodHandle$Holder.invokeInterface(java.lang.Object, java.lang.Object, java.lang.Object)'> (0x0000000097f1b8a8) 
thrown [s\open\src\hotspot\share\interpreter\linkResolver.cpp, line 805]
Event: 4.960 Thread 0x000002a5eeda66d0 Exception <a 'java/lang/NoSuchMethodError'{0x0000000097c6c210}: 'java.lang.Object java.lang.invoke.DirectMethodHandle$Holder.invokeStaticInit(java.lang.Object, int, int, int, int)'> (0x0000000097c6c210) 
thrown [s\open\src\hotspot\share\interpreter\linkResolver.cpp, line 805]
Event: 5.468 Thread 0x000002a5eeda66d0 Exception <a 'java/lang/NoSuchMethodError'{0x0000000097bac878}: 'java.lang.Object java.lang.invoke.DirectMethodHandle$Holder.invokeStaticInit(java.lang.Object, java.lang.Object, int, int, int, int)'> (0x0000000097bac878) 
thrown [s\open\src\hotspot\share\interpreter\linkResolver.cpp, line 805]
Event: 5.622 Thread 0x000002a5eeda66d0 Exception <a 'java/lang/NoSuchMethodError'{0x0000000097bbf998}: 'void java.lang.invoke.DirectMethodHandle$Holder.invokeInterface(java.lang.Object, java.lang.Object)'> (0x0000000097bbf998) 
thrown [s\open\src\hotspot\share\interpreter\linkResolver.cpp, line 805]
Event: 5.943 Thread 0x000002a5d4b9f020 Exception <a 'java/lang/NoSuchMethodError'{0x00000000978d5380}: 'void java.lang.invoke.DirectMethodHandle$Holder.invokeSpecial(java.lang.Object, java.lang.Object, int)'> (0x00000000978d5380) 
thrown [s\open\src\hotspot\share\interpreter\linkResolver.cpp, line 805]

VM Operations (16 events):
Event: 2.326 Executing VM operation: HandshakeAllThreads (Deoptimize)
Event: 2.326 Executing VM operation: HandshakeAllThreads (Deoptimize) done
Event: 2.728 Executing VM operation: HandshakeAllThreads (Deoptimize)
Event: 2.728 Executing VM operation: HandshakeAllThreads (Deoptimize) done
Event: 3.585 Executing VM operation: HandshakeAllThreads (Deoptimize)
Event: 3.585 Executing VM operation: HandshakeAllThreads (Deoptimize) done
Event: 4.026 Executing VM operation: HandshakeAllThreads (Deoptimize)
Event: 4.026 Executing VM operation: HandshakeAllThreads (Deoptimize) done
Event: 4.076 Executing VM operation: G1CollectForAllocation (G1 Evacuation Pause)
Event: 4.086 Executing VM operation: G1CollectForAllocation (G1 Evacuation Pause) done
Event: 4.345 Executing VM operation: HandshakeAllThreads (Deoptimize)
Event: 4.345 Executing VM operation: HandshakeAllThreads (Deoptimize) done
Event: 4.711 Executing VM operation: HandshakeAllThreads (Deoptimize)
Event: 4.711 Executing VM operation: HandshakeAllThreads (Deoptimize) done
Event: 6.233 Executing VM operation: HandshakeAllThreads (Deoptimize)
Event: 6.233 Executing VM operation: HandshakeAllThreads (Deoptimize) done

Memory protections (0 events):
No events

Nmethod flushes (0 events):
No events

Events (20 events):
Event: 0.597 Thread 0x000002a5eeda66d0 Thread added: 0x000002a5fe0ab640
Event: 0.597 Thread 0x000002a5eeda66d0 Thread added: 0x000002a5fe0acea0
Event: 0.597 Thread 0x000002a5eeda66d0 Thread added: 0x000002a5fe0bea60
Event: 0.610 Thread 0x000002a5eeda66d0 Thread added: 0x000002a5fe12d180
Event: 0.615 Thread 0x000002a5eeda66d0 Thread added: 0x000002a5fe12e4e0
Event: 0.655 Thread 0x000002a5fe0acea0 Thread added: 0x000002a5d40e75d0
Event: 0.811 Thread 0x000002a5d40e75d0 Thread exited: 0x000002a5d40e75d0
Event: 3.156 Thread 0x000002a5fe0bea60 Thread added: 0x000002a5d4b169d0
Event: 3.542 Thread 0x000002a5d4b169d0 Thread exited: 0x000002a5d4b169d0
Event: 4.036 Thread 0x000002a5eeda66d0 Thread added: 0x000002a5d4b71b70
Event: 4.037 Thread 0x000002a5eeda66d0 Thread added: 0x000002a5d4b722b0
Event: 4.037 Thread 0x000002a5eeda66d0 Thread added: 0x000002a5d4b729f0
Event: 4.037 Thread 0x000002a5eeda66d0 Thread added: 0x000002a5d4b34cb0
Event: 4.037 Thread 0x000002a5eeda66d0 Thread added: 0x000002a5d4b353f0
Event: 4.037 Thread 0x000002a5eeda66d0 Thread added: 0x000002a5d4b9f020
Event: 4.037 Thread 0x000002a5eeda66d0 Thread added: 0x000002a5d4b9f760
Event: 4.037 Thread 0x000002a5eeda66d0 Thread added: 0x000002a5d4ba2ad0
Event: 5.650 Thread 0x000002a5eeda66d0 Thread exited: 0x000002a5eeda66d0
Event: 5.650 Thread 0x000002a5d4ba3220 Thread added: 0x000002a5d4ba3220
Event: 5.704 Thread 0x000002a5d4b34cb0 Thread added: 0x000002a5d4b9fef0


Dynamic libraries:
0x00007ff73b220000 - 0x00007ff73b230000 	C:\Program Files\Java\jdk-24\bin\java.exe
0x00007ffd601e0000 - 0x00007ffd603e9000 	C:\Windows\SYSTEM32\ntdll.dll
0x00007ffd5ef60000 - 0x00007ffd5f01d000 	C:\Windows\System32\KERNEL32.DLL
0x00007ffd5d8c0000 - 0x00007ffd5dc44000 	C:\Windows\System32\KERNELBASE.dll
0x00007ffd5dee0000 - 0x00007ffd5dff1000 	C:\Windows\System32\ucrtbase.dll
0x00007ffd2d060000 - 0x00007ffd2d076000 	C:\Program Files\Java\jdk-24\bin\jli.dll
0x00007ffd33c80000 - 0x00007ffd33c9b000 	C:\Program Files\Java\jdk-24\bin\VCRUNTIME140.dll
0x00007ffd5e070000 - 0x00007ffd5e21d000 	C:\Windows\System32\USER32.dll
0x00007ffd5e000000 - 0x00007ffd5e026000 	C:\Windows\System32\win32u.dll
0x00007ffd5e040000 - 0x00007ffd5e06a000 	C:\Windows\System32\GDI32.dll
0x00007ffd4cd50000 - 0x00007ffd4cff5000 	C:\Windows\WinSxS\amd64_microsoft.windows.common-controls_6595b64144ccf1df_6.0.22000.120_none_9d947278b86cc467\COMCTL32.dll
0x00007ffd5d7a0000 - 0x00007ffd5d8be000 	C:\Windows\System32\gdi32full.dll
0x00007ffd5de40000 - 0x00007ffd5dedd000 	C:\Windows\System32\msvcp_win.dll
0x00007ffd5fc00000 - 0x00007ffd5fca3000 	C:\Windows\System32\msvcrt.dll
0x00007ffd5e360000 - 0x00007ffd5e391000 	C:\Windows\System32\IMM32.DLL
0x00007ffd55040000 - 0x00007ffd5504c000 	C:\Program Files\Java\jdk-24\bin\vcruntime140_1.dll
0x00007ffd2cfd0000 - 0x00007ffd2d05e000 	C:\Program Files\Java\jdk-24\bin\msvcp140.dll
0x00007ffced470000 - 0x00007ffcee212000 	C:\Program Files\Java\jdk-24\bin\server\jvm.dll
0x00007ffd5f180000 - 0x00007ffd5f22e000 	C:\Windows\System32\ADVAPI32.dll
0x00007ffd5f240000 - 0x00007ffd5f2de000 	C:\Windows\System32\sechost.dll
0x00007ffd5e400000 - 0x00007ffd5e521000 	C:\Windows\System32\RPCRT4.dll
0x00007ffd5f020000 - 0x00007ffd5f08f000 	C:\Windows\System32\WS2_32.dll
0x00007ffd54fa0000 - 0x00007ffd54fd3000 	C:\Windows\SYSTEM32\WINMM.dll
0x00007ffd54990000 - 0x00007ffd5499a000 	C:\Windows\SYSTEM32\VERSION.dll
0x00007ffd5d390000 - 0x00007ffd5d3dd000 	C:\Windows\SYSTEM32\POWRPROF.dll
0x00007ffd5d0f0000 - 0x00007ffd5d103000 	C:\Windows\SYSTEM32\UMPDC.dll
0x00007ffd5c6e0000 - 0x00007ffd5c6f8000 	C:\Windows\SYSTEM32\kernel.appcore.dll
0x00007ffd411a0000 - 0x00007ffd411aa000 	C:\Program Files\Java\jdk-24\bin\jimage.dll
0x00007ffd3cf50000 - 0x00007ffd3d171000 	C:\Windows\SYSTEM32\DBGHELP.DLL
0x00007ffd4b530000 - 0x00007ffd4b561000 	C:\Windows\SYSTEM32\dbgcore.DLL
0x00007ffd5ddc0000 - 0x00007ffd5de3f000 	C:\Windows\System32\bcryptPrimitives.dll
0x00007ffd2cfb0000 - 0x00007ffd2cfce000 	C:\Program Files\Java\jdk-24\bin\java.dll
0x00007ffd5f6e0000 - 0x00007ffd5f87a000 	C:\Windows\System32\ole32.dll
0x00007ffd5f2f0000 - 0x00007ffd5f666000 	C:\Windows\System32\combase.dll
0x00007ffd5e6f0000 - 0x00007ffd5eeb5000 	C:\Windows\System32\SHELL32.dll
0x00007ffd5b740000 - 0x00007ffd5bfa2000 	C:\Windows\SYSTEM32\windows.storage.dll
0x00007ffd5b5d0000 - 0x00007ffd5b737000 	C:\Windows\SYSTEM32\wintypes.dll
0x00007ffd5f930000 - 0x00007ffd5fa1a000 	C:\Windows\System32\SHCORE.dll
0x00007ffd5f680000 - 0x00007ffd5f6dd000 	C:\Windows\System32\shlwapi.dll
0x00007ffd5d5a0000 - 0x00007ffd5d5c5000 	C:\Windows\SYSTEM32\profapi.dll
0x00007ffd0ae50000 - 0x00007ffd0af27000 	C:\Program Files\Java\jdk-24\bin\jsvml.dll
0x00007ffd3eec0000 - 0x00007ffd3eed0000 	C:\Program Files\Java\jdk-24\bin\net.dll
0x00007ffd5cb90000 - 0x00007ffd5cbf7000 	C:\Windows\system32\mswsock.dll
0x00007ffd2cf90000 - 0x00007ffd2cfa6000 	C:\Program Files\Java\jdk-24\bin\nio.dll
0x00007ffd29d20000 - 0x00007ffd29d37000 	C:\Program Files\Java\jdk-24\bin\zip.dll
0x00007ffd38010000 - 0x00007ffd38020000 	C:\Program Files\Java\jdk-24\bin\verify.dll
0x00007ffd37a20000 - 0x00007ffd37a2a000 	C:\Program Files\Java\jdk-24\bin\management.dll
0x00007ffd37340000 - 0x00007ffd3734b000 	C:\Program Files\Java\jdk-24\bin\management_ext.dll
0x00007ffd5f230000 - 0x00007ffd5f238000 	C:\Windows\System32\PSAPI.DLL
0x00007ffd37f70000 - 0x00007ffd37f87000 	C:\Windows\system32\napinsp.dll
0x00007ffd45000000 - 0x00007ffd4501b000 	C:\Windows\system32\pnrpnsp.dll
0x00007ffd5c230000 - 0x00007ffd5c317000 	C:\Windows\SYSTEM32\DNSAPI.dll
0x00007ffd5c200000 - 0x00007ffd5c22d000 	C:\Windows\SYSTEM32\IPHLPAPI.DLL
0x00007ffd5f2e0000 - 0x00007ffd5f2e9000 	C:\Windows\System32\NSI.dll
0x00007ffd38060000 - 0x00007ffd38072000 	C:\Windows\System32\winrnr.dll
0x00007ffd54850000 - 0x00007ffd54865000 	C:\Windows\system32\wshbth.dll
0x00007ffd45020000 - 0x00007ffd4503f000 	C:\Windows\system32\nlansp_c.dll
0x00007ffd53150000 - 0x00007ffd5315a000 	C:\Windows\System32\rasadhlp.dll
0x00007ffd54700000 - 0x00007ffd54781000 	C:\Windows\System32\fwpuclnt.dll
0x00007ffd36700000 - 0x00007ffd36709000 	C:\Program Files\Java\jdk-24\bin\extnet.dll
0x00007ffd34310000 - 0x00007ffd3431e000 	C:\Program Files\Java\jdk-24\bin\sunmscapi.dll
0x00007ffd5dc50000 - 0x00007ffd5ddb2000 	C:\Windows\System32\CRYPT32.dll
0x00007ffd5cf90000 - 0x00007ffd5cfb8000 	C:\Windows\SYSTEM32\ncrypt.dll
0x00007ffd5cf50000 - 0x00007ffd5cf87000 	C:\Windows\SYSTEM32\NTASN1.dll
0x00007ffd54e00000 - 0x00007ffd54e08000 	C:\Windows\system32\wshunix.dll
0x00007ffd5ce40000 - 0x00007ffd5ce58000 	C:\Windows\SYSTEM32\CRYPTSP.dll
0x00007ffd5c640000 - 0x00007ffd5c675000 	C:\Windows\system32\rsaenh.dll
0x00007ffd5ccf0000 - 0x00007ffd5cd1c000 	C:\Windows\SYSTEM32\USERENV.dll
0x00007ffd5cfc0000 - 0x00007ffd5cfe7000 	C:\Windows\SYSTEM32\bcrypt.dll
0x00007ffd5ce60000 - 0x00007ffd5ce6c000 	C:\Windows\SYSTEM32\CRYPTBASE.dll

JVMTI agents: none

dbghelp: loaded successfully - version: 4.0.5 - missing functions: none
symbol engine: initialized successfully - sym options: 0x614 - pdb path: .;C:\Program Files\Java\jdk-24\bin;C:\Windows\SYSTEM32;C:\Windows\WinSxS\amd64_microsoft.windows.common-controls_6595b64144ccf1df_6.0.22000.120_none_9d947278b86cc467;C:\Program Files\Java\jdk-24\bin\server

VM Arguments:
jvm_args: -Dfile.encoding=UTF-8 -Dsikuli.Debug=0 
java_command: C:\Users\UK-PC\Desktop\AI driven cargo-wise automation framework\venv\Lib\site-packages\SikuliLibrary\lib\SikuliLibrary.jar 61884 C:\Users\UK-PC\AppData\Local\Temp\tmpa8qp0t7m
java_class_path (initial): C:\Users\UK-PC\Desktop\AI driven cargo-wise automation framework\venv\Lib\site-packages\SikuliLibrary\lib\SikuliLibrary.jar
Launcher Type: SUN_STANDARD

[Global flags]
     intx CICompilerCount                          = 3                                         {product} {ergonomic}
     uint ConcGCThreads                            = 1                                         {product} {ergonomic}
     uint G1ConcRefinementThreads                  = 4                                         {product} {ergonomic}
   size_t G1HeapRegionSize                         = 1048576                                   {product} {ergonomic}
   size_t InitialHeapSize                          = 117440512                                 {product} {ergonomic}
   size_t MarkStackSize                            = 4194304                                   {product} {ergonomic}
   size_t MarkStackSizeMax                         = 536870912                                 {product} {ergonomic}
   size_t MaxHeapSize                              = 1862270976                                {product} {ergonomic}
   size_t MaxNewSize                               = 1116733440                                {product} {ergonomic}
   size_t MinHeapDeltaBytes                        = 1048576                                   {product} {ergonomic}
   size_t MinHeapSize                              = 8388608                                   {product} {ergonomic}
    uintx NonNMethodCodeHeapSize                   = 5832704                                {pd product} {ergonomic}
    uintx NonProfiledCodeHeapSize                  = 122945536                              {pd product} {ergonomic}
    uintx ProfiledCodeHeapSize                     = 122880000                              {pd product} {ergonomic}
    uintx ReservedCodeCacheSize                    = 251658240                              {pd product} {ergonomic}
     bool SegmentedCodeCache                       = true                                      {product} {ergonomic}
   size_t SoftMaxHeapSize                          = 1862270976                             {manageable} {ergonomic}
     bool UseCompressedOops                        = true                           {product lp64_product} {ergonomic}
     bool UseG1GC                                  = true                                      {product} {ergonomic}
     bool UseLargePagesIndividualAllocation        = false                                  {pd product} {ergonomic}

Logging:
Log output configuration:
 #0: stdout all=warning uptime,level,tags foldmultilines=false
 #1: stderr all=off uptime,level,tags foldmultilines=false

Environment Variables:
JAVA_HOME=C:\Program Files\Java\jdk-24
JAVA_TOOL_OPTIONS=-Dfile.encoding=UTF-8 -Dsikuli.Debug=0
PATH=C:\Users\UK-PC\Desktop\AI driven cargo-wise automation framework\venv\Scripts;C:\Program Files\Java\jdk-24\bin;C:\Program Files\Java\jdk-24\bin;C:\Program Files\Common Files\Oracle\Java\javapath;C:\Program Files\FireDaemon OpenSSL 3\bin\;C:\Windows\system32;C:\Windows;C:\Windows\System32\Wbem;C:\Windows\System32\WindowsPowerShell\v1.0\;C:\Windows\System32\OpenSSH\;C:\Program Files\Git\cmd;C:\ProgramData\chocolatey\bin;C:\Program Files\nodejs\;C:\Users\UK-PC\AppData\Local\Packages\PythonSoftwareFoundation.Python.3.13_qbz5n2kfra8p0\LocalCache\local-packages\Python313\Scripts;C:\Users\UK-PC\AppData\Local\Packages\PythonSoftwareFoundation.Python.3.13_qbz5n2kfra8p0\LocalCache\local-packages\Python313\Scripts;C:\Program Files\Docker\Docker\resources\bin;C:\Program Files\OpenRPA\;C:\Python311\Scripts\;C:\Python311\;C:\Users\UK-PC\AppData\Local\Programs\Python\Python313\Scripts\;C:\Users\UK-PC\AppData\Local\Programs\Python\Python313\;C:\Users\UK-PC\AppData\Local\Programs\Python\Launcher\;C:\Users\UK-PC\AppData\Local\Google\Chrome\Application;C:\Program Files\FireDaemon OpenSSL 3\bin\;C:\Windows\system32;C:\Windows;C:\Windows\System32\Wbem;C:\Windows\System32\WindowsPowerShell\v1.0\;C:\Windows\System32\OpenSSH\;C:\Program Files\Git\cmd;C:\ProgramData\chocolatey\bin;C:\Program Files\nodejs\;C:\Users\UK-PC\AppData\Local\Microsoft\WindowsApps;C:\Users\UK-PC\AppData\Local\Programs\Microsoft VS Code\bin;C:\Users\UK-PC\AppData\Roaming\npm;C:\Users\UK-PC\AppData\Local\Programs\Trae\bin;c:\Users\UK-PC\AppData\Local\Programs\Trae\bin;C:\Users\UK-PC\AppData\Local\Packages\PythonSoftwareFoundation.Python.3.13_qbz5n2kfra8p0\LocalCache\local-packages\Python313\Scripts;C:\Users\UK-PC\AppData\Local\Packages\PythonSoftwareFoundation.Python.3.13_qbz5n2kfra8p0\LocalCache\local-packages\Python313\Scripts;C:\Users\UK-PC\AppData\Local\Programs\Python\Python312\;C:\Users\UK-PC\AppData\Local\Programs\Python\Python312\Scripts\;C:\Users\UK-PC\AppData\Local\reflex\bun\bin;
USERNAME=UK-PC
LANG=en_US.UTF-8
OS=Windows_NT
PROCESSOR_IDENTIFIER=AMD64 Family 21 Model 101 Stepping 1, AuthenticAMD
TMP=C:\Users\UK-PC\AppData\Local\Temp
TEMP=C:\Users\UK-PC\AppData\Local\Temp




Periodic native trim disabled

---------------  S Y S T E M  ---------------

OS:
 Windows 11 , 64 bit Build 22000 (10.0.22000.2538)
OS uptime: 0 days 4:06 hours
Hyper-V role detected

CPU: total 4 (initial active 4) (4 cores per cpu, 1 threads per core) family 21 model 101 stepping 1 microcode 0x0, cx8, cmov, fxsr, mmx, 3dnowpref, sse, sse2, sse3, ssse3, sse4a, sse4.1, sse4.2, popcnt, lzcnt, tsc, tscinvbit, avx, avx2, aes, clmul, bmi1, bmi2, fma, vzeroupper, clflush, hv, rdtscp, f16c
Processor Information for the first 4 processors :
  Max Mhz: 2400, Current Mhz: 2400, Mhz Limit: 2400

Memory: 4k page, system-wide physical 7098M (615M free)
TotalPageFile size 22279M (AvailPageFile size 43M)
current process WorkingSet (physical memory assigned to process): 94M, peak: 94M
current process commit charge ("private bytes"): 209M, peak: 210M

vm_info: Java HotSpot(TM) 64-Bit Server VM (24.0.1+9-30) for windows-amd64 JRE (24.0.1+9-30), built on 2025-03-05T07:23:45Z with MS VC++ 17.6 (VS2022)

END.
