#
# A fatal error has been detected by the Java Runtime Environment:
#
#  EXCEPTION_STACK_OVERFLOW (0xc00000fd) at pc=0x00007ffced88c573, pid=14032, tid=22464
#
# JRE version: Java(TM) SE Runtime Environment (24.0.1+9) (build 24.0.1+9-30)
# Java VM: Java HotSpot(TM) 64-Bit Server VM (24.0.1+9-30, mixed mode, sharing, tiered, compressed oops, compressed class ptrs, g1 gc, windows-amd64)
# Problematic frame:
# V  [jvm.dll+0x41c573]
#
# No core dump will be written. Minidumps are not enabled by default on client versions of Windows
#
# If you would like to submit a bug report, please visit:
#   https://bugreport.java.com/bugreport/crash.jsp
#

---------------  S U M M A R Y ------------

Command Line: -Dfile.encoding=UTF-8 -Dsikuli.Debug=0 C:\Users\UK-PC\Desktop\AI driven cargo-wise automation framework\venv\Lib\site-packages\SikuliLibrary\lib\SikuliLibrary.jar 57918 C:\Users\UK-PC\AppData\Local\Temp\tmptcmuhiux

Host: AMD PRO A10-8730B R5, 10 COMPUTE CORES 4C+6G   , 4 cores, 6G,  Windows 11 , 64 bit Build 22000 (10.0.22000.2538)
Time: Wed Aug 20 02:33:40 2025 W. Central Africa Standard Time elapsed time: 5053.448927 seconds (0d 1h 24m 13s)

---------------  T H R E A D  ---------------

Current thread (0x000001f9d4b761c0):  JavaThread "AWT-Shutdown"        [_thread_in_vm, id=22464, stack(0x0000009fe2b00000,0x0000009fe2c00000) (1024K)]

Stack: [0x0000009fe2b00000,0x0000009fe2c00000],  sp=0x0000009fe2bff890,  free space=1022k
Native frames: (J=compiled Java code, j=interpreted, Vv=VM code, C=native code)
V  [jvm.dll+0x41c573]  (no source info available)
V  [jvm.dll+0x730652]  (no source info available)
V  [jvm.dll+0x41d2ac]  (no source info available)
V  [jvm.dll+0x41d537]  (no source info available)
V  [jvm.dll+0x4b6e92]  (no source info available)
V  [jvm.dll+0x42f456]  (no source info available)
V  [jvm.dll+0x87d76b]  (no source info available)
V  [jvm.dll+0x72ee55]  (no source info available)
C  [ucrtbase.dll+0x26c0c]  (no source info available)
C  [KERNEL32.DLL+0x153e0]  (no source info available)
C  [ntdll.dll+0x485b]  (no source info available)


siginfo: EXCEPTION_STACK_OVERFLOW (0xc00000fd), ExceptionInformation=0x0000000000000001 0x0000009fe2bfa890 


Registers:
RAX=0x0000000000000004, RBX=0x000001f9d4b761c0, RCX=0x0000009fe2bfa890, RDX=0x0000000000000000
RSP=0x0000009fe2bff890, RBP=0x0000009fe2bff990, RSI=0x0000009fe2bffbf0, RDI=0x0000009fe2bffb20
R8 =0x0000000000001000, R9 =0x0000000000000193, R10=0x0000000000000000, R11=0x0000009fe2bffbf0
R12=0x0000009fe2bffbf0, R13=0x0000009fe2bffa50, R14=0x000001f9d4a2ca10, R15=0x0000009fe2bff890
RIP=0x00007ffced88c573, EFLAGS=0x0000000000010206

XMM[0]=0x0000000000000000 0x0000000000000000
XMM[1]=0x0000000000000000 0x0000000000000000
XMM[2]=0x0000000000000000 0x0000000000000000
XMM[3]=0x0000000000000000 0x0000000000000000
XMM[4]=0x0000000000000000 0x0000000000000000
XMM[5]=0x0000000000000000 0x0000000000000000
XMM[6]=0x0000000000000000 0x0000000000000000
XMM[7]=0x0000000000000000 0x0000000000000000
XMM[8]=0x0000000000000000 0x0000000000000000
XMM[9]=0x0000000000000000 0x0000000000000000
XMM[10]=0x0000000000000000 0x0000000000000000
XMM[11]=0x0000000000000000 0x0000000000000000
XMM[12]=0x0000000000000000 0x0000000000000000
XMM[13]=0x0000000000000000 0x0000000000000000
XMM[14]=0x0000000000000000 0x0000000000000000
XMM[15]=0x0000000000000000 0x0000000000000000
  MXCSR=0x00001fa0


Register to memory mapping:

RAX=0x0000000000000004 is an unknown value
RBX=0x000001f9d4b761c0 is a thread
RCX=0x0000009fe2bfa890 is pointing into the stack for thread: 0x000001f9d4b761c0
RDX=0x0 is null
RSP=0x0000009fe2bff890 is pointing into the stack for thread: 0x000001f9d4b761c0
RBP=0x0000009fe2bff990 is pointing into the stack for thread: 0x000001f9d4b761c0
RSI=0x0000009fe2bffbf0 is pointing into the stack for thread: 0x000001f9d4b761c0
RDI=0x0000009fe2bffb20 is pointing into the stack for thread: 0x000001f9d4b761c0
R8 =0x0000000000001000 is an unknown value
R9 =0x0000000000000193 is an unknown value
R10=0x0 is null
R11=0x0000009fe2bffbf0 is pointing into the stack for thread: 0x000001f9d4b761c0
R12=0x0000009fe2bffbf0 is pointing into the stack for thread: 0x000001f9d4b761c0
R13=0x0000009fe2bffa50 is pointing into the stack for thread: 0x000001f9d4b761c0
R14=0x000001f9d4a2ca10 points into unknown readable memory: 0x000000009607af68 | 68 af 07 96 00 00 00 00
R15=0x0000009fe2bff890 is pointing into the stack for thread: 0x000001f9d4b761c0

Top of Stack: (sp=0x0000009fe2bff890)
0x0000009fe2bff890:   000001f9d4b761c0 0000009fe2bffbf0   .a..............
0x0000009fe2bff8a0:   000001f98f1738c0 00007ffced6dad68   .8......h.m.....
0x0000009fe2bff8b0:   0000000000000020 000001f9d4a2ca10    ...............
0x0000009fe2bff8c0:   000001f9e9c234a0 00007ffcedaa5876   .4......vX......
0x0000009fe2bff8d0:   0000009fe2bff978 00007ffced6db375   x.......u.m.....
0x0000009fe2bff8e0:   0000009fe2bff8d0 00007ffd5dfdf4f8   ...........]....
0x0000009fe2bff8f0:   0000009fe2bffc18 000001f9d4b761c0   .........a......
0x0000009fe2bff900:   0000009fe2bffaa0 0000000000000000   ................
0x0000009fe2bff910:   0000e586ffe8baa6 00007ffced8db0f3   ................
0x0000009fe2bff920:   0000000000000001 0000000000000008   ................
0x0000009fe2bff930:   0000009fe2bffaa0 00007ffceda9dc03   ................
0x0000009fe2bff940:   000001f98f1738c0 000001f9d4b761c0   .8.......a......
0x0000009fe2bff950:   000001f9d4b761c0 0000000000000030   .a......0.......
0x0000009fe2bff960:   000001f9d4a22ab0 0000000000000000   .*..............
0x0000009fe2bff970:   000001f98f1738c0 000001f98f1738c0   .8.......8......
0x0000009fe2bff980:   000001f9d4b761c0 000001f98f1738c0   .a.......8......
0x0000009fe2bff990:   000001f9d4b761c0 000001f9d4b761c0   .a.......a......
0x0000009fe2bff9a0:   0000000000000000 0000000000000000   ................
0x0000009fe2bff9b0:   0000000000000000 000001f9d4ba7018   .........p......
0x0000009fe2bff9c0:   0000000000000000 0000000000000000   ................
0x0000009fe2bff9d0:   0000009fe2bffb20 0000009fe2bffbf0    ...............
0x0000009fe2bff9e0:   0000009fe2bffa99 00007ffcedba0652   ........R.......
0x0000009fe2bff9f0:   00007ffced88c340 000001f9d4b761c0   @........a......
0x0000009fe2bffa00:   000001f98f173800 000001f90000000a   .8..............
0x0000009fe2bffa10:   000001f9d4b761c0 00007ffced88d2ac   .a..............
0x0000009fe2bffa20:   000001f9d4b761c0 000001f9d4b761c0   .a.......a......
0x0000009fe2bffa30:   0000009fe2bffbf0 0000009fe2bffb20   ........ .......
0x0000009fe2bffa40:   000001f9d4b761c0 000001f98f1738c0   .a.......8......
0x0000009fe2bffa50:   000001f98f1738c0 000001f9d4b761c0   .8.......a......
0x0000009fe2bffa60:   000001f98f4a3a48 000001f98f4a63a0   H:J......cJ.....
0x0000009fe2bffa70:   000001f98f1733d8 0000000000000000   .3..............
0x0000009fe2bffa80:   0000000000000000 0000000000000000   ................

Instructions: (pc=0x00007ffced88c573)
  0x00007ffced88c473:   00 00 48 8b d3 49 8b cd e8 c0 ee e4 ff 4c 39 7b
  0x00007ffced88c483:   08 0f 85 ac 00 00 00 41 0f b6 14 24 8d 42 fc 83
  0x00007ffced88c493:   f8 0a 0f 87 14 05 00 00 4c 8d 05 5e 3b be ff 48
  0x00007ffced88c4a3:   98 41 8b 8c 80 ac ca 41 00 49 03 c8 ff e1 c7 45
  0x00007ffced88c4b3:   78 0a 00 00 00 eb 19 c7 45 78 0b 00 00 00 eb 10
  0x00007ffced88c4c3:   c7 45 78 06 00 00 00 eb 07 c7 45 78 07 00 00 00
  0x00007ffced88c4d3:   49 8b 45 00 41 2a d6 80 fa 01 0f 96 45 70 8b 48
  0x00007ffced88c4e3:   28 c1 e9 03 f6 c1 01 75 09 48 8b 47 58 4c 8b 30
  0x00007ffced88c4f3:   eb 03 4d 8b f7 48 8d 8b d0 04 00 00 e8 0c 44 3a
  0x00007ffced88c503:   00 e8 d7 3d 31 00 4c 8b c0 49 8b d5 48 8b cb 4c
  0x00007ffced88c513:   8b f8 e8 66 77 30 00 84 c0 75 33 4d 8b cd 48 8d
  0x00007ffced88c523:   15 20 5c 63 00 41 b8 75 01 00 00 48 8b cb e8 3a
  0x00007ffced88c533:   bf f1 ff 48 8b 9c 24 60 01 00 00 48 81 c4 20 01
  0x00007ffced88c543:   00 00 41 5f 41 5e 41 5d 41 5c 5f 5e 5d c3 4c 8b
  0x00007ffced88c553:   05 f8 8e 8a 00 33 d2 48 8b 05 37 e0 8a 00 49 8b
  0x00007ffced88c563:   cf 49 f7 f0 48 83 f8 01 72 0f 0f 1f 00 49 2b c8
=>0x00007ffced88c573:   c6 01 00 48 83 e8 01 75 f4 65 48 8b 04 25 58 00
  0x00007ffced88c583:   00 00 8b 0d 61 63 8d 00 48 8b 34 c8 b8 48 00 00
  0x00007ffced88c593:   00 80 3c 30 00 75 05 e8 d9 9f 53 00 b8 20 00 00
  0x00007ffced88c5a3:   00 48 8b cb 48 8b 04 30 4c 89 b8 f0 04 00 00 45
  0x00007ffced88c5b3:   33 ff 48 8b 03 4c 89 7c 24 60 4c 89 7c 24 70 4c
  0x00007ffced88c5c3:   89 7c 24 68 ff 50 30 84 c0 0f 84 85 04 00 00 48
  0x00007ffced88c5d3:   8b 03 48 8b cb ff 90 90 00 00 00 84 c0 0f 84 9b
  0x00007ffced88c5e3:   04 00 00 33 d2 4c 89 64 24 78 48 8b cb e8 cb 64
  0x00007ffced88c5f3:   09 00 48 8b cb 48 8b f0 e8 00 b0 f1 ff 48 8b 4b
  0x00007ffced88c603:   28 f6 c1 01 74 0f 41 b0 01 48 8b cb 41 0f b6 d0
  0x00007ffced88c613:   e8 38 97 37 00 8b 83 50 04 00 00 a8 0c 74 08 48
  0x00007ffced88c623:   8b cb e8 c6 0a 01 00 c7 83 54 04 00 00 08 00 00
  0x00007ffced88c633:   00 49 8b 45 00 48 89 44 24 50 4d 85 f6 75 07 4c
  0x00007ffced88c643:   89 7c 24 58 eb 08 49 8b 06 48 89 44 24 58 48 8b
  0x00007ffced88c653:   4c 24 60 48 89 5c 24 40 48 8b 83 38 04 00 00 48
  0x00007ffced88c663:   89 44 24 48 48 8b 83 a8 03 00 00 48 3b c8 74 05


Stack slot to memory mapping:

stack at sp + 0 slots: 0x000001f9d4b761c0 is a thread
stack at sp + 1 slots: 0x0000009fe2bffbf0 is pointing into the stack for thread: 0x000001f9d4b761c0
stack at sp + 2 slots: {method} {0x000001f98f1738c8} 'run' '()V' in 'java/lang/Thread'
stack at sp + 3 slots: 0x00007ffced6dad68 jvm.dll
stack at sp + 4 slots: 0x0000000000000020 is an unknown value
stack at sp + 5 slots: 0x000001f9d4a2ca10 points into unknown readable memory: 0x000000009607af68 | 68 af 07 96 00 00 00 00
stack at sp + 6 slots: 0x000001f9e9c234a0 points into unknown readable memory: 0x00007ffcedef5f50 | 50 5f ef ed fc 7f 00 00
stack at sp + 7 slots: 0x00007ffcedaa5876 jvm.dll

Lock stack of current Java thread (top to bottom):


---------------  P R O C E S S  ---------------

Threads class SMR info:
_java_thread_list=0x000001f9d4578700, length=23, elements={
0x000001f9f8e565e0, 0x000001f9f8e573d0, 0x000001f9f8e5c870, 0x000001f9f8e5d3a0,
0x000001f9f8e5fee0, 0x000001f9f8e60b40, 0x000001f9f8e762d0, 0x000001f9f8e808f0,
0x000001f9d40367b0, 0x000001f9d4050030, 0x000001f9d4a8ca10, 0x000001f9d4b1d710,
0x000001f9d4b2d7a0, 0x000001f9d4b63610, 0x000001f9d4b63d50, 0x000001f9d4b01200,
0x000001f9d4b01940, 0x000001f9d4b76910, 0x000001f9d4b74bd0, 0x000001f9d4b75320,
0x000001f9d4b77060, 0x000001f9d4b75a70, 0x000001f9d4b761c0
}

Java Threads: ( => current thread )
  0x000001f9f8e565e0 JavaThread "Reference Handler"          daemon [_thread_blocked, id=10492, stack(0x0000009fe3500000,0x0000009fe3600000) (1024K)]
  0x000001f9f8e573d0 JavaThread "Finalizer"                  daemon [_thread_blocked, id=13724, stack(0x0000009fe3600000,0x0000009fe3700000) (1024K)]
  0x000001f9f8e5c870 JavaThread "Signal Dispatcher"          daemon [_thread_blocked, id=17816, stack(0x0000009fe3700000,0x0000009fe3800000) (1024K)]
  0x000001f9f8e5d3a0 JavaThread "Attach Listener"            daemon [_thread_blocked, id=15876, stack(0x0000009fe3800000,0x0000009fe3900000) (1024K)]
  0x000001f9f8e5fee0 JavaThread "Service Thread"             daemon [_thread_blocked, id=8740, stack(0x0000009fe3900000,0x0000009fe3a00000) (1024K)]
  0x000001f9f8e60b40 JavaThread "Monitor Deflation Thread"   daemon [_thread_blocked, id=13520, stack(0x0000009fe3a00000,0x0000009fe3b00000) (1024K)]
  0x000001f9f8e762d0 JavaThread "C2 CompilerThread0"         daemon [_thread_blocked, id=12592, stack(0x0000009fe3b00000,0x0000009fe3c00000) (1024K)]
  0x000001f9f8e808f0 JavaThread "C1 CompilerThread0"         daemon [_thread_blocked, id=15724, stack(0x0000009fe3c00000,0x0000009fe3d00000) (1024K)]
  0x000001f9d40367b0 JavaThread "Notification Thread"        daemon [_thread_blocked, id=16072, stack(0x0000009fe3d00000,0x0000009fe3e00000) (1024K)]
  0x000001f9d4050030 JavaThread "Common-Cleaner"             daemon [_thread_blocked, id=5664, stack(0x0000009fe3e00000,0x0000009fe3f00000) (1024K)]
  0x000001f9d4a8ca10 JavaThread "qtp1764696127-25"                  [_thread_blocked, id=17340, stack(0x0000009fe3f00000,0x0000009fe4000000) (1024K)]
  0x000001f9d4b1d710 JavaThread "qtp1764696127-26"                  [_thread_blocked, id=14312, stack(0x0000009fe4000000,0x0000009fe4100000) (1024K)]
  0x000001f9d4b2d7a0 JavaThread "qtp1764696127-27"                  [_thread_blocked, id=17056, stack(0x0000009fe4100000,0x0000009fe4200000) (1024K)]
  0x000001f9d4b63610 JavaThread "qtp1764696127-28-acceptor-0@6a0fc530-ServerConnector@6200f9cb{HTTP/1.1, (http/1.1)}{0.0.0.0:57918}"        [_thread_in_native, id=13168, stack(0x0000009fe4200000,0x0000009fe4300000) (1024K)]
  0x000001f9d4b63d50 JavaThread "qtp1764696127-29"                  [_thread_in_native, id=9960, stack(0x0000009fe4300000,0x0000009fe4400000) (1024K)]
  0x000001f9d4b01200 JavaThread "qtp1764696127-30"                  [_thread_blocked, id=3064, stack(0x0000009fe4400000,0x0000009fe4500000) (1024K)]
  0x000001f9d4b01940 JavaThread "qtp1764696127-31"                  [_thread_blocked, id=16320, stack(0x0000009fe4500000,0x0000009fe4600000) (1024K)]
  0x000001f9d4b76910 JavaThread "qtp1764696127-32"                  [_thread_in_native, id=17716, stack(0x0000009fe4600000,0x0000009fe4700000) (1024K)]
  0x000001f9d4b74bd0 JavaThread "DestroyJavaVM"                     [_thread_blocked, id=8068, stack(0x0000009fe2d00000,0x0000009fe2e00000) (1024K)]
  0x000001f9d4b75320 JavaThread "Connector-Scheduler-6200f9cb-1"        [_thread_blocked, id=18332, stack(0x0000009fe4a00000,0x0000009fe4b00000) (1024K)]
  0x000001f9d4b77060 JavaThread "Java2D Disposer"            daemon [_thread_blocked, id=12216, stack(0x0000009fe4b00000,0x0000009fe4c00000) (1024K)]
  0x000001f9d4b75a70 JavaThread "AWT-Windows"                daemon [_thread_blocked, id=15476, stack(0x0000009fe4d00000,0x0000009fe4e00000) (1024K)]
=>0x000001f9d4b761c0 JavaThread "AWT-Shutdown"                      [_thread_in_vm, id=22464, stack(0x0000009fe2b00000,0x0000009fe2c00000) (1024K)]
Total: 23

Other Threads:
  0x000001f9f8e4aa90 VMThread "VM Thread"                           [id=18072, stack(0x0000009fe3400000,0x0000009fe3500000) (1024K)]
  0x000001f9f8e3aa20 WatcherThread "VM Periodic Task Thread"        [id=16640, stack(0x0000009fe3300000,0x0000009fe3400000) (1024K)]
  0x000001f9ebe92a60 WorkerThread "GC Thread#0"                     [id=12520, stack(0x0000009fe2e00000,0x0000009fe2f00000) (1024K)]
  0x000001f9d4b28100 WorkerThread "GC Thread#1"                     [id=15660, stack(0x0000009fe4700000,0x0000009fe4800000) (1024K)]
  0x000001f9d4b284b0 WorkerThread "GC Thread#2"                     [id=11104, stack(0x0000009fe4800000,0x0000009fe4900000) (1024K)]
  0x000001f9d4b28860 WorkerThread "GC Thread#3"                     [id=11224, stack(0x0000009fe4900000,0x0000009fe4a00000) (1024K)]
  0x000001f9ebea5840 ConcurrentGCThread "G1 Main Marker"            [id=9512, stack(0x0000009fe2f00000,0x0000009fe3000000) (1024K)]
  0x000001f9ebea64d0 WorkerThread "G1 Conc#0"                       [id=17676, stack(0x0000009fe3000000,0x0000009fe3100000) (1024K)]
  0x000001f9ebf0db80 ConcurrentGCThread "G1 Refine#0"               [id=18208, stack(0x0000009fe3100000,0x0000009fe3200000) (1024K)]
  0x000001f9ebf0e600 ConcurrentGCThread "G1 Service"                [id=1904, stack(0x0000009fe3200000,0x0000009fe3300000) (1024K)]
Total: 10

Threads with active compile tasks:
Total: 0

VM state: not at safepoint (normal execution)

VM Mutex/Monitor currently owned by a thread: None

Heap address: 0x0000000091000000, size: 1776 MB, Compressed Oops mode: 32-bit

CDS archive(s) mapped at: [0x000001f98f000000-0x000001f98fd40000-0x000001f98fd40000), size 13893632, SharedBaseAddress: 0x000001f98f000000, ArchiveRelocationMode: 1.
Compressed class space mapped at: 0x000001f990000000-0x000001f9d0000000, reserved size: 1073741824
UseCompressedClassPointers 1, UseCompactObjectHeaders 0
Narrow klass pointer bits 32, Max shift 3
Narrow klass base: 0x000001f98f000000, Narrow klass shift: 0
Encoding Range: [0x000001f98f000000 - 0x000001fa8f000000), (4294967296 bytes)
Klass Range:    [0x000001f98f000000 - 0x000001f9d0000000), (1090519040 bytes)
Klass ID Range:  [8 - 1090519033) (1090519025)

GC Precious Log:
 CardTable entry size: 512
 Card Set container configuration: InlinePtr #cards 5 size 8 Array Of Cards #cards 10 size 36 Howl #buckets 4 coarsen threshold 1843 Howl Bitmap #cards 512 size 80 coarsen threshold 460 Card regions per heap region 1 cards per card region 2048
 CPUs: 4 total, 4 available
 Memory: 7098M
 Large Page Support: Disabled
 NUMA Support: Disabled
 Compressed Oops: Enabled (32-bit)
 Heap Region Size: 1M
 Heap Min Capacity: 8M
 Heap Initial Capacity: 112M
 Heap Max Capacity: 1776M
 Pre-touch: Disabled
 Parallel Workers: 4
 Concurrent Workers: 1
 Concurrent Refinement Workers: 4
 Periodic GC: Disabled

Heap:
 garbage-first heap   total reserved 1818624K, committed 116736K, used 37940K [0x0000000091000000, 0x0000000100000000)
  region size 1024K, 35 young (35840K), 3 survivors (3072K)
 Metaspace       used 16032K, committed 16320K, reserved 1114112K
  class space    used 1498K, committed 1664K, reserved 1048576K

Heap Regions: E=young(eden), S=young(survivor), O=old, HS=humongous(starts), HC=humongous(continues), CS=collection set, F=free, TAMS=top-at-mark-start, PB=parsable bottom
|   0|0x0000000091000000, 0x0000000091100000, 0x0000000091100000|100%|HS|  |TAMS 0x0000000091000000| PB 0x0000000091000000| Complete |  0
|   1|0x0000000091100000, 0x0000000091200000, 0x0000000091200000|100%|HC|  |TAMS 0x0000000091100000| PB 0x0000000091100000| Complete |  0
|   2|0x0000000091200000, 0x0000000091200000, 0x0000000091300000|  0%| F|  |TAMS 0x0000000091200000| PB 0x0000000091200000| Untracked |  0
|   3|0x0000000091300000, 0x0000000091300000, 0x0000000091400000|  0%| F|  |TAMS 0x0000000091300000| PB 0x0000000091300000| Untracked |  0
|   4|0x0000000091400000, 0x0000000091400000, 0x0000000091500000|  0%| F|  |TAMS 0x0000000091400000| PB 0x0000000091400000| Untracked |  0
|   5|0x0000000091500000, 0x0000000091500000, 0x0000000091600000|  0%| F|  |TAMS 0x0000000091500000| PB 0x0000000091500000| Untracked |  0
|   6|0x0000000091600000, 0x0000000091600000, 0x0000000091700000|  0%| F|  |TAMS 0x0000000091600000| PB 0x0000000091600000| Untracked |  0
|   7|0x0000000091700000, 0x0000000091700000, 0x0000000091800000|  0%| F|  |TAMS 0x0000000091700000| PB 0x0000000091700000| Untracked |  0
|   8|0x0000000091800000, 0x0000000091800000, 0x0000000091900000|  0%| F|  |TAMS 0x0000000091800000| PB 0x0000000091800000| Untracked |  0
|   9|0x0000000091900000, 0x0000000091900000, 0x0000000091a00000|  0%| F|  |TAMS 0x0000000091900000| PB 0x0000000091900000| Untracked |  0
|  10|0x0000000091a00000, 0x0000000091a00000, 0x0000000091b00000|  0%| F|  |TAMS 0x0000000091a00000| PB 0x0000000091a00000| Untracked |  0
|  11|0x0000000091b00000, 0x0000000091b00000, 0x0000000091c00000|  0%| F|  |TAMS 0x0000000091b00000| PB 0x0000000091b00000| Untracked |  0
|  12|0x0000000091c00000, 0x0000000091c00000, 0x0000000091d00000|  0%| F|  |TAMS 0x0000000091c00000| PB 0x0000000091c00000| Untracked |  0
|  13|0x0000000091d00000, 0x0000000091d00000, 0x0000000091e00000|  0%| F|  |TAMS 0x0000000091d00000| PB 0x0000000091d00000| Untracked |  0
|  14|0x0000000091e00000, 0x0000000091e00000, 0x0000000091f00000|  0%| F|  |TAMS 0x0000000091e00000| PB 0x0000000091e00000| Untracked |  0
|  15|0x0000000091f00000, 0x0000000091f00000, 0x0000000092000000|  0%| F|  |TAMS 0x0000000091f00000| PB 0x0000000091f00000| Untracked |  0
|  16|0x0000000092000000, 0x0000000092000000, 0x0000000092100000|  0%| F|  |TAMS 0x0000000092000000| PB 0x0000000092000000| Untracked |  0
|  17|0x0000000092100000, 0x0000000092100000, 0x0000000092200000|  0%| F|  |TAMS 0x0000000092100000| PB 0x0000000092100000| Untracked |  0
|  18|0x0000000092200000, 0x0000000092200000, 0x0000000092300000|  0%| F|  |TAMS 0x0000000092200000| PB 0x0000000092200000| Untracked |  0
|  19|0x0000000092300000, 0x0000000092300000, 0x0000000092400000|  0%| F|  |TAMS 0x0000000092300000| PB 0x0000000092300000| Untracked |  0
|  20|0x0000000092400000, 0x0000000092400000, 0x0000000092500000|  0%| F|  |TAMS 0x0000000092400000| PB 0x0000000092400000| Untracked |  0
|  21|0x0000000092500000, 0x0000000092500000, 0x0000000092600000|  0%| F|  |TAMS 0x0000000092500000| PB 0x0000000092500000| Untracked |  0
|  22|0x0000000092600000, 0x0000000092600000, 0x0000000092700000|  0%| F|  |TAMS 0x0000000092600000| PB 0x0000000092600000| Untracked |  0
|  23|0x0000000092700000, 0x0000000092700000, 0x0000000092800000|  0%| F|  |TAMS 0x0000000092700000| PB 0x0000000092700000| Untracked |  0
|  24|0x0000000092800000, 0x0000000092800000, 0x0000000092900000|  0%| F|  |TAMS 0x0000000092800000| PB 0x0000000092800000| Untracked |  0
|  25|0x0000000092900000, 0x0000000092900000, 0x0000000092a00000|  0%| F|  |TAMS 0x0000000092900000| PB 0x0000000092900000| Untracked |  0
|  26|0x0000000092a00000, 0x0000000092a00000, 0x0000000092b00000|  0%| F|  |TAMS 0x0000000092a00000| PB 0x0000000092a00000| Untracked |  0
|  27|0x0000000092b00000, 0x0000000092b00000, 0x0000000092c00000|  0%| F|  |TAMS 0x0000000092b00000| PB 0x0000000092b00000| Untracked |  0
|  28|0x0000000092c00000, 0x0000000092c00000, 0x0000000092d00000|  0%| F|  |TAMS 0x0000000092c00000| PB 0x0000000092c00000| Untracked |  0
|  29|0x0000000092d00000, 0x0000000092d00000, 0x0000000092e00000|  0%| F|  |TAMS 0x0000000092d00000| PB 0x0000000092d00000| Untracked |  0
|  30|0x0000000092e00000, 0x0000000092e00000, 0x0000000092f00000|  0%| F|  |TAMS 0x0000000092e00000| PB 0x0000000092e00000| Untracked |  0
|  31|0x0000000092f00000, 0x0000000092f00000, 0x0000000093000000|  0%| F|  |TAMS 0x0000000092f00000| PB 0x0000000092f00000| Untracked |  0
|  32|0x0000000093000000, 0x0000000093000000, 0x0000000093100000|  0%| F|  |TAMS 0x0000000093000000| PB 0x0000000093000000| Untracked |  0
|  33|0x0000000093100000, 0x0000000093100000, 0x0000000093200000|  0%| F|  |TAMS 0x0000000093100000| PB 0x0000000093100000| Untracked |  0
|  34|0x0000000093200000, 0x0000000093200000, 0x0000000093300000|  0%| F|  |TAMS 0x0000000093200000| PB 0x0000000093200000| Untracked |  0
|  35|0x0000000093300000, 0x0000000093300000, 0x0000000093400000|  0%| F|  |TAMS 0x0000000093300000| PB 0x0000000093300000| Untracked |  0
|  36|0x0000000093400000, 0x0000000093400000, 0x0000000093500000|  0%| F|  |TAMS 0x0000000093400000| PB 0x0000000093400000| Untracked |  0
|  37|0x0000000093500000, 0x0000000093500000, 0x0000000093600000|  0%| F|  |TAMS 0x0000000093500000| PB 0x0000000093500000| Untracked |  0
|  38|0x0000000093600000, 0x0000000093600000, 0x0000000093700000|  0%| F|  |TAMS 0x0000000093600000| PB 0x0000000093600000| Untracked |  0
|  39|0x0000000093700000, 0x0000000093700000, 0x0000000093800000|  0%| F|  |TAMS 0x0000000093700000| PB 0x0000000093700000| Untracked |  0
|  40|0x0000000093800000, 0x0000000093800000, 0x0000000093900000|  0%| F|  |TAMS 0x0000000093800000| PB 0x0000000093800000| Untracked |  0
|  41|0x0000000093900000, 0x0000000093900000, 0x0000000093a00000|  0%| F|  |TAMS 0x0000000093900000| PB 0x0000000093900000| Untracked |  0
|  42|0x0000000093a00000, 0x0000000093a00000, 0x0000000093b00000|  0%| F|  |TAMS 0x0000000093a00000| PB 0x0000000093a00000| Untracked |  0
|  43|0x0000000093b00000, 0x0000000093b00000, 0x0000000093c00000|  0%| F|  |TAMS 0x0000000093b00000| PB 0x0000000093b00000| Untracked |  0
|  44|0x0000000093c00000, 0x0000000093c00000, 0x0000000093d00000|  0%| F|  |TAMS 0x0000000093c00000| PB 0x0000000093c00000| Untracked |  0
|  45|0x0000000093d00000, 0x0000000093d00000, 0x0000000093e00000|  0%| F|  |TAMS 0x0000000093d00000| PB 0x0000000093d00000| Untracked |  0
|  46|0x0000000093e00000, 0x0000000093e00000, 0x0000000093f00000|  0%| F|  |TAMS 0x0000000093e00000| PB 0x0000000093e00000| Untracked |  0
|  47|0x0000000093f00000, 0x0000000093f00000, 0x0000000094000000|  0%| F|  |TAMS 0x0000000093f00000| PB 0x0000000093f00000| Untracked |  0
|  48|0x0000000094000000, 0x0000000094000000, 0x0000000094100000|  0%| F|  |TAMS 0x0000000094000000| PB 0x0000000094000000| Untracked |  0
|  49|0x0000000094100000, 0x0000000094100000, 0x0000000094200000|  0%| F|  |TAMS 0x0000000094100000| PB 0x0000000094100000| Untracked |  0
|  50|0x0000000094200000, 0x0000000094200000, 0x0000000094300000|  0%| F|  |TAMS 0x0000000094200000| PB 0x0000000094200000| Untracked |  0
|  51|0x0000000094300000, 0x0000000094300000, 0x0000000094400000|  0%| F|  |TAMS 0x0000000094300000| PB 0x0000000094300000| Untracked |  0
|  52|0x0000000094400000, 0x0000000094400000, 0x0000000094500000|  0%| F|  |TAMS 0x0000000094400000| PB 0x0000000094400000| Untracked |  0
|  53|0x0000000094500000, 0x0000000094500000, 0x0000000094600000|  0%| F|  |TAMS 0x0000000094500000| PB 0x0000000094500000| Untracked |  0
|  54|0x0000000094600000, 0x0000000094600000, 0x0000000094700000|  0%| F|  |TAMS 0x0000000094600000| PB 0x0000000094600000| Untracked |  0
|  55|0x0000000094700000, 0x0000000094700000, 0x0000000094800000|  0%| F|  |TAMS 0x0000000094700000| PB 0x0000000094700000| Untracked |  0
|  56|0x0000000094800000, 0x0000000094800000, 0x0000000094900000|  0%| F|  |TAMS 0x0000000094800000| PB 0x0000000094800000| Untracked |  0
|  57|0x0000000094900000, 0x0000000094900000, 0x0000000094a00000|  0%| F|  |TAMS 0x0000000094900000| PB 0x0000000094900000| Untracked |  0
|  58|0x0000000094a00000, 0x0000000094a00000, 0x0000000094b00000|  0%| F|  |TAMS 0x0000000094a00000| PB 0x0000000094a00000| Untracked |  0
|  59|0x0000000094b00000, 0x0000000094b00000, 0x0000000094c00000|  0%| F|  |TAMS 0x0000000094b00000| PB 0x0000000094b00000| Untracked |  0
|  60|0x0000000094c00000, 0x0000000094c00000, 0x0000000094d00000|  0%| F|  |TAMS 0x0000000094c00000| PB 0x0000000094c00000| Untracked |  0
|  61|0x0000000094d00000, 0x0000000094d00000, 0x0000000094e00000|  0%| F|  |TAMS 0x0000000094d00000| PB 0x0000000094d00000| Untracked |  0
|  62|0x0000000094e00000, 0x0000000094e00000, 0x0000000094f00000|  0%| F|  |TAMS 0x0000000094e00000| PB 0x0000000094e00000| Untracked |  0
|  63|0x0000000094f00000, 0x0000000094f00000, 0x0000000095000000|  0%| F|  |TAMS 0x0000000094f00000| PB 0x0000000094f00000| Untracked |  0
|  64|0x0000000095000000, 0x0000000095000000, 0x0000000095100000|  0%| F|  |TAMS 0x0000000095000000| PB 0x0000000095000000| Untracked |  0
|  65|0x0000000095100000, 0x0000000095100000, 0x0000000095200000|  0%| F|  |TAMS 0x0000000095100000| PB 0x0000000095100000| Untracked |  0
|  66|0x0000000095200000, 0x0000000095200000, 0x0000000095300000|  0%| F|  |TAMS 0x0000000095200000| PB 0x0000000095200000| Untracked |  0
|  67|0x0000000095300000, 0x0000000095300000, 0x0000000095400000|  0%| F|  |TAMS 0x0000000095300000| PB 0x0000000095300000| Untracked |  0
|  68|0x0000000095400000, 0x0000000095400000, 0x0000000095500000|  0%| F|  |TAMS 0x0000000095400000| PB 0x0000000095400000| Untracked |  0
|  69|0x0000000095500000, 0x0000000095500000, 0x0000000095600000|  0%| F|  |TAMS 0x0000000095500000| PB 0x0000000095500000| Untracked |  0
|  70|0x0000000095600000, 0x0000000095600000, 0x0000000095700000|  0%| F|  |TAMS 0x0000000095600000| PB 0x0000000095600000| Untracked |  0
|  71|0x0000000095700000, 0x0000000095700000, 0x0000000095800000|  0%| F|  |TAMS 0x0000000095700000| PB 0x0000000095700000| Untracked |  0
|  72|0x0000000095800000, 0x0000000095800000, 0x0000000095900000|  0%| F|  |TAMS 0x0000000095800000| PB 0x0000000095800000| Untracked |  0
|  73|0x0000000095900000, 0x0000000095900000, 0x0000000095a00000|  0%| F|  |TAMS 0x0000000095900000| PB 0x0000000095900000| Untracked |  0
|  74|0x0000000095a00000, 0x0000000095a00000, 0x0000000095b00000|  0%| F|  |TAMS 0x0000000095a00000| PB 0x0000000095a00000| Untracked |  0
|  75|0x0000000095b00000, 0x0000000095b00000, 0x0000000095c00000|  0%| F|  |TAMS 0x0000000095b00000| PB 0x0000000095b00000| Untracked |  0
|  76|0x0000000095c00000, 0x0000000095c00000, 0x0000000095d00000|  0%| F|  |TAMS 0x0000000095c00000| PB 0x0000000095c00000| Untracked |  0
|  77|0x0000000095d00000, 0x0000000095dbfdd8, 0x0000000095e00000| 74%| E|  |TAMS 0x0000000095d00000| PB 0x0000000095d00000| Complete |  0
|  78|0x0000000095e00000, 0x0000000095f00000, 0x0000000095f00000|100%| E|CS|TAMS 0x0000000095e00000| PB 0x0000000095e00000| Complete |  0
|  79|0x0000000095f00000, 0x0000000096000000, 0x0000000096000000|100%| E|CS|TAMS 0x0000000095f00000| PB 0x0000000095f00000| Complete |  0
|  80|0x0000000096000000, 0x0000000096100000, 0x0000000096100000|100%| E|CS|TAMS 0x0000000096000000| PB 0x0000000096000000| Complete |  0
|  81|0x0000000096100000, 0x00000000961f0000, 0x0000000096200000| 93%| S|CS|TAMS 0x0000000096100000| PB 0x0000000096100000| Complete |  0
|  82|0x0000000096200000, 0x0000000096300000, 0x0000000096300000|100%| S|CS|TAMS 0x0000000096200000| PB 0x0000000096200000| Complete |  0
|  83|0x0000000096300000, 0x0000000096400000, 0x0000000096400000|100%| S|CS|TAMS 0x0000000096300000| PB 0x0000000096300000| Complete |  0
|  84|0x0000000096400000, 0x0000000096500000, 0x0000000096500000|100%| E|CS|TAMS 0x0000000096400000| PB 0x0000000096400000| Complete |  0
|  85|0x0000000096500000, 0x0000000096600000, 0x0000000096600000|100%| E|CS|TAMS 0x0000000096500000| PB 0x0000000096500000| Complete |  0
|  86|0x0000000096600000, 0x0000000096700000, 0x0000000096700000|100%| E|CS|TAMS 0x0000000096600000| PB 0x0000000096600000| Complete |  0
|  87|0x0000000096700000, 0x0000000096800000, 0x0000000096800000|100%| E|CS|TAMS 0x0000000096700000| PB 0x0000000096700000| Complete |  0
|  88|0x0000000096800000, 0x0000000096900000, 0x0000000096900000|100%| E|CS|TAMS 0x0000000096800000| PB 0x0000000096800000| Complete |  0
|  89|0x0000000096900000, 0x0000000096a00000, 0x0000000096a00000|100%| E|CS|TAMS 0x0000000096900000| PB 0x0000000096900000| Complete |  0
|  90|0x0000000096a00000, 0x0000000096b00000, 0x0000000096b00000|100%| E|CS|TAMS 0x0000000096a00000| PB 0x0000000096a00000| Complete |  0
|  91|0x0000000096b00000, 0x0000000096c00000, 0x0000000096c00000|100%| E|CS|TAMS 0x0000000096b00000| PB 0x0000000096b00000| Complete |  0
|  92|0x0000000096c00000, 0x0000000096d00000, 0x0000000096d00000|100%| E|CS|TAMS 0x0000000096c00000| PB 0x0000000096c00000| Complete |  0
|  93|0x0000000096d00000, 0x0000000096e00000, 0x0000000096e00000|100%| E|CS|TAMS 0x0000000096d00000| PB 0x0000000096d00000| Complete |  0
|  94|0x0000000096e00000, 0x0000000096f00000, 0x0000000096f00000|100%| E|CS|TAMS 0x0000000096e00000| PB 0x0000000096e00000| Complete |  0
|  95|0x0000000096f00000, 0x0000000097000000, 0x0000000097000000|100%| E|CS|TAMS 0x0000000096f00000| PB 0x0000000096f00000| Complete |  0
|  96|0x0000000097000000, 0x0000000097100000, 0x0000000097100000|100%| E|CS|TAMS 0x0000000097000000| PB 0x0000000097000000| Complete |  0
|  97|0x0000000097100000, 0x0000000097200000, 0x0000000097200000|100%| E|CS|TAMS 0x0000000097100000| PB 0x0000000097100000| Complete |  0
|  98|0x0000000097200000, 0x0000000097300000, 0x0000000097300000|100%| E|CS|TAMS 0x0000000097200000| PB 0x0000000097200000| Complete |  0
|  99|0x0000000097300000, 0x0000000097400000, 0x0000000097400000|100%| E|CS|TAMS 0x0000000097300000| PB 0x0000000097300000| Complete |  0
| 100|0x0000000097400000, 0x0000000097500000, 0x0000000097500000|100%| E|CS|TAMS 0x0000000097400000| PB 0x0000000097400000| Complete |  0
| 101|0x0000000097500000, 0x0000000097600000, 0x0000000097600000|100%| E|CS|TAMS 0x0000000097500000| PB 0x0000000097500000| Complete |  0
| 102|0x0000000097600000, 0x0000000097700000, 0x0000000097700000|100%| E|CS|TAMS 0x0000000097600000| PB 0x0000000097600000| Complete |  0
| 103|0x0000000097700000, 0x0000000097800000, 0x0000000097800000|100%| E|CS|TAMS 0x0000000097700000| PB 0x0000000097700000| Complete |  0
| 104|0x0000000097800000, 0x0000000097900000, 0x0000000097900000|100%| E|CS|TAMS 0x0000000097800000| PB 0x0000000097800000| Complete |  0
| 105|0x0000000097900000, 0x0000000097a00000, 0x0000000097a00000|100%| E|CS|TAMS 0x0000000097900000| PB 0x0000000097900000| Complete |  0
| 106|0x0000000097a00000, 0x0000000097b00000, 0x0000000097b00000|100%| E|CS|TAMS 0x0000000097a00000| PB 0x0000000097a00000| Complete |  0
| 107|0x0000000097b00000, 0x0000000097c00000, 0x0000000097c00000|100%| E|CS|TAMS 0x0000000097b00000| PB 0x0000000097b00000| Complete |  0
| 108|0x0000000097c00000, 0x0000000097d00000, 0x0000000097d00000|100%| E|CS|TAMS 0x0000000097c00000| PB 0x0000000097c00000| Complete |  0
| 109|0x0000000097d00000, 0x0000000097e00000, 0x0000000097e00000|100%| E|CS|TAMS 0x0000000097d00000| PB 0x0000000097d00000| Complete |  0
| 110|0x0000000097e00000, 0x0000000097f00000, 0x0000000097f00000|100%| E|CS|TAMS 0x0000000097e00000| PB 0x0000000097e00000| Complete |  0
| 111|0x0000000097f00000, 0x0000000098000000, 0x0000000098000000|100%| E|CS|TAMS 0x0000000097f00000| PB 0x0000000097f00000| Complete |  0
|1774|0x00000000ffe00000, 0x00000000fff00000, 0x00000000fff00000|100%| O|  |TAMS 0x00000000ffe00000| PB 0x00000000ffe00000| Untracked |  0
|1775|0x00000000fff00000, 0x00000000fff1d1c0, 0x0000000100000000| 11%| O|  |TAMS 0x00000000fff00000| PB 0x00000000fff00000| Untracked |  0

Card table byte_map: [0x000001f9f4a70000,0x000001f9f4df0000] _byte_map_base: 0x000001f9f45e8000

Marking Bits: (CMBitMap*) 0x000001f9ebe93980
 Bits: [0x000001f9f4df0000, 0x000001f9f69b0000)

Polling page: 0x000001f9e9ea0000

Metaspace:

Usage:
  Non-class:     14.19 MB used.
      Class:      1.46 MB used.
       Both:     15.66 MB used.

Virtual space:
  Non-class space:       64.00 MB reserved,      14.31 MB ( 22%) committed,  1 nodes.
      Class space:        1.00 GB reserved,       1.62 MB ( <1%) committed,  1 nodes.
             Both:        1.06 GB reserved,      15.94 MB (  1%) committed. 

Chunk freelists:
   Non-Class:  912.00 KB
       Class:  14.23 MB
        Both:  15.12 MB

MaxMetaspaceSize: unlimited
CompressedClassSpaceSize: 1.00 GB
Initial GC threshold: 21.00 MB
Current GC threshold: 21.00 MB
CDS: on
 - commit_granule_bytes: 65536.
 - commit_granule_words: 8192.
 - virtual_space_node_default_size: 8388608.
 - enlarge_chunks_in_place: 1.
UseCompressedClassPointers 1, UseCompactObjectHeaders 0
Narrow klass pointer bits 32, Max shift 3
Narrow klass base: 0x000001f98f000000, Narrow klass shift: 0
Encoding Range: [0x000001f98f000000 - 0x000001fa8f000000), (4294967296 bytes)
Klass Range:    [0x000001f98f000000 - 0x000001f9d0000000), (1090519040 bytes)
Klass ID Range:  [8 - 1090519033) (1090519025)


Internal statistics:

num_allocs_failed_limit: 0.
num_arena_births: 160.
num_arena_deaths: 0.
num_vsnodes_births: 2.
num_vsnodes_deaths: 0.
num_space_committed: 255.
num_space_uncommitted: 0.
num_chunks_returned_to_freelist: 0.
num_chunks_taken_from_freelist: 459.
num_chunk_merges: 0.
num_chunk_splits: 312.
num_chunks_enlarged: 235.
num_inconsistent_stats: 0.

CodeHeap 'non-profiled nmethods': size=120064Kb used=732Kb max_used=732Kb free=119331Kb
 bounds [0x000001f987ac0000, 0x000001f987d30000, 0x000001f98f000000]
CodeHeap 'profiled nmethods': size=120000Kb used=3168Kb max_used=3168Kb free=116832Kb
 bounds [0x000001f980000000, 0x000001f980320000, 0x000001f987530000]
CodeHeap 'non-nmethods': size=5696Kb used=1461Kb max_used=1500Kb free=4234Kb
 bounds [0x000001f987530000, 0x000001f9877a0000, 0x000001f987ac0000]
CodeCache: size=245760Kb, used=5361Kb, max_used=5400Kb, free=240397Kb
 total_blobs=2763, nmethods=2127, adapters=542, full_count=0
Compilation: enabled, stopped_count=0, restarted_count=0

Compilation events (20 events):
Event: 2887.832 Thread 0x000001f9f8e808f0 2117       3       org.eclipse.jetty.util.thread.QueuedThreadPool::getThreads (14 bytes)
Event: 2887.834 Thread 0x000001f9f8e808f0 nmethod 2117 0x000001f980313508 code [0x000001f980313640, 0x000001f980313968]
Event: 2887.834 Thread 0x000001f9f8e808f0 2118       3       org.eclipse.jetty.util.thread.QueuedThreadPool$Runner::idleJobPoll (42 bytes)
Event: 2887.837 Thread 0x000001f9f8e808f0 nmethod 2118 0x000001f980313a08 code [0x000001f980313b60, 0x000001f980314078]
Event: 2943.523 Thread 0x000001f9f8e808f0 2119   !   3       org.eclipse.jetty.util.BlockingArrayQueue::poll (177 bytes)
Event: 2943.526 Thread 0x000001f9f8e808f0 nmethod 2119 0x000001f980314108 code [0x000001f9803143a0, 0x000001f980315478]
Event: 3063.532 Thread 0x000001f9f8e808f0 2120       3       java.util.concurrent.locks.AbstractQueuedSynchronizer::signalNext (34 bytes)
Event: 3063.536 Thread 0x000001f9f8e808f0 nmethod 2120 0x000001f980315508 code [0x000001f9803156a0, 0x000001f980316040]
Event: 3843.656 Thread 0x000001f9f8e808f0 2121       3       jdk.internal.misc.Unsafe::putIntOpaque (9 bytes)
Event: 3843.656 Thread 0x000001f9f8e808f0 nmethod 2121 0x000001f980316088 code [0x000001f9803161a0, 0x000001f9803162b0]
Event: 4083.679 Thread 0x000001f9f8e808f0 2122   !   3       java.util.concurrent.locks.AbstractQueuedSynchronizer::tryInitializeHead (66 bytes)
Event: 4083.681 Thread 0x000001f9f8e808f0 nmethod 2122 0x000001f980316388 code [0x000001f9803164e0, 0x000001f980316a68]
Event: 4443.717 Thread 0x000001f9f8e808f0 2123   !   3       java.util.concurrent.locks.AbstractQueuedSynchronizer::reacquire (64 bytes)
Event: 4443.718 Thread 0x000001f9f8e808f0 nmethod 2123 0x000001f980316b08 code [0x000001f980316c60, 0x000001f980317148]
Event: 4443.719 Thread 0x000001f9f8e808f0 2124       3       java.util.concurrent.locks.AbstractQueuedSynchronizer$ConditionObject::unlinkCancelledWaiters (91 bytes)
Event: 4443.719 Thread 0x000001f9f8e808f0 nmethod 2124 0x000001f980317188 code [0x000001f9803172c0, 0x000001f980317700]
Event: 4443.719 Thread 0x000001f9f8e808f0 2125       3       java.util.concurrent.locks.ReentrantLock::lockInterruptibly (8 bytes)
Event: 4443.722 Thread 0x000001f9f8e808f0 nmethod 2125 0x000001f980317788 code [0x000001f980317900, 0x000001f980317f90]
Event: 4563.723 Thread 0x000001f9f8e762d0 2126       4       jdk.internal.misc.Unsafe::putReferenceOpaque (9 bytes)
Event: 4563.726 Thread 0x000001f9f8e762d0 nmethod 2126 0x000001f987b76c08 code [0x000001f987b76d00, 0x000001f987b76e78]

GC Heap History (2 events):
Event: 2.287 GC heap before
{Heap before GC invocations=0 (full 0):
 garbage-first heap   total reserved 1818624K, committed 116736K, used 31860K [0x0000000091000000, 0x0000000100000000)
  region size 1024K, 28 young (28672K), 0 survivors (0K)
 Metaspace       used 9142K, committed 9344K, reserved 1114112K
  class space    used 864K, committed 960K, reserved 1048576K
}
Event: 2.297 GC heap after
{Heap after GC invocations=1 (full 0):
 garbage-first heap   total reserved 1818624K, committed 116736K, used 6196K [0x0000000091000000, 0x0000000100000000)
  region size 1024K, 3 young (3072K), 3 survivors (3072K)
 Metaspace       used 9142K, committed 9344K, reserved 1114112K
  class space    used 864K, committed 960K, reserved 1048576K
}

Dll operation events (12 events):
Event: 0.035 Loaded shared library C:\Program Files\Java\jdk-24\bin\java.dll
Event: 0.109 Loaded shared library C:\Program Files\Java\jdk-24\bin\jsvml.dll
Event: 0.131 Loaded shared library C:\Program Files\Java\jdk-24\bin\net.dll
Event: 0.137 Loaded shared library C:\Program Files\Java\jdk-24\bin\nio.dll
Event: 0.202 Loaded shared library C:\Program Files\Java\jdk-24\bin\zip.dll
Event: 0.242 Loaded shared library C:\Program Files\Java\jdk-24\bin\verify.dll
Event: 0.267 Loaded shared library C:\Program Files\Java\jdk-24\bin\jimage.dll
Event: 0.501 Loaded shared library C:\Program Files\Java\jdk-24\bin\management.dll
Event: 0.514 Loaded shared library C:\Program Files\Java\jdk-24\bin\management_ext.dll
Event: 2.430 Loaded shared library C:\Program Files\Java\jdk-24\bin\extnet.dll
Event: 2.577 Loaded shared library C:\Program Files\Java\jdk-24\bin\sunmscapi.dll
Event: 7.087 Loaded shared library C:\Program Files\Java\jdk-24\bin\awt.dll

Deoptimization events (20 events):
Event: 7.368 Thread 0x000001f9d4b2d7a0 Uncommon trap: trap_request=0xffffffd6 fr.pc=0x000001f987b68f10 relative=0x0000000000000630
Event: 7.369 Thread 0x000001f9d4b2d7a0 Uncommon trap: reason=array_check action=maybe_recompile pc=0x000001f987b68f10 method=jdk.internal.classfile.impl.SplitConstantPool.internalAdd(Ljava/lang/classfile/constantpool/PoolEntry;I)Ljava/lang/classfile/constantpool/PoolEntry; @ 46 c2
Event: 7.369 Thread 0x000001f9d4b2d7a0 DEOPT PACKING pc=0x000001f987b68f10 sp=0x0000009fe41fafe0
Event: 7.369 Thread 0x000001f9d4b2d7a0 DEOPT UNPACKING pc=0x000001f987645882 sp=0x0000009fe41faf70 mode 2
Event: 7.445 Thread 0x000001f9d4b2d7a0 Uncommon trap: trap_request=0xffffff4d fr.pc=0x000001f987b5d0e8 relative=0x00000000000012c8
Event: 7.445 Thread 0x000001f9d4b2d7a0 Uncommon trap: reason=unstable_if action=reinterpret pc=0x000001f987b5d0e8 method=java.util.zip.ZipInputStream.readLOC()Ljava/util/zip/ZipEntry; @ 29 c2
Event: 7.445 Thread 0x000001f9d4b2d7a0 DEOPT PACKING pc=0x000001f987b5d0e8 sp=0x0000009fe41fd280
Event: 7.445 Thread 0x000001f9d4b2d7a0 DEOPT UNPACKING pc=0x000001f987645882 sp=0x0000009fe41fd230 mode 2
Event: 7.445 Thread 0x000001f9d4b2d7a0 Uncommon trap: trap_request=0xffffff4d fr.pc=0x000001f987b594ec relative=0x0000000000000b6c
Event: 7.445 Thread 0x000001f9d4b2d7a0 Uncommon trap: reason=unstable_if action=reinterpret pc=0x000001f987b594ec method=java.util.zip.ZipInputStream.getNextEntry()Ljava/util/zip/ZipEntry; @ 38 c2
Event: 7.445 Thread 0x000001f9d4b2d7a0 DEOPT PACKING pc=0x000001f987b594ec sp=0x0000009fe41fd310
Event: 7.445 Thread 0x000001f9d4b2d7a0 DEOPT UNPACKING pc=0x000001f987645882 sp=0x0000009fe41fd2f8 mode 2
Event: 7.445 Thread 0x000001f9d4b2d7a0 Uncommon trap: trap_request=0xfffffff4 fr.pc=0x000001f987b5a798 relative=0x00000000000000f8
Event: 7.445 Thread 0x000001f9d4b2d7a0 Uncommon trap: reason=null_check action=make_not_entrant pc=0x000001f987b5a798 method=java.util.jar.JarInputStream.getNextEntry()Ljava/util/zip/ZipEntry; @ 11 c2
Event: 7.445 Thread 0x000001f9d4b2d7a0 DEOPT PACKING pc=0x000001f987b5a798 sp=0x0000009fe41fd390
Event: 7.445 Thread 0x000001f9d4b2d7a0 DEOPT UNPACKING pc=0x000001f987645882 sp=0x0000009fe41fd2c8 mode 2
Event: 7.466 Thread 0x000001f9d4b2d7a0 Uncommon trap: trap_request=0xffffff4d fr.pc=0x000001f987af5f4c relative=0x000000000000028c
Event: 7.466 Thread 0x000001f9d4b2d7a0 Uncommon trap: reason=unstable_if action=reinterpret pc=0x000001f987af5f4c method=java.util.concurrent.ConcurrentHashMap.get(Ljava/lang/Object;)Ljava/lang/Object; @ 76 c2
Event: 7.466 Thread 0x000001f9d4b2d7a0 DEOPT PACKING pc=0x000001f987af5f4c sp=0x0000009fe41fc720
Event: 7.466 Thread 0x000001f9d4b2d7a0 DEOPT UNPACKING pc=0x000001f987645882 sp=0x0000009fe41fc698 mode 2

Classes loaded (20 events):
Event: 7.426 Loading class java/awt/SequencedEvent$1
Event: 7.426 Loading class sun/awt/AWTAccessor$SequencedEventAccessor
Event: 7.426 Loading class sun/awt/AWTAccessor$SequencedEventAccessor done
Event: 7.426 Loading class java/awt/SequencedEvent$1 done
Event: 7.426 Loading class java/awt/MenuComponent
Event: 7.426 Loading class java/awt/MenuComponent done
Event: 7.427 Loading class sun/awt/WeakIdentityHashMap$WeakKey
Event: 7.427 Loading class sun/awt/WeakIdentityHashMap$WeakKey done
Event: 7.428 Loading class jdk/internal/event/ThreadSleepEvent
Event: 7.428 Loading class jdk/internal/event/ThreadSleepEvent done
Event: 7.465 Loading class jdk/internal/vm/annotation/IntrinsicCandidate
Event: 7.465 Loading class jdk/internal/vm/annotation/IntrinsicCandidate done
Event: 8.435 Loading class java/util/IdentityHashMap$ValueIterator
Event: 8.435 Loading class java/util/IdentityHashMap$ValueIterator done
Event: 8.435 Loading class sun/awt/AppContext$PostShutdownEventRunnable
Event: 8.436 Loading class sun/awt/AppContext$PostShutdownEventRunnable done
Event: 8.436 Loading class sun/awt/AWTAutoShutdown$1
Event: 8.436 Loading class sun/awt/AWTAutoShutdown$1 done
Event: 8.436 Loading class java/awt/TrayIcon
Event: 8.437 Loading class java/awt/TrayIcon done

Classes unloaded (0 events):
No events

Classes redefined (0 events):
No events

Internal exceptions (20 events):
Event: 2.671 Thread 0x000001f9e9c34290 Exception <a 'java/lang/NoSuchMethodError'{0x0000000097bc7ae0}: 'void java.lang.invoke.DirectMethodHandle$Holder.invokeInterface(java.lang.Object, java.lang.Object)'> (0x0000000097bc7ae0) 
thrown [s\open\src\hotspot\share\interpreter\linkResolver.cpp, line 805]
Event: 3.078 Thread 0x000001f9d4b01200 Exception <a 'java/lang/NoSuchMethodError'{0x0000000097734af8}: 'void java.lang.invoke.DirectMethodHandle$Holder.invokeSpecial(java.lang.Object, java.lang.Object, int)'> (0x0000000097734af8) 
thrown [s\open\src\hotspot\share\interpreter\linkResolver.cpp, line 805]
Event: 7.095 Thread 0x000001f9d4b2d7a0 Exception <a 'java/lang/ClassNotFoundException'{0x00000000964fbd18}: sun/awt/resources/spi/awtProvider> (0x00000000964fbd18) 
thrown [s\open\src\hotspot\share\classfile\systemDictionary.cpp, line 327]
Event: 7.098 Thread 0x000001f9d4b2d7a0 Exception <a 'java/io/FileNotFoundException'{0x00000000964fe5e8}> (0x00000000964fe5e8) 
thrown [s\open\src\hotspot\share\prims\jni.cpp, line 518]
Event: 7.104 Thread 0x000001f9d4b2d7a0 Exception <a 'java/io/FileNotFoundException'{0x0000000096011540}> (0x0000000096011540) 
thrown [s\open\src\hotspot\share\prims\jni.cpp, line 518]
Event: 7.261 Thread 0x000001f9d4b2d7a0 Exception <a 'java/lang/NoSuchMethodError'{0x0000000096054ea8}: 'int java.lang.invoke.DirectMethodHandle$Holder.invokeStaticInit(java.lang.Object, int)'> (0x0000000096054ea8) 
thrown [s\open\src\hotspot\share\interpreter\linkResolver.cpp, line 805]
Event: 7.264 Thread 0x000001f9d4b2d7a0 Exception <a 'java/lang/NoSuchMethodError'{0x000000009605d7b0}: 'long java.lang.invoke.DirectMethodHandle$Holder.invokeStatic(java.lang.Object, java.lang.Object)'> (0x000000009605d7b0) 
thrown [s\open\src\hotspot\share\interpreter\linkResolver.cpp, line 805]
Event: 7.266 Thread 0x000001f9d4b2d7a0 Exception <a 'java/lang/NoSuchMethodError'{0x0000000096065a80}: 'long java.lang.invoke.DirectMethodHandle$Holder.invokeStaticInit(java.lang.Object, java.lang.Object)'> (0x0000000096065a80) 
thrown [s\open\src\hotspot\share\interpreter\linkResolver.cpp, line 805]
Event: 7.269 Thread 0x000001f9d4b2d7a0 Exception <a 'java/lang/NoSuchMethodError'{0x000000009606e348}: 'java.lang.Object java.lang.invoke.DirectMethodHandle$Holder.invokeStatic(java.lang.Object, long, java.lang.Object)'> (0x000000009606e348) 
thrown [s\open\src\hotspot\share\interpreter\linkResolver.cpp, line 805]
Event: 7.270 Thread 0x000001f9d4b2d7a0 Exception <a 'java/lang/NoSuchMethodError'{0x0000000096072700}: 'java.lang.Object java.lang.invoke.DirectMethodHandle$Holder.invokeStaticInit(java.lang.Object, long, java.lang.Object)'> (0x0000000096072700) 
thrown [s\open\src\hotspot\share\interpreter\linkResolver.cpp, line 805]
Event: 7.272 Thread 0x000001f9d4b2d7a0 Exception <a 'java/lang/NoSuchMethodError'{0x00000000960a0b90}: 'java.lang.Object java.lang.invoke.DirectMethodHandle$Holder.invokeStaticInit(java.lang.Object, long)'> (0x00000000960a0b90) 
thrown [s\open\src\hotspot\share\interpreter\linkResolver.cpp, line 805]
Event: 7.386 Thread 0x000001f9d4b2d7a0 Exception <a 'java/lang/NoSuchMethodError'{0x00000000960f7078}: 'long java.lang.invoke.DirectMethodHandle$Holder.invokeStaticInit(java.lang.Object, long, long, long, long)'> (0x00000000960f7078) 
thrown [s\open\src\hotspot\share\interpreter\linkResolver.cpp, line 805]
Event: 7.388 Thread 0x000001f9d4b2d7a0 Exception <a 'java/lang/NoSuchMethodError'{0x00000000960ffd30}: 'java.lang.Object java.lang.invoke.DirectMethodHandle$Holder.invokeInterface(java.lang.Object, java.lang.Object, long, long)'> (0x00000000960ffd30) 
thrown [s\open\src\hotspot\share\interpreter\linkResolver.cpp, line 805]
Event: 7.393 Thread 0x000001f9d4b2d7a0 Exception <a 'java/lang/NoSuchMethodError'{0x0000000095f3a5f0}: 'void java.lang.invoke.DirectMethodHandle$Holder.invokeStaticInit(java.lang.Object, java.lang.Object, long, java.lang.Object)'> (0x0000000095f3a5f0) 
thrown [s\open\src\hotspot\share\interpreter\linkResolver.cpp, line 805]
Event: 7.395 Thread 0x000001f9d4b2d7a0 Exception <a 'java/lang/NoSuchMethodError'{0x0000000095f43010}: 'long java.lang.invoke.DirectMethodHandle$Holder.invokeStatic(java.lang.Object, long, long)'> (0x0000000095f43010) 
thrown [s\open\src\hotspot\share\interpreter\linkResolver.cpp, line 805]
Event: 7.408 Thread 0x000001f9d4b2d7a0 Exception <a 'java/lang/NoSuchMethodError'{0x0000000095f6bef0}: 'java.lang.Object java.lang.invoke.DirectMethodHandle$Holder.newInvokeSpecial(java.lang.Object, int, java.lang.Object)'> (0x0000000095f6bef0) 
thrown [s\open\src\hotspot\share\interpreter\linkResolver.cpp, line 805]
Event: 7.414 Thread 0x000001f9d4b2d7a0 Exception <a 'java/lang/NoSuchMethodError'{0x0000000095f8a760}: 'void java.lang.invoke.DelegatingMethodHandle$Holder.reinvoke_L(java.lang.Object, java.lang.Object, java.lang.Object, java.lang.Object, long, long, int)'> (0x0000000095f8a760) 
thrown [s\open\src\hotspot\share\interpreter\linkResolver.cpp, line 805]
Event: 7.420 Thread 0x000001f9d4b2d7a0 Exception <a 'java/lang/NoSuchMethodError'{0x0000000095fabae8}: 'java.lang.Object java.lang.invoke.DirectMethodHandle$Holder.invokeStatic(java.lang.Object, java.lang.Object, java.lang.Object, java.lang.Object, java.lang.Object, long)'> (0x0000000095fabae8) 
thrown [s\open\src\hotspot\share\interpreter\linkResolver.cpp, line 805]
Event: 7.445 Thread 0x000001f9d4b2d7a0 Implicit null exception at 0x000001f987b58d12 to 0x000001f987b594dc
Event: 7.445 Thread 0x000001f9d4b2d7a0 Implicit null exception at 0x000001f987b5a6e4 to 0x000001f987b5a789

VM Operations (20 events):
Event: 2.456 Executing VM operation: HandshakeAllThreads (Deoptimize)
Event: 2.457 Executing VM operation: HandshakeAllThreads (Deoptimize) done
Event: 3.209 Executing VM operation: HandshakeAllThreads (Deoptimize)
Event: 3.209 Executing VM operation: HandshakeAllThreads (Deoptimize) done
Event: 7.259 Executing VM operation: HandshakeAllThreads (Deoptimize)
Event: 7.259 Executing VM operation: HandshakeAllThreads (Deoptimize) done
Event: 7.403 Executing VM operation: HandshakeAllThreads (Deoptimize)
Event: 7.403 Executing VM operation: HandshakeAllThreads (Deoptimize) done
Event: 60.157 Executing VM operation: HandshakeAllThreads (HandshakeForDeflation)
Event: 60.157 Executing VM operation: HandshakeAllThreads (HandshakeForDeflation) done
Event: 60.157 Executing VM operation: RendezvousGCThreads
Event: 60.157 Executing VM operation: RendezvousGCThreads done
Event: 2345.303 Executing VM operation: HandshakeAllThreads (HandshakeForDeflation)
Event: 2345.303 Executing VM operation: HandshakeAllThreads (HandshakeForDeflation) done
Event: 2345.303 Executing VM operation: RendezvousGCThreads
Event: 2345.303 Executing VM operation: RendezvousGCThreads done
Event: 3066.942 Executing VM operation: HandshakeAllThreads (HandshakeForDeflation)
Event: 3066.942 Executing VM operation: HandshakeAllThreads (HandshakeForDeflation) done
Event: 3066.942 Executing VM operation: RendezvousGCThreads
Event: 3066.942 Executing VM operation: RendezvousGCThreads done

Memory protections (0 events):
No events

Nmethod flushes (0 events):
No events

Events (20 events):
Event: 2.687 Thread 0x000001f9d4b74bd0 Thread added: 0x000001f9d4b74bd0
Event: 2.946 Thread 0x000001f9d4bffb90 Thread exited: 0x000001f9d4bffb90
Event: 2.976 Thread 0x000001f9d4a8ca10 Thread added: 0x000001f9d4b75320
Event: 6.206 Thread 0x000001f9f8e808f0 Thread added: 0x000001f9d4598070
Event: 7.153 Thread 0x000001f9d4598070 Thread exited: 0x000001f9d4598070
Event: 7.180 Thread 0x000001f9d4b2d7a0 Thread added: 0x000001f9d4b77060
Event: 7.181 Thread 0x000001f9d4b2d7a0 Thread added: 0x000001f9d4b73d30
Event: 7.182 Thread 0x000001f9d4b2d7a0 Thread added: 0x000001f9d4b75a70
Event: 7.372 Thread 0x000001f9d4b2d7a0 Thread added: 0x000001f9d4b761c0
Event: 7.498 Thread 0x000001f9f8e808f0 Thread added: 0x000001f9d5416790
Event: 8.436 Thread 0x000001f9d4b73d30 Thread exited: 0x000001f9d4b73d30
Event: 8.437 Thread 0x000001f9d4b761c0 Thread exited: 0x000001f9d4b761c0
Event: 12.569 Thread 0x000001f9d5416790 Thread exited: 0x000001f9d5416790
Event: 2305.249 Thread 0x000001f9d4b75a70 Thread added: 0x000001f9d4b761c0
Event: 2306.473 Thread 0x000001f9d4b761c0 Thread exited: 0x000001f9d4b761c0
Event: 2307.335 Thread 0x000001f9d4b75a70 Thread added: 0x000001f9d4b761c0
Event: 2309.445 Thread 0x000001f9d4b761c0 Thread exited: 0x000001f9d4b761c0
Event: 3062.233 Thread 0x000001f9d4b75a70 Thread added: 0x000001f9d4b761c0
Event: 3063.269 Thread 0x000001f9d4b761c0 Thread exited: 0x000001f9d4b761c0
Event: 5053.262 Thread 0x000001f9d4b75a70 Thread added: 0x000001f9d4b761c0


Dynamic libraries:
0x00007ff73b220000 - 0x00007ff73b230000 	C:\Program Files\Java\jdk-24\bin\java.exe
0x00007ffd601e0000 - 0x00007ffd603e9000 	C:\Windows\SYSTEM32\ntdll.dll
0x00007ffd5ef60000 - 0x00007ffd5f01d000 	C:\Windows\System32\KERNEL32.DLL
0x00007ffd5d8c0000 - 0x00007ffd5dc44000 	C:\Windows\System32\KERNELBASE.dll
0x00007ffd5dee0000 - 0x00007ffd5dff1000 	C:\Windows\System32\ucrtbase.dll
0x00007ffd33c80000 - 0x00007ffd33c9b000 	C:\Program Files\Java\jdk-24\bin\VCRUNTIME140.dll
0x00007ffd2d060000 - 0x00007ffd2d076000 	C:\Program Files\Java\jdk-24\bin\jli.dll
0x00007ffd5e070000 - 0x00007ffd5e21d000 	C:\Windows\System32\USER32.dll
0x00007ffd4cd50000 - 0x00007ffd4cff5000 	C:\Windows\WinSxS\amd64_microsoft.windows.common-controls_6595b64144ccf1df_6.0.22000.120_none_9d947278b86cc467\COMCTL32.dll
0x00007ffd5e000000 - 0x00007ffd5e026000 	C:\Windows\System32\win32u.dll
0x00007ffd5e040000 - 0x00007ffd5e06a000 	C:\Windows\System32\GDI32.dll
0x00007ffd5fc00000 - 0x00007ffd5fca3000 	C:\Windows\System32\msvcrt.dll
0x00007ffd5d7a0000 - 0x00007ffd5d8be000 	C:\Windows\System32\gdi32full.dll
0x00007ffd5de40000 - 0x00007ffd5dedd000 	C:\Windows\System32\msvcp_win.dll
0x00007ffd5e360000 - 0x00007ffd5e391000 	C:\Windows\System32\IMM32.DLL
0x00007ffd55040000 - 0x00007ffd5504c000 	C:\Program Files\Java\jdk-24\bin\vcruntime140_1.dll
0x00007ffd2cfd0000 - 0x00007ffd2d05e000 	C:\Program Files\Java\jdk-24\bin\msvcp140.dll
0x00007ffced470000 - 0x00007ffcee212000 	C:\Program Files\Java\jdk-24\bin\server\jvm.dll
0x00007ffd5f180000 - 0x00007ffd5f22e000 	C:\Windows\System32\ADVAPI32.dll
0x00007ffd5f240000 - 0x00007ffd5f2de000 	C:\Windows\System32\sechost.dll
0x00007ffd5e400000 - 0x00007ffd5e521000 	C:\Windows\System32\RPCRT4.dll
0x00007ffd5f020000 - 0x00007ffd5f08f000 	C:\Windows\System32\WS2_32.dll
0x00007ffd5d390000 - 0x00007ffd5d3dd000 	C:\Windows\SYSTEM32\POWRPROF.dll
0x00007ffd54fa0000 - 0x00007ffd54fd3000 	C:\Windows\SYSTEM32\WINMM.dll
0x00007ffd54990000 - 0x00007ffd5499a000 	C:\Windows\SYSTEM32\VERSION.dll
0x00007ffd5d0f0000 - 0x00007ffd5d103000 	C:\Windows\SYSTEM32\UMPDC.dll
0x00007ffd5c6e0000 - 0x00007ffd5c6f8000 	C:\Windows\SYSTEM32\kernel.appcore.dll
0x00007ffd411a0000 - 0x00007ffd411aa000 	C:\Program Files\Java\jdk-24\bin\jimage.dll
0x00007ffd3cf50000 - 0x00007ffd3d171000 	C:\Windows\SYSTEM32\DBGHELP.DLL
0x00007ffd4b530000 - 0x00007ffd4b561000 	C:\Windows\SYSTEM32\dbgcore.DLL
0x00007ffd5ddc0000 - 0x00007ffd5de3f000 	C:\Windows\System32\bcryptPrimitives.dll
0x00007ffd2cfb0000 - 0x00007ffd2cfce000 	C:\Program Files\Java\jdk-24\bin\java.dll
0x00007ffd5f6e0000 - 0x00007ffd5f87a000 	C:\Windows\System32\ole32.dll
0x00007ffd5f2f0000 - 0x00007ffd5f666000 	C:\Windows\System32\combase.dll
0x00007ffd5e6f0000 - 0x00007ffd5eeb5000 	C:\Windows\System32\SHELL32.dll
0x00007ffd5b740000 - 0x00007ffd5bfa2000 	C:\Windows\SYSTEM32\windows.storage.dll
0x00007ffd5b5d0000 - 0x00007ffd5b737000 	C:\Windows\SYSTEM32\wintypes.dll
0x00007ffd5f930000 - 0x00007ffd5fa1a000 	C:\Windows\System32\SHCORE.dll
0x00007ffd5f680000 - 0x00007ffd5f6dd000 	C:\Windows\System32\shlwapi.dll
0x00007ffd5d5a0000 - 0x00007ffd5d5c5000 	C:\Windows\SYSTEM32\profapi.dll
0x00007ffd0ae50000 - 0x00007ffd0af27000 	C:\Program Files\Java\jdk-24\bin\jsvml.dll
0x00007ffd3eec0000 - 0x00007ffd3eed0000 	C:\Program Files\Java\jdk-24\bin\net.dll
0x00007ffd5cb90000 - 0x00007ffd5cbf7000 	C:\Windows\system32\mswsock.dll
0x00007ffd2cf90000 - 0x00007ffd2cfa6000 	C:\Program Files\Java\jdk-24\bin\nio.dll
0x00007ffd29d20000 - 0x00007ffd29d37000 	C:\Program Files\Java\jdk-24\bin\zip.dll
0x00007ffd38010000 - 0x00007ffd38020000 	C:\Program Files\Java\jdk-24\bin\verify.dll
0x00007ffd37a20000 - 0x00007ffd37a2a000 	C:\Program Files\Java\jdk-24\bin\management.dll
0x00007ffd37340000 - 0x00007ffd3734b000 	C:\Program Files\Java\jdk-24\bin\management_ext.dll
0x00007ffd5f230000 - 0x00007ffd5f238000 	C:\Windows\System32\PSAPI.DLL
0x00007ffd37f70000 - 0x00007ffd37f87000 	C:\Windows\system32\napinsp.dll
0x00007ffd45000000 - 0x00007ffd4501b000 	C:\Windows\system32\pnrpnsp.dll
0x00007ffd5c230000 - 0x00007ffd5c317000 	C:\Windows\SYSTEM32\DNSAPI.dll
0x00007ffd5c200000 - 0x00007ffd5c22d000 	C:\Windows\SYSTEM32\IPHLPAPI.DLL
0x00007ffd5f2e0000 - 0x00007ffd5f2e9000 	C:\Windows\System32\NSI.dll
0x00007ffd38060000 - 0x00007ffd38072000 	C:\Windows\System32\winrnr.dll
0x00007ffd54850000 - 0x00007ffd54865000 	C:\Windows\system32\wshbth.dll
0x00007ffd45020000 - 0x00007ffd4503f000 	C:\Windows\system32\nlansp_c.dll
0x00007ffd53150000 - 0x00007ffd5315a000 	C:\Windows\System32\rasadhlp.dll
0x00007ffd54700000 - 0x00007ffd54781000 	C:\Windows\System32\fwpuclnt.dll
0x00007ffd36700000 - 0x00007ffd36709000 	C:\Program Files\Java\jdk-24\bin\extnet.dll
0x00007ffd34310000 - 0x00007ffd3431e000 	C:\Program Files\Java\jdk-24\bin\sunmscapi.dll
0x00007ffd5dc50000 - 0x00007ffd5ddb2000 	C:\Windows\System32\CRYPT32.dll
0x00007ffd5cf90000 - 0x00007ffd5cfb8000 	C:\Windows\SYSTEM32\ncrypt.dll
0x00007ffd5cf50000 - 0x00007ffd5cf87000 	C:\Windows\SYSTEM32\NTASN1.dll
0x00007ffd54e00000 - 0x00007ffd54e08000 	C:\Windows\system32\wshunix.dll
0x00007ffd5ce40000 - 0x00007ffd5ce58000 	C:\Windows\SYSTEM32\CRYPTSP.dll
0x00007ffd5c640000 - 0x00007ffd5c675000 	C:\Windows\system32\rsaenh.dll
0x00007ffd5ccf0000 - 0x00007ffd5cd1c000 	C:\Windows\SYSTEM32\USERENV.dll
0x00007ffd5cfc0000 - 0x00007ffd5cfe7000 	C:\Windows\SYSTEM32\bcrypt.dll
0x00007ffd5ce60000 - 0x00007ffd5ce6c000 	C:\Windows\SYSTEM32\CRYPTBASE.dll
0x00007ffced2f0000 - 0x00007ffced46f000 	C:\Program Files\Java\jdk-24\bin\awt.dll
0x00007ffd5fb20000 - 0x00007ffd5fbf6000 	C:\Windows\System32\OLEAUT32.dll
0x00007ffd5a560000 - 0x00007ffd5a5f2000 	C:\Windows\SYSTEM32\apphelp.dll
0x00007ffd5aa60000 - 0x00007ffd5aa8f000 	C:\Windows\system32\DWMAPI.DLL
0x00007ffd5a6b0000 - 0x00007ffd5a75c000 	C:\Windows\system32\uxtheme.dll
0x00007ffced1e0000 - 0x00007ffced2e1000 	C:\Windows\system32\opengl32.dll
0x00007ffd1f970000 - 0x00007ffd1f99d000 	C:\Windows\SYSTEM32\GLU32.dll
0x00007ffd5a7f0000 - 0x00007ffd5a828000 	C:\Windows\SYSTEM32\dxcore.dll
0x00007ffd5e220000 - 0x00007ffd5e33d000 	C:\Windows\System32\MSCTF.dll
0x00007ffd1a530000 - 0x00007ffd1a6d6000 	C:\Windows\system32\d3d9.dll
0x00007ffd549a0000 - 0x00007ffd54b7b000 	C:\Windows\System32\DriverStore\FileRepository\u0369996.inf_amd64_341b825757693c75\B369942\aticfx64.dll
0x00007ffd1a490000 - 0x00007ffd1a4c3000 	C:\Windows\System32\DriverStore\FileRepository\u0369996.inf_amd64_341b825757693c75\B369942\atiu9p64.dll
0x00007ffd19710000 - 0x00007ffd1a46a000 	C:\Windows\System32\DriverStore\FileRepository\u0369996.inf_amd64_341b825757693c75\B369942\atiumd64.dll
0x0000000064360000 - 0x000000006522b000 	C:\Windows\System32\DriverStore\FileRepository\u0369996.inf_amd64_341b825757693c75\B369942\atiumd6a.dll
0x00007ffd54890000 - 0x00007ffd548c0000 	C:\Windows\SYSTEM32\amdihk64.dll
0x00007ffd58250000 - 0x00007ffd58294000 	C:\Windows\SYSTEM32\directxdatabasehelper.dll
0x00007ffd5c700000 - 0x00007ffd5c734000 	C:\Windows\SYSTEM32\ntmarta.dll

JVMTI agents: none

dbghelp: loaded successfully - version: 4.0.5 - missing functions: none
symbol engine: initialized successfully - sym options: 0x614 - pdb path: .;C:\Program Files\Java\jdk-24\bin;C:\Windows\SYSTEM32;C:\Windows\WinSxS\amd64_microsoft.windows.common-controls_6595b64144ccf1df_6.0.22000.120_none_9d947278b86cc467;C:\Program Files\Java\jdk-24\bin\server;C:\Windows\System32\DriverStore\FileRepository\u0369996.inf_amd64_341b825757693c75\B369942

VM Arguments:
jvm_args: -Dfile.encoding=UTF-8 -Dsikuli.Debug=0 
java_command: C:\Users\UK-PC\Desktop\AI driven cargo-wise automation framework\venv\Lib\site-packages\SikuliLibrary\lib\SikuliLibrary.jar 57918 C:\Users\UK-PC\AppData\Local\Temp\tmptcmuhiux
java_class_path (initial): C:\Users\UK-PC\Desktop\AI driven cargo-wise automation framework\venv\Lib\site-packages\SikuliLibrary\lib\SikuliLibrary.jar
Launcher Type: SUN_STANDARD

[Global flags]
     intx CICompilerCount                          = 3                                         {product} {ergonomic}
     uint ConcGCThreads                            = 1                                         {product} {ergonomic}
     uint G1ConcRefinementThreads                  = 4                                         {product} {ergonomic}
   size_t G1HeapRegionSize                         = 1048576                                   {product} {ergonomic}
   size_t InitialHeapSize                          = 117440512                                 {product} {ergonomic}
   size_t MarkStackSize                            = 4194304                                   {product} {ergonomic}
   size_t MarkStackSizeMax                         = 536870912                                 {product} {ergonomic}
   size_t MaxHeapSize                              = 1862270976                                {product} {ergonomic}
   size_t MaxNewSize                               = 1116733440                                {product} {ergonomic}
   size_t MinHeapDeltaBytes                        = 1048576                                   {product} {ergonomic}
   size_t MinHeapSize                              = 8388608                                   {product} {ergonomic}
    uintx NonNMethodCodeHeapSize                   = 5832704                                {pd product} {ergonomic}
    uintx NonProfiledCodeHeapSize                  = 122945536                              {pd product} {ergonomic}
    uintx ProfiledCodeHeapSize                     = 122880000                              {pd product} {ergonomic}
    uintx ReservedCodeCacheSize                    = 251658240                              {pd product} {ergonomic}
     bool SegmentedCodeCache                       = true                                      {product} {ergonomic}
   size_t SoftMaxHeapSize                          = 1862270976                             {manageable} {ergonomic}
     bool UseCompressedOops                        = true                           {product lp64_product} {ergonomic}
     bool UseG1GC                                  = true                                      {product} {ergonomic}
     bool UseLargePagesIndividualAllocation        = false                                  {pd product} {ergonomic}

Logging:
Log output configuration:
 #0: stdout all=warning uptime,level,tags foldmultilines=false
 #1: stderr all=off uptime,level,tags foldmultilines=false

Environment Variables:
JAVA_HOME=C:\Program Files\Java\jdk-24
JAVA_TOOL_OPTIONS=-Dfile.encoding=UTF-8 -Dsikuli.Debug=0
PATH=C:\Users\UK-PC\Desktop\AI driven cargo-wise automation framework\venv\Scripts;C:\Program Files\Java\jdk-24\bin;C:\Program Files\Java\jdk-24\bin;C:\Program Files\Common Files\Oracle\Java\javapath;C:\Program Files\FireDaemon OpenSSL 3\bin\;C:\Windows\system32;C:\Windows;C:\Windows\System32\Wbem;C:\Windows\System32\WindowsPowerShell\v1.0\;C:\Windows\System32\OpenSSH\;C:\Program Files\Git\cmd;C:\ProgramData\chocolatey\bin;C:\Program Files\nodejs\;C:\Users\UK-PC\AppData\Local\Packages\PythonSoftwareFoundation.Python.3.13_qbz5n2kfra8p0\LocalCache\local-packages\Python313\Scripts;C:\Users\UK-PC\AppData\Local\Packages\PythonSoftwareFoundation.Python.3.13_qbz5n2kfra8p0\LocalCache\local-packages\Python313\Scripts;C:\Program Files\Docker\Docker\resources\bin;C:\Program Files\OpenRPA\;C:\Python311\Scripts\;C:\Python311\;C:\Users\UK-PC\AppData\Local\Programs\Python\Python313\Scripts\;C:\Users\UK-PC\AppData\Local\Programs\Python\Python313\;C:\Users\UK-PC\AppData\Local\Programs\Python\Launcher\;C:\Users\UK-PC\AppData\Local\Google\Chrome\Application;C:\Program Files\FireDaemon OpenSSL 3\bin\;C:\Windows\system32;C:\Windows;C:\Windows\System32\Wbem;C:\Windows\System32\WindowsPowerShell\v1.0\;C:\Windows\System32\OpenSSH\;C:\Program Files\Git\cmd;C:\ProgramData\chocolatey\bin;C:\Program Files\nodejs\;C:\Users\UK-PC\AppData\Local\Microsoft\WindowsApps;C:\Users\UK-PC\AppData\Local\Programs\Microsoft VS Code\bin;C:\Users\UK-PC\AppData\Roaming\npm;C:\Users\UK-PC\AppData\Local\Programs\Trae\bin;c:\Users\UK-PC\AppData\Local\Programs\Trae\bin;C:\Users\UK-PC\AppData\Local\Packages\PythonSoftwareFoundation.Python.3.13_qbz5n2kfra8p0\LocalCache\local-packages\Python313\Scripts;C:\Users\UK-PC\AppData\Local\Packages\PythonSoftwareFoundation.Python.3.13_qbz5n2kfra8p0\LocalCache\local-packages\Python313\Scripts;C:\Users\UK-PC\AppData\Local\Programs\Python\Python312\;C:\Users\UK-PC\AppData\Local\Programs\Python\Python312\Scripts\;C:\Users\UK-PC\AppData\Local\reflex\bun\bin;
USERNAME=UK-PC
LANG=en_US.UTF-8
OS=Windows_NT
PROCESSOR_IDENTIFIER=AMD64 Family 21 Model 101 Stepping 1, AuthenticAMD
TMP=C:\Users\UK-PC\AppData\Local\Temp
TEMP=C:\Users\UK-PC\AppData\Local\Temp




Periodic native trim disabled

---------------  S Y S T E M  ---------------

OS:
 Windows 11 , 64 bit Build 22000 (10.0.22000.2538)
OS uptime: 0 days 4:08 hours
Hyper-V role detected

CPU: total 4 (initial active 4) (4 cores per cpu, 1 threads per core) family 21 model 101 stepping 1 microcode 0x0, cx8, cmov, fxsr, mmx, 3dnowpref, sse, sse2, sse3, ssse3, sse4a, sse4.1, sse4.2, popcnt, lzcnt, tsc, tscinvbit, avx, avx2, aes, clmul, bmi1, bmi2, fma, vzeroupper, clflush, hv, rdtscp, f16c
Processor Information for the first 4 processors :
  Max Mhz: 2400, Current Mhz: 2400, Mhz Limit: 2400

Memory: 4k page, system-wide physical 7098M (359M free)
TotalPageFile size 22279M (AvailPageFile size 419M)
current process WorkingSet (physical memory assigned to process): 47M, peak: 122M
current process commit charge ("private bytes"): 229M, peak: 236M

vm_info: Java HotSpot(TM) 64-Bit Server VM (24.0.1+9-30) for windows-amd64 JRE (24.0.1+9-30), built on 2025-03-05T07:23:45Z with MS VC++ 17.6 (VS2022)

END.
