#
# There is insufficient memory for the Java Runtime Environment to continue.
# Native memory allocation (malloc) failed to allocate 48776 bytes. Error detail: Chunk::new
# Possible reasons:
#   The system is out of physical RAM or swap space
#   This process is running with CompressedOops enabled, and the Java Heap may be blocking the growth of the native heap
# Possible solutions:
#   Reduce memory load on the system
#   Increase physical memory or swap space
#   Check if swap backing store is full
#   Decrease Java heap size (-Xmx/-Xms)
#   Decrease number of Java threads
#   Decrease Java thread stack sizes (-Xss)
#   Set larger code cache with -XX:ReservedCodeCacheSize=
#   JVM is running with Unscaled Compressed Oops mode in which the Java heap is
#     placed in the first 4GB address space. The Java Heap base address is the
#     maximum limit for the native heap growth. Please use -XX:HeapBaseMinAddress
#     to set the Java Heap base and to place the Java Heap above 4GB virtual address.
# This output file may be truncated or incomplete.
#
#  Out of Memory Error (arena.cpp:162), pid=19672, tid=18420
#
# JRE version: Java(TM) SE Runtime Environment (24.0.1+9) (build 24.0.1+9-30)
# Java VM: Java HotSpot(TM) 64-Bit Server VM (24.0.1+9-30, mixed mode, sharing, tiered, compressed oops, compressed class ptrs, g1 gc, windows-amd64)
# No core dump will be written. Minidumps are not enabled by default on client versions of Windows
#

---------------  S U M M A R Y ------------

Command Line: -Dfile.encoding=UTF-8 -Dsikuli.Debug=0 C:\Users\UK-PC\Desktop\AI driven cargo-wise automation framework\venv\Lib\site-packages\SikuliLibrary\lib\SikuliLibrary.jar 59646 C:\Users\UK-PC\AppData\Local\Temp\tmpz47s54k5

Host: AMD PRO A10-8730B R5, 10 COMPUTE CORES 4C+6G   , 4 cores, 6G,  Windows 11 , 64 bit Build 22000 (10.0.22000.2538)
Time: Wed Aug 20 02:33:40 2025 W. Central Africa Standard Time elapsed time: 2364.922205 seconds (0d 0h 39m 24s)

---------------  T H R E A D  ---------------

Current thread (0x0000018afdb32d20):  JavaThread "C2 CompilerThread0" daemon [_thread_in_native, id=18420, stack(0x0000001629d00000,0x0000001629e00000) (1024K)]


Current CompileTask:
C2:2364922 2680       4       java.lang.StringBuilder::append (8 bytes)

Stack: [0x0000001629d00000,0x0000001629e00000]
Native frames: (J=compiled Java code, j=interpreted, Vv=VM code, C=native code)
V  [jvm.dll+0x730739]  (no source info available)
V  [jvm.dll+0x8d9b23]  (no source info available)
V  [jvm.dll+0x8dc00d]  (no source info available)
V  [jvm.dll+0x8dc683]  (no source info available)
V  [jvm.dll+0x2aa086]  (no source info available)
V  [jvm.dll+0xcedef]  (no source info available)
V  [jvm.dll+0xcf04f]  (no source info available)
V  [jvm.dll+0x3f373c]  (no source info available)
V  [jvm.dll+0x205e4f]  (no source info available)
V  [jvm.dll+0x26f7f0]  (no source info available)
V  [jvm.dll+0x26ea3f]  (no source info available)
V  [jvm.dll+0x1e9d60]  (no source info available)
V  [jvm.dll+0x27e1fb]  (no source info available)
V  [jvm.dll+0x27c49a]  (no source info available)
V  [jvm.dll+0x42f456]  (no source info available)
V  [jvm.dll+0x87d76b]  (no source info available)
V  [jvm.dll+0x72ee55]  (no source info available)
C  [ucrtbase.dll+0x26c0c]  (no source info available)
C  [KERNEL32.DLL+0x153e0]  (no source info available)
C  [ntdll.dll+0x485b]  (no source info available)

Lock stack of current Java thread (top to bottom):


---------------  P R O C E S S  ---------------

Threads class SMR info:
_java_thread_list=0x0000018afdb8ddd0, length=21, elements={
0x0000018afdb281e0, 0x0000018afdb28fd0, 0x0000018afdb2b740, 0x0000018afdb2c270,
0x0000018afdb2f2a0, 0x0000018afdb31de0, 0x0000018afdb32d20, 0x0000018afdb35df0,
0x0000018afdb0bf90, 0x0000018ac50531a0, 0x0000018ac5ae8900, 0x0000018ac5af6980,
0x0000018ac5b14c10, 0x0000018ac5b12780, 0x0000018ac5b15360, 0x0000018ac5b12030,
0x0000018ac5b12ed0, 0x0000018ac5b13620, 0x0000018ac5b13d70, 0x0000018ac5b144c0,
0x0000018ac5d098e0
}

Java Threads: ( => current thread )
  0x0000018afdb281e0 JavaThread "Reference Handler"          daemon [_thread_blocked, id=18976, stack(0x0000001629700000,0x0000001629800000) (1024K)]
  0x0000018afdb28fd0 JavaThread "Finalizer"                  daemon [_thread_blocked, id=18912, stack(0x0000001629800000,0x0000001629900000) (1024K)]
  0x0000018afdb2b740 JavaThread "Signal Dispatcher"          daemon [_thread_blocked, id=20072, stack(0x0000001629900000,0x0000001629a00000) (1024K)]
  0x0000018afdb2c270 JavaThread "Attach Listener"            daemon [_thread_blocked, id=17024, stack(0x0000001629a00000,0x0000001629b00000) (1024K)]
  0x0000018afdb2f2a0 JavaThread "Service Thread"             daemon [_thread_blocked, id=19516, stack(0x0000001629b00000,0x0000001629c00000) (1024K)]
  0x0000018afdb31de0 JavaThread "Monitor Deflation Thread"   daemon [_thread_blocked, id=18884, stack(0x0000001629c00000,0x0000001629d00000) (1024K)]
=>0x0000018afdb32d20 JavaThread "C2 CompilerThread0"         daemon [_thread_in_native, id=18420, stack(0x0000001629d00000,0x0000001629e00000) (1024K)]
  0x0000018afdb35df0 JavaThread "C1 CompilerThread0"         daemon [_thread_blocked, id=12936, stack(0x0000001629e00000,0x0000001629f00000) (1024K)]
  0x0000018afdb0bf90 JavaThread "Notification Thread"        daemon [_thread_blocked, id=18700, stack(0x0000001629f00000,0x000000162a000000) (1024K)]
  0x0000018ac50531a0 JavaThread "Common-Cleaner"             daemon [_thread_blocked, id=20156, stack(0x000000162a000000,0x000000162a100000) (1024K)]
  0x0000018ac5ae8900 JavaThread "qtp1764696127-25"                  [_thread_in_native, id=15808, stack(0x000000162a100000,0x000000162a200000) (1024K)]
  0x0000018ac5af6980 JavaThread "qtp1764696127-26-acceptor-0@506d0b61-ServerConnector@6200f9cb{HTTP/1.1, (http/1.1)}{0.0.0.0:59646}"        [_thread_in_native, id=19804, stack(0x000000162a200000,0x000000162a300000) (1024K)]
  0x0000018ac5b14c10 JavaThread "qtp1764696127-27"                  [_thread_blocked, id=2304, stack(0x000000162a300000,0x000000162a400000) (1024K)]
  0x0000018ac5b12780 JavaThread "qtp1764696127-28"                  [_thread_blocked, id=18564, stack(0x000000162a400000,0x000000162a500000) (1024K)]
  0x0000018ac5b15360 JavaThread "qtp1764696127-29"                  [_thread_in_native, id=2672, stack(0x000000162a500000,0x000000162a600000) (1024K)]
  0x0000018ac5b12030 JavaThread "qtp1764696127-30"                  [_thread_blocked, id=8660, stack(0x000000162a600000,0x000000162a700000) (1024K)]
  0x0000018ac5b12ed0 JavaThread "qtp1764696127-31"                  [_thread_blocked, id=13736, stack(0x000000162a700000,0x000000162a800000) (1024K)]
  0x0000018ac5b13620 JavaThread "qtp1764696127-32"                  [_thread_blocked, id=16068, stack(0x000000162a800000,0x000000162a900000) (1024K)]
  0x0000018ac5b13d70 JavaThread "DestroyJavaVM"                     [_thread_blocked, id=13264, stack(0x0000001628f00000,0x0000001629000000) (1024K)]
  0x0000018ac5b144c0 JavaThread "Connector-Scheduler-6200f9cb-1"        [_thread_blocked, id=18940, stack(0x000000162ac00000,0x000000162ad00000) (1024K)]
  0x0000018ac5d098e0 JavaThread "Java2D Disposer"            daemon [_thread_blocked, id=20328, stack(0x000000162ad00000,0x000000162ae00000) (1024K)]
Total: 21

Other Threads:
  0x0000018afdb1c390 VMThread "VM Thread"                           [id=13120, stack(0x0000001629600000,0x0000001629700000) (1024K)]
  0x0000018afdb0b3e0 WatcherThread "VM Periodic Task Thread"        [id=264, stack(0x0000001629500000,0x0000001629600000) (1024K)]
  0x0000018ae1b52070 WorkerThread "GC Thread#0"                     [id=2636, stack(0x0000001629000000,0x0000001629100000) (1024K)]
  0x0000018ac5b04230 WorkerThread "GC Thread#1"                     [id=18244, stack(0x000000162a900000,0x000000162aa00000) (1024K)]
  0x0000018ac5b045e0 WorkerThread "GC Thread#2"                     [id=13372, stack(0x000000162aa00000,0x000000162ab00000) (1024K)]
  0x0000018ac5b0c150 WorkerThread "GC Thread#3"                     [id=20124, stack(0x000000162ab00000,0x000000162ac00000) (1024K)]
  0x0000018ae1b64640 ConcurrentGCThread "G1 Main Marker"            [id=16452, stack(0x0000001629100000,0x0000001629200000) (1024K)]
  0x0000018ae1b652d0 WorkerThread "G1 Conc#0"                       [id=16992, stack(0x0000001629200000,0x0000001629300000) (1024K)]
  0x0000018ae1bce3f0 ConcurrentGCThread "G1 Refine#0"               [id=20244, stack(0x0000001629300000,0x0000001629400000) (1024K)]
  0x0000018afd9d34c0 ConcurrentGCThread "G1 Service"                [id=19956, stack(0x0000001629400000,0x0000001629500000) (1024K)]
Total: 10

Threads with active compile tasks:
C2 CompilerThread0  2365151 2680       4       java.lang.StringBuilder::append (8 bytes)
Total: 1

VM state: not at safepoint (normal execution)

VM Mutex/Monitor currently owned by a thread: None

OutOfMemory and StackOverflow Exception counts:
OutOfMemoryError java_heap_errors=2
LinkageErrors=47

Heap address: 0x0000000091000000, size: 1776 MB, Compressed Oops mode: 32-bit

CDS archive(s) mapped at: [0x0000018a80000000-0x0000018a80d40000-0x0000018a80d40000), size 13893632, SharedBaseAddress: 0x0000018a80000000, ArchiveRelocationMode: 1.
Compressed class space mapped at: 0x0000018a81000000-0x0000018ac1000000, reserved size: 1073741824
UseCompressedClassPointers 1, UseCompactObjectHeaders 0
Narrow klass pointer bits 32, Max shift 3
Narrow klass base: 0x0000018a80000000, Narrow klass shift: 0
Encoding Range: [0x0000018a80000000 - 0x0000018b80000000), (4294967296 bytes)
Klass Range:    [0x0000018a80000000 - 0x0000018ac1000000), (1090519040 bytes)
Klass ID Range:  [8 - 1090519033) (1090519025)

GC Precious Log:
 CardTable entry size: 512
 Card Set container configuration: InlinePtr #cards 5 size 8 Array Of Cards #cards 10 size 36 Howl #buckets 4 coarsen threshold 1843 Howl Bitmap #cards 512 size 80 coarsen threshold 460 Card regions per heap region 1 cards per card region 2048
 CPUs: 4 total, 4 available
 Memory: 7098M
 Large Page Support: Disabled
 NUMA Support: Disabled
 Compressed Oops: Enabled (32-bit)
 Heap Region Size: 1M
 Heap Min Capacity: 8M
 Heap Initial Capacity: 112M
 Heap Max Capacity: 1776M
 Pre-touch: Disabled
 Parallel Workers: 4
 Concurrent Workers: 1
 Concurrent Refinement Workers: 4
 Periodic GC: Disabled

Heap:
 garbage-first heap   total reserved 1818624K, committed 116736K, used 27675K [0x0000000091000000, 0x0000000100000000)
  region size 1024K, 7 young (7168K), 3 survivors (3072K)
 Metaspace       used 19833K, committed 20160K, reserved 1114112K
  class space    used 1775K, committed 1920K, reserved 1048576K

Heap Regions: E=young(eden), S=young(survivor), O=old, HS=humongous(starts), HC=humongous(continues), CS=collection set, F=free, TAMS=top-at-mark-start, PB=parsable bottom
|   0|0x0000000091000000, 0x0000000091100000, 0x0000000091100000|100%|HS|  |TAMS 0x0000000091000000| PB 0x0000000091000000| Complete |  0
|   1|0x0000000091100000, 0x0000000091200000, 0x0000000091200000|100%|HC|  |TAMS 0x0000000091100000| PB 0x0000000091100000| Complete |  0
|   2|0x0000000091200000, 0x0000000091300000, 0x0000000091300000|100%|HS|  |TAMS 0x0000000091200000| PB 0x0000000091200000| Complete |  0
|   3|0x0000000091300000, 0x0000000091400000, 0x0000000091400000|100%|HC|  |TAMS 0x0000000091300000| PB 0x0000000091300000| Complete |  0
|   4|0x0000000091400000, 0x0000000091500000, 0x0000000091500000|100%|HC|  |TAMS 0x0000000091400000| PB 0x0000000091400000| Complete |  0
|   5|0x0000000091500000, 0x0000000091600000, 0x0000000091600000|100%|HC|  |TAMS 0x0000000091500000| PB 0x0000000091500000| Complete |  0
|   6|0x0000000091600000, 0x0000000091700000, 0x0000000091700000|100%|HC|  |TAMS 0x0000000091600000| PB 0x0000000091600000| Complete |  0
|   7|0x0000000091700000, 0x0000000091800000, 0x0000000091800000|100%|HS|  |TAMS 0x0000000091700000| PB 0x0000000091700000| Complete |  0
|   8|0x0000000091800000, 0x0000000091900000, 0x0000000091900000|100%|HC|  |TAMS 0x0000000091800000| PB 0x0000000091800000| Complete |  0
|   9|0x0000000091900000, 0x0000000091a00000, 0x0000000091a00000|100%|HC|  |TAMS 0x0000000091900000| PB 0x0000000091900000| Complete |  0
|  10|0x0000000091a00000, 0x0000000091b00000, 0x0000000091b00000|100%|HC|  |TAMS 0x0000000091a00000| PB 0x0000000091a00000| Complete |  0
|  11|0x0000000091b00000, 0x0000000091c00000, 0x0000000091c00000|100%|HC|  |TAMS 0x0000000091b00000| PB 0x0000000091b00000| Complete |  0
|  12|0x0000000091c00000, 0x0000000091c00000, 0x0000000091d00000|  0%| F|  |TAMS 0x0000000091c00000| PB 0x0000000091c00000| Untracked |  0
|  13|0x0000000091d00000, 0x0000000091d00000, 0x0000000091e00000|  0%| F|  |TAMS 0x0000000091d00000| PB 0x0000000091d00000| Untracked |  0
|  14|0x0000000091e00000, 0x0000000091e00000, 0x0000000091f00000|  0%| F|  |TAMS 0x0000000091e00000| PB 0x0000000091e00000| Untracked |  0
|  15|0x0000000091f00000, 0x0000000091f00000, 0x0000000092000000|  0%| F|  |TAMS 0x0000000091f00000| PB 0x0000000091f00000| Untracked |  0
|  16|0x0000000092000000, 0x0000000092000000, 0x0000000092100000|  0%| F|  |TAMS 0x0000000092000000| PB 0x0000000092000000| Untracked |  0
|  17|0x0000000092100000, 0x0000000092100000, 0x0000000092200000|  0%| F|  |TAMS 0x0000000092100000| PB 0x0000000092100000| Untracked |  0
|  18|0x0000000092200000, 0x0000000092200000, 0x0000000092300000|  0%| F|  |TAMS 0x0000000092200000| PB 0x0000000092200000| Untracked |  0
|  19|0x0000000092300000, 0x0000000092300000, 0x0000000092400000|  0%| F|  |TAMS 0x0000000092300000| PB 0x0000000092300000| Untracked |  0
|  20|0x0000000092400000, 0x0000000092400000, 0x0000000092500000|  0%| F|  |TAMS 0x0000000092400000| PB 0x0000000092400000| Untracked |  0
|  21|0x0000000092500000, 0x0000000092500000, 0x0000000092600000|  0%| F|  |TAMS 0x0000000092500000| PB 0x0000000092500000| Untracked |  0
|  22|0x0000000092600000, 0x0000000092600000, 0x0000000092700000|  0%| F|  |TAMS 0x0000000092600000| PB 0x0000000092600000| Untracked |  0
|  23|0x0000000092700000, 0x0000000092700000, 0x0000000092800000|  0%| F|  |TAMS 0x0000000092700000| PB 0x0000000092700000| Untracked |  0
|  24|0x0000000092800000, 0x0000000092800000, 0x0000000092900000|  0%| F|  |TAMS 0x0000000092800000| PB 0x0000000092800000| Untracked |  0
|  25|0x0000000092900000, 0x0000000092900000, 0x0000000092a00000|  0%| F|  |TAMS 0x0000000092900000| PB 0x0000000092900000| Untracked |  0
|  26|0x0000000092a00000, 0x0000000092a00000, 0x0000000092b00000|  0%| F|  |TAMS 0x0000000092a00000| PB 0x0000000092a00000| Untracked |  0
|  27|0x0000000092b00000, 0x0000000092c00000, 0x0000000092c00000|100%|HS|  |TAMS 0x0000000092b00000| PB 0x0000000092b00000| Complete |  0
|  28|0x0000000092c00000, 0x0000000092d00000, 0x0000000092d00000|100%|HC|  |TAMS 0x0000000092c00000| PB 0x0000000092c00000| Complete |  0
|  29|0x0000000092d00000, 0x0000000092e00000, 0x0000000092e00000|100%|HC|  |TAMS 0x0000000092d00000| PB 0x0000000092d00000| Complete |  0
|  30|0x0000000092e00000, 0x0000000092f00000, 0x0000000092f00000|100%|HC|  |TAMS 0x0000000092e00000| PB 0x0000000092e00000| Complete |  0
|  31|0x0000000092f00000, 0x0000000093000000, 0x0000000093000000|100%|HC|  |TAMS 0x0000000092f00000| PB 0x0000000092f00000| Complete |  0
|  32|0x0000000093000000, 0x0000000093000000, 0x0000000093100000|  0%| F|  |TAMS 0x0000000093000000| PB 0x0000000093000000| Untracked |  0
|  33|0x0000000093100000, 0x0000000093100000, 0x0000000093200000|  0%| F|  |TAMS 0x0000000093100000| PB 0x0000000093100000| Untracked |  0
|  34|0x0000000093200000, 0x0000000093200000, 0x0000000093300000|  0%| F|  |TAMS 0x0000000093200000| PB 0x0000000093200000| Untracked |  0
|  35|0x0000000093300000, 0x0000000093300000, 0x0000000093400000|  0%| F|  |TAMS 0x0000000093300000| PB 0x0000000093300000| Untracked |  0
|  36|0x0000000093400000, 0x0000000093400000, 0x0000000093500000|  0%| F|  |TAMS 0x0000000093400000| PB 0x0000000093400000| Untracked |  0
|  37|0x0000000093500000, 0x0000000093500000, 0x0000000093600000|  0%| F|  |TAMS 0x0000000093500000| PB 0x0000000093500000| Untracked |  0
|  38|0x0000000093600000, 0x0000000093600000, 0x0000000093700000|  0%| F|  |TAMS 0x0000000093600000| PB 0x0000000093600000| Untracked |  0
|  39|0x0000000093700000, 0x0000000093700000, 0x0000000093800000|  0%| F|  |TAMS 0x0000000093700000| PB 0x0000000093700000| Untracked |  0
|  40|0x0000000093800000, 0x0000000093800000, 0x0000000093900000|  0%| F|  |TAMS 0x0000000093800000| PB 0x0000000093800000| Untracked |  0
|  41|0x0000000093900000, 0x0000000093900000, 0x0000000093a00000|  0%| F|  |TAMS 0x0000000093900000| PB 0x0000000093900000| Untracked |  0
|  42|0x0000000093a00000, 0x0000000093a00000, 0x0000000093b00000|  0%| F|  |TAMS 0x0000000093a00000| PB 0x0000000093a00000| Untracked |  0
|  43|0x0000000093b00000, 0x0000000093b00000, 0x0000000093c00000|  0%| F|  |TAMS 0x0000000093b00000| PB 0x0000000093b00000| Untracked |  0
|  44|0x0000000093c00000, 0x0000000093c00000, 0x0000000093d00000|  0%| F|  |TAMS 0x0000000093c00000| PB 0x0000000093c00000| Untracked |  0
|  45|0x0000000093d00000, 0x0000000093d00000, 0x0000000093e00000|  0%| F|  |TAMS 0x0000000093d00000| PB 0x0000000093d00000| Untracked |  0
|  46|0x0000000093e00000, 0x0000000093e00000, 0x0000000093f00000|  0%| F|  |TAMS 0x0000000093e00000| PB 0x0000000093e00000| Untracked |  0
|  47|0x0000000093f00000, 0x0000000094000000, 0x0000000094000000|100%| O|  |TAMS 0x0000000093f00000| PB 0x0000000093f00000| Untracked |  0
|  48|0x0000000094000000, 0x0000000094100000, 0x0000000094100000|100%| O|  |TAMS 0x0000000094000000| PB 0x0000000094000000| Untracked |  0
|  49|0x0000000094100000, 0x00000000941e9d78, 0x0000000094200000| 91%| O|  |TAMS 0x0000000094100000| PB 0x0000000094100000| Untracked |  0
|  50|0x0000000094200000, 0x0000000094200000, 0x0000000094300000|  0%| F|  |TAMS 0x0000000094200000| PB 0x0000000094200000| Untracked |  0
|  51|0x0000000094300000, 0x0000000094300000, 0x0000000094400000|  0%| F|  |TAMS 0x0000000094300000| PB 0x0000000094300000| Untracked |  0
|  52|0x0000000094400000, 0x0000000094400000, 0x0000000094500000|  0%| F|  |TAMS 0x0000000094400000| PB 0x0000000094400000| Untracked |  0
|  53|0x0000000094500000, 0x0000000094500000, 0x0000000094600000|  0%| F|  |TAMS 0x0000000094500000| PB 0x0000000094500000| Untracked |  0
|  54|0x0000000094600000, 0x0000000094600000, 0x0000000094700000|  0%| F|  |TAMS 0x0000000094600000| PB 0x0000000094600000| Untracked |  0
|  55|0x0000000094700000, 0x0000000094700000, 0x0000000094800000|  0%| F|  |TAMS 0x0000000094700000| PB 0x0000000094700000| Untracked |  0
|  56|0x0000000094800000, 0x0000000094800000, 0x0000000094900000|  0%| F|  |TAMS 0x0000000094800000| PB 0x0000000094800000| Untracked |  0
|  57|0x0000000094900000, 0x0000000094900000, 0x0000000094a00000|  0%| F|  |TAMS 0x0000000094900000| PB 0x0000000094900000| Untracked |  0
|  58|0x0000000094a00000, 0x0000000094a00000, 0x0000000094b00000|  0%| F|  |TAMS 0x0000000094a00000| PB 0x0000000094a00000| Untracked |  0
|  59|0x0000000094b00000, 0x0000000094b00000, 0x0000000094c00000|  0%| F|  |TAMS 0x0000000094b00000| PB 0x0000000094b00000| Untracked |  0
|  60|0x0000000094c00000, 0x0000000094c00000, 0x0000000094d00000|  0%| F|  |TAMS 0x0000000094c00000| PB 0x0000000094c00000| Untracked |  0
|  61|0x0000000094d00000, 0x0000000094d00000, 0x0000000094e00000|  0%| F|  |TAMS 0x0000000094d00000| PB 0x0000000094d00000| Untracked |  0
|  62|0x0000000094e00000, 0x0000000094e00000, 0x0000000094f00000|  0%| F|  |TAMS 0x0000000094e00000| PB 0x0000000094e00000| Untracked |  0
|  63|0x0000000094f00000, 0x0000000094f00000, 0x0000000095000000|  0%| F|  |TAMS 0x0000000094f00000| PB 0x0000000094f00000| Untracked |  0
|  64|0x0000000095000000, 0x0000000095000000, 0x0000000095100000|  0%| F|  |TAMS 0x0000000095000000| PB 0x0000000095000000| Untracked |  0
|  65|0x0000000095100000, 0x0000000095100000, 0x0000000095200000|  0%| F|  |TAMS 0x0000000095100000| PB 0x0000000095100000| Untracked |  0
|  66|0x0000000095200000, 0x0000000095200000, 0x0000000095300000|  0%| F|  |TAMS 0x0000000095200000| PB 0x0000000095200000| Untracked |  0
|  67|0x0000000095300000, 0x0000000095300000, 0x0000000095400000|  0%| F|  |TAMS 0x0000000095300000| PB 0x0000000095300000| Untracked |  0
|  68|0x0000000095400000, 0x0000000095400000, 0x0000000095500000|  0%| F|  |TAMS 0x0000000095400000| PB 0x0000000095400000| Untracked |  0
|  69|0x0000000095500000, 0x0000000095500000, 0x0000000095600000|  0%| F|  |TAMS 0x0000000095500000| PB 0x0000000095500000| Untracked |  0
|  70|0x0000000095600000, 0x0000000095600000, 0x0000000095700000|  0%| F|  |TAMS 0x0000000095600000| PB 0x0000000095600000| Untracked |  0
|  71|0x0000000095700000, 0x0000000095700000, 0x0000000095800000|  0%| F|  |TAMS 0x0000000095700000| PB 0x0000000095700000| Untracked |  0
|  72|0x0000000095800000, 0x0000000095800000, 0x0000000095900000|  0%| F|  |TAMS 0x0000000095800000| PB 0x0000000095800000| Untracked |  0
|  73|0x0000000095900000, 0x0000000095900000, 0x0000000095a00000|  0%| F|  |TAMS 0x0000000095900000| PB 0x0000000095900000| Untracked |  0
|  74|0x0000000095a00000, 0x0000000095a00000, 0x0000000095b00000|  0%| F|  |TAMS 0x0000000095a00000| PB 0x0000000095a00000| Untracked |  0
|  75|0x0000000095b00000, 0x0000000095b00000, 0x0000000095c00000|  0%| F|  |TAMS 0x0000000095b00000| PB 0x0000000095b00000| Untracked |  0
|  76|0x0000000095c00000, 0x0000000095c00000, 0x0000000095d00000|  0%| F|  |TAMS 0x0000000095c00000| PB 0x0000000095c00000| Untracked |  0
|  77|0x0000000095d00000, 0x0000000095d00000, 0x0000000095e00000|  0%| F|  |TAMS 0x0000000095d00000| PB 0x0000000095d00000| Untracked |  0
|  78|0x0000000095e00000, 0x0000000095e00000, 0x0000000095f00000|  0%| F|  |TAMS 0x0000000095e00000| PB 0x0000000095e00000| Untracked |  0
|  79|0x0000000095f00000, 0x0000000095f00000, 0x0000000096000000|  0%| F|  |TAMS 0x0000000095f00000| PB 0x0000000095f00000| Untracked |  0
|  80|0x0000000096000000, 0x0000000096000000, 0x0000000096100000|  0%| F|  |TAMS 0x0000000096000000| PB 0x0000000096000000| Untracked |  0
|  81|0x0000000096100000, 0x0000000096100000, 0x0000000096200000|  0%| F|  |TAMS 0x0000000096100000| PB 0x0000000096100000| Untracked |  0
|  82|0x0000000096200000, 0x0000000096200000, 0x0000000096300000|  0%| F|  |TAMS 0x0000000096200000| PB 0x0000000096200000| Untracked |  0
|  83|0x0000000096300000, 0x0000000096300000, 0x0000000096400000|  0%| F|  |TAMS 0x0000000096300000| PB 0x0000000096300000| Untracked |  0
|  84|0x0000000096400000, 0x0000000096400000, 0x0000000096500000|  0%| F|  |TAMS 0x0000000096400000| PB 0x0000000096400000| Untracked |  0
|  85|0x0000000096500000, 0x0000000096500000, 0x0000000096600000|  0%| F|  |TAMS 0x0000000096500000| PB 0x0000000096500000| Untracked |  0
|  86|0x0000000096600000, 0x0000000096600000, 0x0000000096700000|  0%| F|  |TAMS 0x0000000096600000| PB 0x0000000096600000| Untracked |  0
|  87|0x0000000096700000, 0x0000000096700000, 0x0000000096800000|  0%| F|  |TAMS 0x0000000096700000| PB 0x0000000096700000| Untracked |  0
|  88|0x0000000096800000, 0x0000000096800000, 0x0000000096900000|  0%| F|  |TAMS 0x0000000096800000| PB 0x0000000096800000| Untracked |  0
|  89|0x0000000096900000, 0x0000000096900000, 0x0000000096a00000|  0%| F|  |TAMS 0x0000000096900000| PB 0x0000000096900000| Untracked |  0
|  90|0x0000000096a00000, 0x0000000096a00000, 0x0000000096b00000|  0%| F|  |TAMS 0x0000000096a00000| PB 0x0000000096a00000| Untracked |  0
|  91|0x0000000096b00000, 0x0000000096b00000, 0x0000000096c00000|  0%| F|  |TAMS 0x0000000096b00000| PB 0x0000000096b00000| Untracked |  0
|  92|0x0000000096c00000, 0x0000000096c00000, 0x0000000096d00000|  0%| F|  |TAMS 0x0000000096c00000| PB 0x0000000096c00000| Untracked |  0
|  93|0x0000000096d00000, 0x0000000096d00000, 0x0000000096e00000|  0%| F|  |TAMS 0x0000000096d00000| PB 0x0000000096d00000| Untracked |  0
|  94|0x0000000096e00000, 0x0000000096e00000, 0x0000000096f00000|  0%| F|  |TAMS 0x0000000096e00000| PB 0x0000000096e00000| Untracked |  0
|  95|0x0000000096f00000, 0x0000000096f00000, 0x0000000097000000|  0%| F|  |TAMS 0x0000000096f00000| PB 0x0000000096f00000| Untracked |  0
|  96|0x0000000097000000, 0x0000000097000000, 0x0000000097100000|  0%| F|  |TAMS 0x0000000097000000| PB 0x0000000097000000| Untracked |  0
|  97|0x0000000097100000, 0x0000000097100000, 0x0000000097200000|  0%| F|  |TAMS 0x0000000097100000| PB 0x0000000097100000| Untracked |  0
|  98|0x0000000097200000, 0x0000000097200000, 0x0000000097300000|  0%| F|  |TAMS 0x0000000097200000| PB 0x0000000097200000| Untracked |  0
|  99|0x0000000097300000, 0x0000000097300000, 0x0000000097400000|  0%| F|  |TAMS 0x0000000097300000| PB 0x0000000097300000| Untracked |  0
| 100|0x0000000097400000, 0x0000000097400000, 0x0000000097500000|  0%| F|  |TAMS 0x0000000097400000| PB 0x0000000097400000| Untracked |  0
| 101|0x0000000097500000, 0x0000000097500000, 0x0000000097600000|  0%| F|  |TAMS 0x0000000097500000| PB 0x0000000097500000| Untracked |  0
| 102|0x0000000097600000, 0x0000000097600000, 0x0000000097700000|  0%| F|  |TAMS 0x0000000097600000| PB 0x0000000097600000| Untracked |  0
| 103|0x0000000097700000, 0x0000000097800000, 0x0000000097800000|100%| S|CS|TAMS 0x0000000097700000| PB 0x0000000097700000| Complete |  0
| 104|0x0000000097800000, 0x0000000097900000, 0x0000000097900000|100%| S|CS|TAMS 0x0000000097800000| PB 0x0000000097800000| Complete |  0
| 105|0x0000000097900000, 0x0000000097900000, 0x0000000097a00000|  0%| F|  |TAMS 0x0000000097900000| PB 0x0000000097900000| Untracked |  0
| 106|0x0000000097a00000, 0x0000000097a00000, 0x0000000097b00000|  0%| F|  |TAMS 0x0000000097a00000| PB 0x0000000097a00000| Untracked |  0
| 107|0x0000000097b00000, 0x0000000097bf2ed0, 0x0000000097c00000| 94%| E|  |TAMS 0x0000000097b00000| PB 0x0000000097b00000| Complete |  0
| 108|0x0000000097c00000, 0x0000000097d00000, 0x0000000097d00000|100%| S|CS|TAMS 0x0000000097c00000| PB 0x0000000097c00000| Complete |  0
| 109|0x0000000097d00000, 0x0000000097e00000, 0x0000000097e00000|100%| E|CS|TAMS 0x0000000097d00000| PB 0x0000000097d00000| Complete |  0
| 110|0x0000000097e00000, 0x0000000097f00000, 0x0000000097f00000|100%| E|CS|TAMS 0x0000000097e00000| PB 0x0000000097e00000| Complete |  0
| 111|0x0000000097f00000, 0x0000000098000000, 0x0000000098000000|100%| E|CS|TAMS 0x0000000097f00000| PB 0x0000000097f00000| Complete |  0
|1774|0x00000000ffe00000, 0x00000000fff00000, 0x00000000fff00000|100%| O|  |TAMS 0x00000000ffe00000| PB 0x00000000ffe00000| Untracked |  0
|1775|0x00000000fff00000, 0x00000000fff1d1c0, 0x0000000100000000| 11%| O|  |TAMS 0x00000000fff00000| PB 0x00000000fff00000| Untracked |  0

Card table byte_map: [0x0000018af9730000,0x0000018af9ab0000] _byte_map_base: 0x0000018af92a8000

Marking Bits: (CMBitMap*) 0x0000018ae1b52780
 Bits: [0x0000018af9ab0000, 0x0000018afb670000)

Polling page: 0x0000018adfb00000

Metaspace:

Usage:
  Non-class:     17.63 MB used.
      Class:      1.73 MB used.
       Both:     19.37 MB used.

Virtual space:
  Non-class space:       64.00 MB reserved,      17.81 MB ( 28%) committed,  1 nodes.
      Class space:        1.00 GB reserved,       1.88 MB ( <1%) committed,  1 nodes.
             Both:        1.06 GB reserved,      19.69 MB (  2%) committed. 

Chunk freelists:
   Non-Class:  13.73 MB
       Class:  14.04 MB
        Both:  27.77 MB

MaxMetaspaceSize: unlimited
CompressedClassSpaceSize: 1.00 GB
Initial GC threshold: 21.00 MB
Current GC threshold: 21.00 MB
CDS: on
 - commit_granule_bytes: 65536.
 - commit_granule_words: 8192.
 - virtual_space_node_default_size: 8388608.
 - enlarge_chunks_in_place: 1.
UseCompressedClassPointers 1, UseCompactObjectHeaders 0
Narrow klass pointer bits 32, Max shift 3
Narrow klass base: 0x0000018a80000000, Narrow klass shift: 0
Encoding Range: [0x0000018a80000000 - 0x0000018b80000000), (4294967296 bytes)
Klass Range:    [0x0000018a80000000 - 0x0000018ac1000000), (1090519040 bytes)
Klass ID Range:  [8 - 1090519033) (1090519025)


Internal statistics:

num_allocs_failed_limit: 0.
num_arena_births: 226.
num_arena_deaths: 0.
num_vsnodes_births: 2.
num_vsnodes_deaths: 0.
num_space_committed: 314.
num_space_uncommitted: 0.
num_chunks_returned_to_freelist: 0.
num_chunks_taken_from_freelist: 601.
num_chunk_merges: 0.
num_chunk_splits: 428.
num_chunks_enlarged: 333.
num_inconsistent_stats: 0.

CodeHeap 'non-profiled nmethods': size=120064Kb used=926Kb max_used=926Kb free=119137Kb
 bounds [0x0000018af1e70000, 0x0000018af20e0000, 0x0000018af93b0000]
CodeHeap 'profiled nmethods': size=120000Kb used=4226Kb max_used=4226Kb free=115773Kb
 bounds [0x0000018aea3b0000, 0x0000018aea7e0000, 0x0000018af18e0000]
CodeHeap 'non-nmethods': size=5696Kb used=1698Kb max_used=1747Kb free=3998Kb
 bounds [0x0000018af18e0000, 0x0000018af1b50000, 0x0000018af1e70000]
CodeCache: size=245760Kb, used=6850Kb, max_used=6899Kb, free=238908Kb
 total_blobs=3554, nmethods=2678, adapters=782, full_count=0
Compilation: enabled, stopped_count=0, restarted_count=0

Compilation events (20 events):
Event: 1721.207 Thread 0x0000018afdb35df0 nmethod 2670 0x0000018aea7cba08 code [0x0000018aea7cbb80, 0x0000018aea7cc0c8]
Event: 1901.041 Thread 0x0000018afdb35df0 2671       3       java.util.concurrent.locks.AbstractQueuedSynchronizer$Node::<init> (5 bytes)
Event: 1901.041 Thread 0x0000018afdb35df0 nmethod 2671 0x0000018aea7cc108 code [0x0000018aea7cc220, 0x0000018aea7cc380]
Event: 2021.235 Thread 0x0000018afdb35df0 2672       3       java.util.concurrent.locks.AbstractQueuedSynchronizer$Node::clearStatus (12 bytes)
Event: 2021.235 Thread 0x0000018afdb35df0 nmethod 2672 0x0000018aea7cc408 code [0x0000018aea7cc520, 0x0000018aea7cc758]
Event: 2021.235 Thread 0x0000018afdb35df0 2673       3       jdk.internal.misc.Unsafe::putIntOpaque (9 bytes)
Event: 2021.235 Thread 0x0000018afdb35df0 nmethod 2673 0x0000018aea7cc788 code [0x0000018aea7cc8a0, 0x0000018aea7cc9b0]
Event: 2047.398 Thread 0x0000018afdb35df0 2674   !   3       java.util.concurrent.locks.AbstractQueuedSynchronizer::acquire (448 bytes)
Event: 2047.402 Thread 0x0000018afdb35df0 nmethod 2674 0x0000018aea7cca88 code [0x0000018aea7ccdc0, 0x0000018aea7ce8e8]
Event: 2141.068 Thread 0x0000018afdb35df0 2675   !   3       java.util.concurrent.locks.AbstractQueuedSynchronizer$ConditionObject::newConditionNode (78 bytes)
Event: 2141.069 Thread 0x0000018afdb35df0 nmethod 2675 0x0000018aea7ce988 code [0x0000018aea7ceb60, 0x0000018aea7cf4a8]
Event: 2141.069 Thread 0x0000018afdb35df0 2676       3       java.util.concurrent.locks.AbstractQueuedSynchronizer$ConditionNode::<init> (5 bytes)
Event: 2141.070 Thread 0x0000018afdb35df0 nmethod 2676 0x0000018aea7cf508 code [0x0000018aea7cf620, 0x0000018aea7cf7e0]
Event: 2141.070 Thread 0x0000018afdb35df0 2677       3       java.util.concurrent.locks.AbstractQueuedSynchronizer$ConditionObject::enableWait (84 bytes)
Event: 2141.071 Thread 0x0000018afdb35df0 nmethod 2677 0x0000018aea7cf808 code [0x0000018aea7cf9a0, 0x0000018aea7d0248]
Event: 2201.270 Thread 0x0000018afdb35df0 2678   !   3       java.util.concurrent.locks.AbstractQueuedSynchronizer::reacquire (64 bytes)
Event: 2201.271 Thread 0x0000018afdb35df0 nmethod 2678 0x0000018aea7d0288 code [0x0000018aea7d03e0, 0x0000018aea7d08c8]
Event: 2227.440 Thread 0x0000018afdb32d20 2679       4       java.util.concurrent.locks.AbstractQueuedSynchronizer::compareAndSetState (13 bytes)
Event: 2227.441 Thread 0x0000018afdb32d20 nmethod 2679 0x0000018af1f57808 code [0x0000018af1f57900, 0x0000018af1f57988]
Event: 2364.879 Thread 0x0000018afdb32d20 2680       4       java.lang.StringBuilder::append (8 bytes)

GC Heap History (8 events):
Event: 2.031 GC heap before
{Heap before GC invocations=0 (full 0):
 garbage-first heap   total reserved 1818624K, committed 116736K, used 31860K [0x0000000091000000, 0x0000000100000000)
  region size 1024K, 28 young (28672K), 0 survivors (0K)
 Metaspace       used 9145K, committed 9344K, reserved 1114112K
  class space    used 864K, committed 960K, reserved 1048576K
}
Event: 2.040 GC heap after
{Heap after GC invocations=1 (full 0):
 garbage-first heap   total reserved 1818624K, committed 116736K, used 6260K [0x0000000091000000, 0x0000000100000000)
  region size 1024K, 3 young (3072K), 3 survivors (3072K)
 Metaspace       used 9145K, committed 9344K, reserved 1114112K
  class space    used 864K, committed 960K, reserved 1048576K
}
Event: 28.378 GC heap before
{Heap before GC invocations=1 (full 0):
 garbage-first heap   total reserved 1818624K, committed 116736K, used 94324K [0x0000000091000000, 0x0000000100000000)
  region size 1024K, 46 young (47104K), 3 survivors (3072K)
 Metaspace       used 19757K, committed 20096K, reserved 1114112K
  class space    used 1775K, committed 1920K, reserved 1048576K
}
Event: 28.391 GC heap after
{Heap after GC invocations=2 (full 0):
 garbage-first heap   total reserved 1818624K, committed 116736K, used 9332K [0x0000000091000000, 0x0000000100000000)
  region size 1024K, 6 young (6144K), 6 survivors (6144K)
 Metaspace       used 19757K, committed 20096K, reserved 1114112K
  class space    used 1775K, committed 1920K, reserved 1048576K
}
Event: 33.909 GC heap before
{Heap before GC invocations=2 (full 0):
 garbage-first heap   total reserved 1818624K, committed 116736K, used 58484K [0x0000000091000000, 0x0000000100000000)
  region size 1024K, 10 young (10240K), 6 survivors (6144K)
 Metaspace       used 19785K, committed 20096K, reserved 1114112K
  class space    used 1775K, committed 1920K, reserved 1048576K
}
Event: 33.920 GC heap after
{Heap after GC invocations=3 (full 0):
 garbage-first heap   total reserved 1818624K, committed 116736K, used 14363K [0x0000000091000000, 0x0000000100000000)
  region size 1024K, 3 young (3072K), 3 survivors (3072K)
 Metaspace       used 19785K, committed 20096K, reserved 1114112K
  class space    used 1775K, committed 1920K, reserved 1048576K
}
Event: 39.950 GC heap before
{Heap before GC invocations=3 (full 0):
 garbage-first heap   total reserved 1818624K, committed 116736K, used 52251K [0x0000000091000000, 0x0000000100000000)
  region size 1024K, 6 young (6144K), 3 survivors (3072K)
 Metaspace       used 19792K, committed 20096K, reserved 1114112K
  class space    used 1775K, committed 1920K, reserved 1048576K
}
Event: 39.956 GC heap after
{Heap after GC invocations=4 (full 0):
 garbage-first heap   total reserved 1818624K, committed 116736K, used 14363K [0x0000000091000000, 0x0000000100000000)
  region size 1024K, 3 young (3072K), 3 survivors (3072K)
 Metaspace       used 19792K, committed 20096K, reserved 1114112K
  class space    used 1775K, committed 1920K, reserved 1048576K
}

Dll operation events (14 events):
Event: 0.023 Loaded shared library C:\Program Files\Java\jdk-24\bin\java.dll
Event: 0.105 Loaded shared library C:\Program Files\Java\jdk-24\bin\jsvml.dll
Event: 0.134 Loaded shared library C:\Program Files\Java\jdk-24\bin\net.dll
Event: 0.140 Loaded shared library C:\Program Files\Java\jdk-24\bin\nio.dll
Event: 0.228 Loaded shared library C:\Program Files\Java\jdk-24\bin\zip.dll
Event: 0.267 Loaded shared library C:\Program Files\Java\jdk-24\bin\verify.dll
Event: 0.289 Loaded shared library C:\Program Files\Java\jdk-24\bin\jimage.dll
Event: 0.535 Loaded shared library C:\Program Files\Java\jdk-24\bin\management.dll
Event: 0.541 Loaded shared library C:\Program Files\Java\jdk-24\bin\management_ext.dll
Event: 2.168 Loaded shared library C:\Program Files\Java\jdk-24\bin\extnet.dll
Event: 2.303 Loaded shared library C:\Program Files\Java\jdk-24\bin\sunmscapi.dll
Event: 6.633 Loaded shared library C:\Program Files\Java\jdk-24\bin\awt.dll
Event: 23.101 Loaded shared library C:\Users\UK-PC\AppData\Local\Temp\jna-80779402\jna1515534627028431831.dll
Event: 23.343 Loaded shared library C:\Users\UK-PC\AppData\Roaming\Sikulix\SikulixLibs\opencv_java342.dll

Deoptimization events (20 events):
Event: 23.274 Thread 0x0000018ac5b12ed0 Uncommon trap: trap_request=0xffffff4d fr.pc=0x0000018af1f1ce8c relative=0x000000000000072c
Event: 23.274 Thread 0x0000018ac5b12ed0 Uncommon trap: reason=unstable_if action=reinterpret pc=0x0000018af1f1ce8c method=jdk.internal.classfile.impl.SplitConstantPool.internalAdd(Ljava/lang/classfile/constantpool/PoolEntry;I)Ljava/lang/classfile/constantpool/PoolEntry; @ 18 c2
Event: 23.274 Thread 0x0000018ac5b12ed0 DEOPT PACKING pc=0x0000018af1f1ce8c sp=0x000000162a7f9860
Event: 23.274 Thread 0x0000018ac5b12ed0 DEOPT UNPACKING pc=0x0000018af19f2102 sp=0x000000162a7f97f8 mode 2
Event: 23.374 Thread 0x0000018ac5b12ed0 Uncommon trap: trap_request=0xffffffc6 fr.pc=0x0000018af1eea494 relative=0x0000000000000d74
Event: 23.374 Thread 0x0000018ac5b12ed0 Uncommon trap: reason=bimorphic_or_optimized_type_check action=maybe_recompile pc=0x0000018af1eea494 method=java.util.zip.InflaterInputStream.read([BII)I @ 78 c2
Event: 23.374 Thread 0x0000018ac5b12ed0 DEOPT PACKING pc=0x0000018af1eea494 sp=0x000000162a7fc4c0
Event: 23.374 Thread 0x0000018ac5b12ed0 DEOPT UNPACKING pc=0x0000018af19f2102 sp=0x000000162a7fc4b0 mode 2
Event: 23.374 Thread 0x0000018ac5b12ed0 Uncommon trap: trap_request=0xffffffc6 fr.pc=0x0000018af1eea494 relative=0x0000000000000d74
Event: 23.374 Thread 0x0000018ac5b12ed0 Uncommon trap: reason=bimorphic_or_optimized_type_check action=maybe_recompile pc=0x0000018af1eea494 method=java.util.zip.InflaterInputStream.read([BII)I @ 78 c2
Event: 23.374 Thread 0x0000018ac5b12ed0 DEOPT PACKING pc=0x0000018af1eea494 sp=0x000000162a7fc360
Event: 23.374 Thread 0x0000018ac5b12ed0 DEOPT UNPACKING pc=0x0000018af19f2102 sp=0x000000162a7fc350 mode 2
Event: 28.013 Thread 0x0000018ac5b15360 Uncommon trap: trap_request=0xffffffc6 fr.pc=0x0000018af1eea494 relative=0x0000000000000d74
Event: 28.013 Thread 0x0000018ac5b15360 Uncommon trap: reason=bimorphic_or_optimized_type_check action=maybe_recompile pc=0x0000018af1eea494 method=java.util.zip.InflaterInputStream.read([BII)I @ 78 c2
Event: 28.013 Thread 0x0000018ac5b15360 DEOPT PACKING pc=0x0000018af1eea494 sp=0x000000162a5fc560
Event: 28.013 Thread 0x0000018ac5b15360 DEOPT UNPACKING pc=0x0000018af19f2102 sp=0x000000162a5fc550 mode 2
Event: 28.014 Thread 0x0000018ac5b15360 Uncommon trap: trap_request=0xffffffc6 fr.pc=0x0000018af1eea494 relative=0x0000000000000d74
Event: 28.014 Thread 0x0000018ac5b15360 Uncommon trap: reason=bimorphic_or_optimized_type_check action=maybe_recompile pc=0x0000018af1eea494 method=java.util.zip.InflaterInputStream.read([BII)I @ 78 c2
Event: 28.014 Thread 0x0000018ac5b15360 DEOPT PACKING pc=0x0000018af1eea494 sp=0x000000162a5fc400
Event: 28.014 Thread 0x0000018ac5b15360 DEOPT UNPACKING pc=0x0000018af19f2102 sp=0x000000162a5fc3f0 mode 2

Classes loaded (20 events):
Event: 23.373 Loading class sun/awt/image/ShortComponentRaster
Event: 23.373 Loading class sun/awt/image/ShortComponentRaster done
Event: 23.440 Loading class java/nio/ByteBufferAsIntBufferB
Event: 23.440 Loading class java/nio/ByteBufferAsIntBufferB done
Event: 23.459 Loading class java/awt/Color
Event: 23.459 Loading class java/awt/Paint
Event: 23.459 Loading class java/awt/Paint done
Event: 23.460 Loading class java/awt/Color done
Event: 23.461 Loading class java/util/concurrent/Executors$DelegatedScheduledExecutorService
Event: 23.462 Loading class java/util/concurrent/Executors$DelegatedExecutorService
Event: 23.462 Loading class java/util/concurrent/Executors$DelegatedExecutorService done
Event: 23.462 Loading class java/util/concurrent/Executors$DelegatedScheduledExecutorService done
Event: 24.113 Loading class java/util/Formatter$FormatSpecifierParser
Event: 24.113 Loading class java/util/Formatter$FormatSpecifierParser done
Event: 24.113 Loading class jdk/internal/math/FormattedFPDecimal
Event: 24.114 Loading class jdk/internal/math/FormattedFPDecimal done
Event: 2364.866 Loading class java/lang/Throwable$WrappedPrintStream
Event: 2364.869 Loading class java/lang/Throwable$PrintStreamOrWriter
Event: 2364.869 Loading class java/lang/Throwable$PrintStreamOrWriter done
Event: 2364.870 Loading class java/lang/Throwable$WrappedPrintStream done

Classes unloaded (0 events):
No events

Classes redefined (0 events):
No events

Internal exceptions (20 events):
Event: 6.943 Thread 0x0000018ac5b14c10 Exception <a 'java/lang/NoSuchMethodError'{0x0000000095f4ea40}: 'java.lang.Object java.lang.invoke.DirectMethodHandle$Holder.newInvokeSpecial(java.lang.Object, int, java.lang.Object)'> (0x0000000095f4ea40) 
thrown [s\open\src\hotspot\share\interpreter\linkResolver.cpp, line 805]
Event: 6.948 Thread 0x0000018ac5b14c10 Exception <a 'java/lang/NoSuchMethodError'{0x0000000095f6d250}: 'void java.lang.invoke.DelegatingMethodHandle$Holder.reinvoke_L(java.lang.Object, java.lang.Object, java.lang.Object, java.lang.Object, long, long, int)'> (0x0000000095f6d250) 
thrown [s\open\src\hotspot\share\interpreter\linkResolver.cpp, line 805]
Event: 6.955 Thread 0x0000018ac5b14c10 Exception <a 'java/lang/NoSuchMethodError'{0x0000000095f8e128}: 'java.lang.Object java.lang.invoke.DirectMethodHandle$Holder.invokeStatic(java.lang.Object, java.lang.Object, java.lang.Object, java.lang.Object, java.lang.Object, long)'> (0x0000000095f8e128) 
thrown [s\open\src\hotspot\share\interpreter\linkResolver.cpp, line 805]
Event: 6.979 Thread 0x0000018ac5b14c10 Implicit null exception at 0x0000018af1f03e12 to 0x0000018af1f045dc
Event: 6.979 Thread 0x0000018ac5b14c10 Implicit null exception at 0x0000018af1f06c64 to 0x0000018af1f06d09
Event: 7.063 Thread 0x0000018ac5b13620 Exception <a 'java/lang/NoSuchMethodError'{0x00000000977ff8c0}: 'java.lang.Object java.lang.invoke.DirectMethodHandle$Holder.invokeVirtual(java.lang.Object, java.lang.Object, java.lang.Object, java.lang.Object)'> (0x00000000977ff8c0) 
thrown [s\open\src\hotspot\share\interpreter\linkResolver.cpp, line 805]
Event: 7.074 Thread 0x0000018ac5b13620 Exception <a 'java/lang/NoSuchMethodError'{0x0000000095d3dbf8}: 'java.lang.Object java.lang.invoke.DirectMethodHandle$Holder.invokeVirtual(java.lang.Object, java.lang.Object, java.lang.Object, java.lang.Object, java.lang.Object)'> (0x0000000095d3dbf8) 
thrown [s\open\src\hotspot\share\interpreter\linkResolver.cpp, line 805]
Event: 7.083 Thread 0x0000018ac5b13620 Exception <a 'java/lang/NoSuchMethodError'{0x0000000095d70700}: 'java.lang.Object java.lang.invoke.DirectMethodHandle$Holder.invokeStatic(java.lang.Object, java.lang.Object, java.lang.Object, java.lang.Object, java.lang.Object, java.lang.Object, java.lang.Object, java.lang.Object)'> (0x0000000095d70700) 
thrown [s\open\src\hotspot\share\interpreter\linkResolver.cpp, line 805]
Event: 7.088 Thread 0x0000018ac5b13620 Exception <a 'java/lang/NoSuchMethodError'{0x0000000095d83950}: 'java.lang.Object java.lang.invoke.Invokers$Holder.invokeExact_MT(java.lang.Object, java.lang.Object, java.lang.Object, java.lang.Object, java.lang.Object, java.lang.Object)'> (0x0000000095d83950) 
thrown [s\open\src\hotspot\share\interpreter\linkResolver.cpp, line 805]
Event: 7.095 Thread 0x0000018ac5b13620 Exception <a 'java/lang/NoSuchMethodError'{0x0000000095d98d90}: 'int java.lang.invoke.DirectMethodHandle$Holder.invokeVirtual(java.lang.Object, java.lang.Object, java.lang.Object)'> (0x0000000095d98d90) 
thrown [s\open\src\hotspot\share\interpreter\linkResolver.cpp, line 805]
Event: 7.097 Thread 0x0000018ac5b13620 Exception <a 'java/lang/NoSuchMethodError'{0x0000000095da17d0}: 'int java.lang.invoke.DirectMethodHandle$Holder.invokeSpecial(java.lang.Object, java.lang.Object, java.lang.Object, java.lang.Object)'> (0x0000000095da17d0) 
thrown [s\open\src\hotspot\share\interpreter\linkResolver.cpp, line 805]
Event: 7.170 Thread 0x0000018ac5b15360 Exception <a 'java/lang/NoSuchMethodError'{0x0000000097877c80}: 'void java.lang.invoke.DirectMethodHandle$Holder.invokeVirtual(java.lang.Object, java.lang.Object, float)'> (0x0000000097877c80) 
thrown [s\open\src\hotspot\share\interpreter\linkResolver.cpp, line 805]
Event: 7.174 Thread 0x0000018ac5b15360 Exception <a 'java/lang/NoSuchMethodError'{0x0000000097890258}: 'float java.lang.invoke.DelegatingMethodHandle$Holder.reinvoke_L(java.lang.Object, java.lang.Object, int)'> (0x0000000097890258) 
thrown [s\open\src\hotspot\share\interpreter\linkResolver.cpp, line 805]
Event: 7.179 Thread 0x0000018ac5b15360 Exception <a 'java/lang/NoSuchMethodError'{0x0000000095c56c90}: 'java.lang.Object java.lang.invoke.DirectMethodHandle$Holder.invokeStatic(java.lang.Object, java.lang.Object, java.lang.Object, java.lang.Object, int)'> (0x0000000095c56c90) 
thrown [s\open\src\hotspot\share\interpreter\linkResolver.cpp, line 805]
Event: 7.183 Thread 0x0000018ac5b15360 Exception <a 'java/lang/NoSuchMethodError'{0x0000000095c6fdb0}: 'void java.lang.invoke.DelegatingMethodHandle$Holder.reinvoke_L(java.lang.Object, java.lang.Object, float)'> (0x0000000095c6fdb0) 
thrown [s\open\src\hotspot\share\interpreter\linkResolver.cpp, line 805]
Event: 7.199 Thread 0x0000018ac5b12ed0 Exception <a 'java/lang/NoSuchMethodError'{0x00000000977cb6f0}: 'java.lang.Object java.lang.invoke.DirectMethodHandle$Holder.invokeVirtual(java.lang.Object, java.lang.Object, java.lang.Object)'> (0x00000000977cb6f0) 
thrown [s\open\src\hotspot\share\interpreter\linkResolver.cpp, line 805]
Event: 23.126 Thread 0x0000018ac5b12ed0 Implicit null exception at 0x0000018af1e9ea10 to 0x0000018af1e9eef0
Event: 23.235 Thread 0x0000018ac5b12ed0 Implicit null exception at 0x0000018af1e96610 to 0x0000018af1e96ae8
Event: 2364.853 Thread 0x0000018ac5d0aed0 Exception <a 'java/lang/OutOfMemoryError'{0x0000000097bb8a90}: unable to create native thread: possibly out of memory or process/resource limits reached> (0x0000000097bb8a90) 
thrown [s\open\src\hotspot\share\prims\jvm.cpp, line 2895]
Event: 2364.854 Thread 0x0000018ac5d0aed0 Exception <a 'java/lang/OutOfMemoryError'{0x0000000097bb8da0}: OutOfMemoryError> (0x0000000097bb8da0) 
thrown [s\open\src\hotspot\share\prims\jni.cpp, line 536]

VM Operations (20 events):
Event: 23.369 Executing VM operation: HandshakeAllThreads (Deoptimize)
Event: 23.369 Executing VM operation: HandshakeAllThreads (Deoptimize) done
Event: 23.371 Executing VM operation: HandshakeAllThreads (Deoptimize)
Event: 23.371 Executing VM operation: HandshakeAllThreads (Deoptimize) done
Event: 23.441 Executing VM operation: HandshakeAllThreads (Deoptimize)
Event: 23.441 Executing VM operation: HandshakeAllThreads (Deoptimize) done
Event: 28.378 Executing VM operation: G1TryInitiateConcMark (G1 Humongous Allocation)
Event: 28.391 Executing VM operation: G1TryInitiateConcMark (G1 Humongous Allocation) done
Event: 33.909 Executing VM operation: G1TryInitiateConcMark (G1 Humongous Allocation)
Event: 33.920 Executing VM operation: G1TryInitiateConcMark (G1 Humongous Allocation) done
Event: 39.950 Executing VM operation: G1TryInitiateConcMark (G1 Humongous Allocation)
Event: 39.956 Executing VM operation: G1TryInitiateConcMark (G1 Humongous Allocation) done
Event: 60.180 Executing VM operation: HandshakeAllThreads (HandshakeForDeflation)
Event: 60.180 Executing VM operation: HandshakeAllThreads (HandshakeForDeflation) done
Event: 60.180 Executing VM operation: RendezvousGCThreads
Event: 60.180 Executing VM operation: RendezvousGCThreads done
Event: 421.256 Executing VM operation: HandshakeAllThreads (HandshakeForDeflation)
Event: 421.256 Executing VM operation: HandshakeAllThreads (HandshakeForDeflation) done
Event: 421.256 Executing VM operation: RendezvousGCThreads
Event: 421.256 Executing VM operation: RendezvousGCThreads done

Memory protections (0 events):
No events

Nmethod flushes (0 events):
No events

Events (20 events):
Event: 23.308 Thread 0x0000018ac5d06d00 Thread exited: 0x0000018ac5d06d00
Event: 23.380 Thread 0x0000018ac5d0aed0 Thread added: 0x0000018ac5d0a030
Event: 24.615 Thread 0x0000018ac5b12ed0 Thread added: 0x0000018ac5d06d00
Event: 25.763 Thread 0x0000018ac5d06d00 Thread exited: 0x0000018ac5d06d00
Event: 25.764 Thread 0x0000018ac5d0a030 Thread exited: 0x0000018ac5d0a030
Event: 28.020 Thread 0x0000018ac5d0aed0 Thread added: 0x0000018ac5d0a780
Event: 29.241 Thread 0x0000018ac5b15360 Thread added: 0x0000018ac5d0a030
Event: 30.371 Thread 0x0000018ac5d0a780 Thread exited: 0x0000018ac5d0a780
Event: 30.371 Thread 0x0000018ac5d0a030 Thread exited: 0x0000018ac5d0a030
Event: 32.692 Thread 0x0000018ac5d0aed0 Thread added: 0x0000018ac5d0bd70
Event: 33.778 Thread 0x0000018ac5b15360 Thread added: 0x0000018ac5d05e60
Event: 34.911 Thread 0x0000018ac5d05e60 Thread exited: 0x0000018ac5d05e60
Event: 34.912 Thread 0x0000018ac5d0bd70 Thread exited: 0x0000018ac5d0bd70
Event: 39.180 Thread 0x0000018ac5d0aed0 Thread added: 0x0000018ac5d05e60
Event: 40.764 Thread 0x0000018ac5b15360 Thread added: 0x0000018ac5d0bd70
Event: 41.918 Thread 0x0000018ac5d05e60 Thread exited: 0x0000018ac5d05e60
Event: 41.918 Thread 0x0000018ac5d0bd70 Thread exited: 0x0000018ac5d0bd70
Event: 373.655 Thread 0x0000018ac5d0aed0 Thread added: 0x0000018ac5d065b0
Event: 374.690 Thread 0x0000018ac5d065b0 Thread exited: 0x0000018ac5d065b0
Event: 2364.879 Thread 0x0000018ac5d0aed0 Thread exited: 0x0000018ac5d0aed0


Dynamic libraries:
0x00007ff73b220000 - 0x00007ff73b230000 	C:\Program Files\Java\jdk-24\bin\java.exe
0x00007ffd601e0000 - 0x00007ffd603e9000 	C:\Windows\SYSTEM32\ntdll.dll
0x00007ffd5ef60000 - 0x00007ffd5f01d000 	C:\Windows\System32\KERNEL32.DLL
0x00007ffd5d8c0000 - 0x00007ffd5dc44000 	C:\Windows\System32\KERNELBASE.dll
0x00007ffd5dee0000 - 0x00007ffd5dff1000 	C:\Windows\System32\ucrtbase.dll
0x00007ffd2d060000 - 0x00007ffd2d076000 	C:\Program Files\Java\jdk-24\bin\jli.dll
0x00007ffd33c80000 - 0x00007ffd33c9b000 	C:\Program Files\Java\jdk-24\bin\VCRUNTIME140.dll
0x00007ffd5e070000 - 0x00007ffd5e21d000 	C:\Windows\System32\USER32.dll
0x00007ffd4cd50000 - 0x00007ffd4cff5000 	C:\Windows\WinSxS\amd64_microsoft.windows.common-controls_6595b64144ccf1df_6.0.22000.120_none_9d947278b86cc467\COMCTL32.dll
0x00007ffd5e000000 - 0x00007ffd5e026000 	C:\Windows\System32\win32u.dll
0x00007ffd5fc00000 - 0x00007ffd5fca3000 	C:\Windows\System32\msvcrt.dll
0x00007ffd5e040000 - 0x00007ffd5e06a000 	C:\Windows\System32\GDI32.dll
0x00007ffd5d7a0000 - 0x00007ffd5d8be000 	C:\Windows\System32\gdi32full.dll
0x00007ffd5de40000 - 0x00007ffd5dedd000 	C:\Windows\System32\msvcp_win.dll
0x00007ffd5e360000 - 0x00007ffd5e391000 	C:\Windows\System32\IMM32.DLL
0x00007ffd55040000 - 0x00007ffd5504c000 	C:\Program Files\Java\jdk-24\bin\vcruntime140_1.dll
0x00007ffd2cfd0000 - 0x00007ffd2d05e000 	C:\Program Files\Java\jdk-24\bin\msvcp140.dll
0x00007ffced470000 - 0x00007ffcee212000 	C:\Program Files\Java\jdk-24\bin\server\jvm.dll
0x00007ffd5f180000 - 0x00007ffd5f22e000 	C:\Windows\System32\ADVAPI32.dll
0x00007ffd5f240000 - 0x00007ffd5f2de000 	C:\Windows\System32\sechost.dll
0x00007ffd5e400000 - 0x00007ffd5e521000 	C:\Windows\System32\RPCRT4.dll
0x00007ffd5f020000 - 0x00007ffd5f08f000 	C:\Windows\System32\WS2_32.dll
0x00007ffd5d390000 - 0x00007ffd5d3dd000 	C:\Windows\SYSTEM32\POWRPROF.dll
0x00007ffd54fa0000 - 0x00007ffd54fd3000 	C:\Windows\SYSTEM32\WINMM.dll
0x00007ffd54990000 - 0x00007ffd5499a000 	C:\Windows\SYSTEM32\VERSION.dll
0x00007ffd5d0f0000 - 0x00007ffd5d103000 	C:\Windows\SYSTEM32\UMPDC.dll
0x00007ffd5c6e0000 - 0x00007ffd5c6f8000 	C:\Windows\SYSTEM32\kernel.appcore.dll
0x00007ffd411a0000 - 0x00007ffd411aa000 	C:\Program Files\Java\jdk-24\bin\jimage.dll
0x00007ffd3cf50000 - 0x00007ffd3d171000 	C:\Windows\SYSTEM32\DBGHELP.DLL
0x00007ffd4b530000 - 0x00007ffd4b561000 	C:\Windows\SYSTEM32\dbgcore.DLL
0x00007ffd5ddc0000 - 0x00007ffd5de3f000 	C:\Windows\System32\bcryptPrimitives.dll
0x00007ffd2cfb0000 - 0x00007ffd2cfce000 	C:\Program Files\Java\jdk-24\bin\java.dll
0x00007ffd5f6e0000 - 0x00007ffd5f87a000 	C:\Windows\System32\ole32.dll
0x00007ffd5f2f0000 - 0x00007ffd5f666000 	C:\Windows\System32\combase.dll
0x00007ffd5e6f0000 - 0x00007ffd5eeb5000 	C:\Windows\System32\SHELL32.dll
0x00007ffd5b740000 - 0x00007ffd5bfa2000 	C:\Windows\SYSTEM32\windows.storage.dll
0x00007ffd5b5d0000 - 0x00007ffd5b737000 	C:\Windows\SYSTEM32\wintypes.dll
0x00007ffd5f930000 - 0x00007ffd5fa1a000 	C:\Windows\System32\SHCORE.dll
0x00007ffd5f680000 - 0x00007ffd5f6dd000 	C:\Windows\System32\shlwapi.dll
0x00007ffd5d5a0000 - 0x00007ffd5d5c5000 	C:\Windows\SYSTEM32\profapi.dll
0x00007ffd0ae50000 - 0x00007ffd0af27000 	C:\Program Files\Java\jdk-24\bin\jsvml.dll
0x00007ffd3eec0000 - 0x00007ffd3eed0000 	C:\Program Files\Java\jdk-24\bin\net.dll
0x00007ffd5cb90000 - 0x00007ffd5cbf7000 	C:\Windows\system32\mswsock.dll
0x00007ffd2cf90000 - 0x00007ffd2cfa6000 	C:\Program Files\Java\jdk-24\bin\nio.dll
0x00007ffd29d20000 - 0x00007ffd29d37000 	C:\Program Files\Java\jdk-24\bin\zip.dll
0x00007ffd38010000 - 0x00007ffd38020000 	C:\Program Files\Java\jdk-24\bin\verify.dll
0x00007ffd37a20000 - 0x00007ffd37a2a000 	C:\Program Files\Java\jdk-24\bin\management.dll
0x00007ffd37340000 - 0x00007ffd3734b000 	C:\Program Files\Java\jdk-24\bin\management_ext.dll
0x00007ffd5f230000 - 0x00007ffd5f238000 	C:\Windows\System32\PSAPI.DLL
0x00007ffd37f70000 - 0x00007ffd37f87000 	C:\Windows\system32\napinsp.dll
0x00007ffd45000000 - 0x00007ffd4501b000 	C:\Windows\system32\pnrpnsp.dll
0x00007ffd5c230000 - 0x00007ffd5c317000 	C:\Windows\SYSTEM32\DNSAPI.dll
0x00007ffd5c200000 - 0x00007ffd5c22d000 	C:\Windows\SYSTEM32\IPHLPAPI.DLL
0x00007ffd5f2e0000 - 0x00007ffd5f2e9000 	C:\Windows\System32\NSI.dll
0x00007ffd38060000 - 0x00007ffd38072000 	C:\Windows\System32\winrnr.dll
0x00007ffd54850000 - 0x00007ffd54865000 	C:\Windows\system32\wshbth.dll
0x00007ffd45020000 - 0x00007ffd4503f000 	C:\Windows\system32\nlansp_c.dll
0x00007ffd53150000 - 0x00007ffd5315a000 	C:\Windows\System32\rasadhlp.dll
0x00007ffd54700000 - 0x00007ffd54781000 	C:\Windows\System32\fwpuclnt.dll
0x00007ffd36700000 - 0x00007ffd36709000 	C:\Program Files\Java\jdk-24\bin\extnet.dll
0x00007ffd34310000 - 0x00007ffd3431e000 	C:\Program Files\Java\jdk-24\bin\sunmscapi.dll
0x00007ffd5dc50000 - 0x00007ffd5ddb2000 	C:\Windows\System32\CRYPT32.dll
0x00007ffd5cf90000 - 0x00007ffd5cfb8000 	C:\Windows\SYSTEM32\ncrypt.dll
0x00007ffd5cf50000 - 0x00007ffd5cf87000 	C:\Windows\SYSTEM32\NTASN1.dll
0x00007ffd54e00000 - 0x00007ffd54e08000 	C:\Windows\system32\wshunix.dll
0x00007ffd5ce40000 - 0x00007ffd5ce58000 	C:\Windows\SYSTEM32\CRYPTSP.dll
0x00007ffd5c640000 - 0x00007ffd5c675000 	C:\Windows\system32\rsaenh.dll
0x00007ffd5ccf0000 - 0x00007ffd5cd1c000 	C:\Windows\SYSTEM32\USERENV.dll
0x00007ffd5cfc0000 - 0x00007ffd5cfe7000 	C:\Windows\SYSTEM32\bcrypt.dll
0x00007ffd5ce60000 - 0x00007ffd5ce6c000 	C:\Windows\SYSTEM32\CRYPTBASE.dll
0x00007ffced2f0000 - 0x00007ffced46f000 	C:\Program Files\Java\jdk-24\bin\awt.dll
0x00007ffd5fb20000 - 0x00007ffd5fbf6000 	C:\Windows\System32\OLEAUT32.dll
0x00007ffd5a560000 - 0x00007ffd5a5f2000 	C:\Windows\SYSTEM32\apphelp.dll
0x00007ffd5aa60000 - 0x00007ffd5aa8f000 	C:\Windows\system32\DWMAPI.DLL
0x00007ffd5a6b0000 - 0x00007ffd5a75c000 	C:\Windows\system32\uxtheme.dll
0x00007ffced1e0000 - 0x00007ffced2e1000 	C:\Windows\system32\opengl32.dll
0x00007ffd1f970000 - 0x00007ffd1f99d000 	C:\Windows\SYSTEM32\GLU32.dll
0x00007ffd5a7f0000 - 0x00007ffd5a828000 	C:\Windows\SYSTEM32\dxcore.dll
0x00007ffd5e220000 - 0x00007ffd5e33d000 	C:\Windows\System32\MSCTF.dll
0x00007ffd1a530000 - 0x00007ffd1a6d6000 	C:\Windows\system32\d3d9.dll
0x00007ffd549a0000 - 0x00007ffd54b7b000 	C:\Windows\System32\DriverStore\FileRepository\u0369996.inf_amd64_341b825757693c75\B369942\aticfx64.dll
0x00007ffd1a490000 - 0x00007ffd1a4c3000 	C:\Windows\System32\DriverStore\FileRepository\u0369996.inf_amd64_341b825757693c75\B369942\atiu9p64.dll
0x00007ffd19710000 - 0x00007ffd1a46a000 	C:\Windows\System32\DriverStore\FileRepository\u0369996.inf_amd64_341b825757693c75\B369942\atiumd64.dll
0x0000000064360000 - 0x000000006522b000 	C:\Windows\System32\DriverStore\FileRepository\u0369996.inf_amd64_341b825757693c75\B369942\atiumd6a.dll
0x00007ffd54890000 - 0x00007ffd548c0000 	C:\Windows\SYSTEM32\amdihk64.dll
0x00007ffd58250000 - 0x00007ffd58294000 	C:\Windows\SYSTEM32\directxdatabasehelper.dll
0x00007ffd5c700000 - 0x00007ffd5c734000 	C:\Windows\SYSTEM32\ntmarta.dll
0x00007ffd3bd60000 - 0x00007ffd3bda1000 	C:\Users\UK-PC\AppData\Local\Temp\jna-80779402\jna1515534627028431831.dll
0x00007ffce7d60000 - 0x00007ffceaaba000 	C:\Users\UK-PC\AppData\Roaming\Sikulix\SikulixLibs\opencv_java342.dll
0x00007ffd1f850000 - 0x00007ffd1f874000 	C:\Windows\SYSTEM32\AVIFIL32.dll
0x00007ffd20aa0000 - 0x00007ffd20ab9000 	C:\Windows\SYSTEM32\AVICAP32.dll
0x00007ffd55210000 - 0x00007ffd553de000 	C:\Windows\SYSTEM32\MFPlat.DLL
0x00007ffd35950000 - 0x00007ffd359db000 	C:\Windows\SYSTEM32\MF.dll
0x00007ffd0d9b0000 - 0x00007ffd0d9db000 	C:\Windows\SYSTEM32\MSVFW32.dll
0x00007ffd08e80000 - 0x00007ffd08fa0000 	C:\Windows\SYSTEM32\MFReadWrite.dll
0x00007ffd573b0000 - 0x00007ffd57630000 	C:\Windows\SYSTEM32\d3d11.dll
0x00007ffd5d320000 - 0x00007ffd5d36c000 	C:\Windows\SYSTEM32\cfgmgr32.dll
0x00007ffd31f80000 - 0x00007ffd31f9e000 	C:\Windows\SYSTEM32\MSACM32.dll
0x00007ffd5a830000 - 0x00007ffd5a923000 	C:\Windows\SYSTEM32\dxgi.dll
0x00007ffd20e40000 - 0x00007ffd21217000 	C:\Windows\SYSTEM32\MFCORE.DLL
0x00007ffd551d0000 - 0x00007ffd55202000 	C:\Windows\SYSTEM32\RTWorkQ.DLL

JVMTI agents: none

dbghelp: loaded successfully - version: 4.0.5 - missing functions: none
symbol engine: initialized successfully - sym options: 0x614 - pdb path: .;C:\Program Files\Java\jdk-24\bin;C:\Windows\SYSTEM32;C:\Windows\WinSxS\amd64_microsoft.windows.common-controls_6595b64144ccf1df_6.0.22000.120_none_9d947278b86cc467;C:\Program Files\Java\jdk-24\bin\server;C:\Windows\System32\DriverStore\FileRepository\u0369996.inf_amd64_341b825757693c75\B369942;C:\Users\UK-PC\AppData\Local\Temp\jna-80779402;C:\Users\UK-PC\AppData\Roaming\Sikulix\SikulixLibs

VM Arguments:
jvm_args: -Dfile.encoding=UTF-8 -Dsikuli.Debug=0 
java_command: C:\Users\UK-PC\Desktop\AI driven cargo-wise automation framework\venv\Lib\site-packages\SikuliLibrary\lib\SikuliLibrary.jar 59646 C:\Users\UK-PC\AppData\Local\Temp\tmpz47s54k5
java_class_path (initial): C:\Users\UK-PC\Desktop\AI driven cargo-wise automation framework\venv\Lib\site-packages\SikuliLibrary\lib\SikuliLibrary.jar
Launcher Type: SUN_STANDARD

[Global flags]
     intx CICompilerCount                          = 3                                         {product} {ergonomic}
     uint ConcGCThreads                            = 1                                         {product} {ergonomic}
     uint G1ConcRefinementThreads                  = 4                                         {product} {ergonomic}
   size_t G1HeapRegionSize                         = 1048576                                   {product} {ergonomic}
   size_t InitialHeapSize                          = 117440512                                 {product} {ergonomic}
   size_t MarkStackSize                            = 4194304                                   {product} {ergonomic}
   size_t MarkStackSizeMax                         = 536870912                                 {product} {ergonomic}
   size_t MaxHeapSize                              = 1862270976                                {product} {ergonomic}
   size_t MaxNewSize                               = 1116733440                                {product} {ergonomic}
   size_t MinHeapDeltaBytes                        = 1048576                                   {product} {ergonomic}
   size_t MinHeapSize                              = 8388608                                   {product} {ergonomic}
    uintx NonNMethodCodeHeapSize                   = 5832704                                {pd product} {ergonomic}
    uintx NonProfiledCodeHeapSize                  = 122945536                              {pd product} {ergonomic}
    uintx ProfiledCodeHeapSize                     = 122880000                              {pd product} {ergonomic}
    uintx ReservedCodeCacheSize                    = 251658240                              {pd product} {ergonomic}
     bool SegmentedCodeCache                       = true                                      {product} {ergonomic}
   size_t SoftMaxHeapSize                          = 1862270976                             {manageable} {ergonomic}
     bool UseCompressedOops                        = true                           {product lp64_product} {ergonomic}
     bool UseG1GC                                  = true                                      {product} {ergonomic}
     bool UseLargePagesIndividualAllocation        = false                                  {pd product} {ergonomic}

Logging:
Log output configuration:
 #0: stdout all=warning uptime,level,tags foldmultilines=false
 #1: stderr all=off uptime,level,tags foldmultilines=false

Environment Variables:
JAVA_HOME=C:\Program Files\Java\jdk-24
JAVA_TOOL_OPTIONS=-Dfile.encoding=UTF-8 -Dsikuli.Debug=0
PATH=C:\Users\UK-PC\Desktop\AI driven cargo-wise automation framework\venv\Scripts;C:\Program Files\Java\jdk-24\bin;C:\Program Files\Java\jdk-24\bin;C:\Program Files\Common Files\Oracle\Java\javapath;C:\Program Files\FireDaemon OpenSSL 3\bin\;C:\Windows\system32;C:\Windows;C:\Windows\System32\Wbem;C:\Windows\System32\WindowsPowerShell\v1.0\;C:\Windows\System32\OpenSSH\;C:\Program Files\Git\cmd;C:\ProgramData\chocolatey\bin;C:\Program Files\nodejs\;C:\Users\UK-PC\AppData\Local\Packages\PythonSoftwareFoundation.Python.3.13_qbz5n2kfra8p0\LocalCache\local-packages\Python313\Scripts;C:\Users\UK-PC\AppData\Local\Packages\PythonSoftwareFoundation.Python.3.13_qbz5n2kfra8p0\LocalCache\local-packages\Python313\Scripts;C:\Program Files\Docker\Docker\resources\bin;C:\Program Files\OpenRPA\;C:\Python311\Scripts\;C:\Python311\;C:\Users\UK-PC\AppData\Local\Programs\Python\Python313\Scripts\;C:\Users\UK-PC\AppData\Local\Programs\Python\Python313\;C:\Users\UK-PC\AppData\Local\Programs\Python\Launcher\;C:\Users\UK-PC\AppData\Local\Google\Chrome\Application;C:\Program Files\FireDaemon OpenSSL 3\bin\;C:\Windows\system32;C:\Windows;C:\Windows\System32\Wbem;C:\Windows\System32\WindowsPowerShell\v1.0\;C:\Windows\System32\OpenSSH\;C:\Program Files\Git\cmd;C:\ProgramData\chocolatey\bin;C:\Program Files\nodejs\;C:\Users\UK-PC\AppData\Local\Microsoft\WindowsApps;C:\Users\UK-PC\AppData\Local\Programs\Microsoft VS Code\bin;C:\Users\UK-PC\AppData\Roaming\npm;C:\Users\UK-PC\AppData\Local\Programs\Trae\bin;c:\Users\UK-PC\AppData\Local\Programs\Trae\bin;C:\Users\UK-PC\AppData\Local\Packages\PythonSoftwareFoundation.Python.3.13_qbz5n2kfra8p0\LocalCache\local-packages\Python313\Scripts;C:\Users\UK-PC\AppData\Local\Packages\PythonSoftwareFoundation.Python.3.13_qbz5n2kfra8p0\LocalCache\local-packages\Python313\Scripts;C:\Users\UK-PC\AppData\Local\Programs\Python\Python312\;C:\Users\UK-PC\AppData\Local\Programs\Python\Python312\Scripts\;C:\Users\UK-PC\AppData\Local\reflex\bun\bin;
USERNAME=UK-PC
LANG=en_US.UTF-8
OS=Windows_NT
PROCESSOR_IDENTIFIER=AMD64 Family 21 Model 101 Stepping 1, AuthenticAMD
TMP=C:\Users\UK-PC\AppData\Local\Temp
TEMP=C:\Users\UK-PC\AppData\Local\Temp




Periodic native trim disabled

---------------  S Y S T E M  ---------------

OS:
 Windows 11 , 64 bit Build 22000 (10.0.22000.2538)
OS uptime: 0 days 4:08 hours
Hyper-V role detected

CPU: total 4 (initial active 4) (4 cores per cpu, 1 threads per core) family 21 model 101 stepping 1 microcode 0x0, cx8, cmov, fxsr, mmx, 3dnowpref, sse, sse2, sse3, ssse3, sse4a, sse4.1, sse4.2, popcnt, lzcnt, tsc, tscinvbit, avx, avx2, aes, clmul, bmi1, bmi2, fma, vzeroupper, clflush, hv, rdtscp, f16c
Processor Information for the first 4 processors :
  Max Mhz: 2400, Current Mhz: 2400, Mhz Limit: 2400

Memory: 4k page, system-wide physical 7098M (526M free)
TotalPageFile size 22279M (AvailPageFile size 32M)
current process WorkingSet (physical memory assigned to process): 142M, peak: 266M
current process commit charge ("private bytes"): 248M, peak: 322M

vm_info: Java HotSpot(TM) 64-Bit Server VM (24.0.1+9-30) for windows-amd64 JRE (24.0.1+9-30), built on 2025-03-05T07:23:45Z with MS VC++ 17.6 (VS2022)

END.
