#
# There is insufficient memory for the Java Runtime Environment to continue.
# Native memory allocation (mmap) failed to map 117440512 bytes. Error detail: G1 virtual space
# Possible reasons:
#   The system is out of physical RAM or swap space
#   This process is running with CompressedOops enabled, and the Java Heap may be blocking the growth of the native heap
# Possible solutions:
#   Reduce memory load on the system
#   Increase physical memory or swap space
#   Check if swap backing store is full
#   Decrease Java heap size (-Xmx/-Xms)
#   Decrease number of Java threads
#   Decrease Java thread stack sizes (-Xss)
#   Set larger code cache with -XX:ReservedCodeCacheSize=
#   JVM is running with Unscaled Compressed Oops mode in which the Java heap is
#     placed in the first 4GB address space. The Java Heap base address is the
#     maximum limit for the native heap growth. Please use -XX:HeapBaseMinAddress
#     to set the Java Heap base and to place the Java Heap above 4GB virtual address.
# This output file may be truncated or incomplete.
#
#  Out of Memory Error (os_windows.cpp:3564), pid=14184, tid=14152
#
# JRE version:  (24.0.1+9) (build )
# Java VM: Java HotSpot(TM) 64-Bit Server VM (24.0.1+9-30, mixed mode, sharing, tiered, compressed oops, compressed class ptrs, g1 gc, windows-amd64)
# No core dump will be written. Minidumps are not enabled by default on client versions of Windows
#

---------------  S U M M A R Y ------------

Command Line: -Dfile.encoding=UTF-8 -Dsikuli.Debug=0 C:\Users\UK-PC\Desktop\AI driven cargo-wise automation framework\venv\Lib\site-packages\SikuliLibrary\lib\SikuliLibrary.jar 63688 C:\Users\UK-PC\AppData\Local\Temp\tmpwo4ipqid

Host: AMD PRO A10-8730B R5, 10 COMPUTE CORES 4C+6G   , 4 cores, 6G,  Windows 11 , 64 bit Build 22000 (10.0.22000.2538)
Time: Tue Jul 29 00:01:21 2025 W. Central Africa Standard Time elapsed time: 0.036458 seconds (0d 0h 0m 0s)

---------------  T H R E A D  ---------------

Current thread (0x00000276617b1980):  JavaThread "Unknown thread" [_thread_in_vm, id=14152, stack(0x0000008042500000,0x0000008042600000) (1024K)]

Stack: [0x0000008042500000,0x0000008042600000]
Native frames: (J=compiled Java code, j=interpreted, Vv=VM code, C=native code)
V  [jvm.dll+0x730739]  (no source info available)
V  [jvm.dll+0x8d9b23]  (no source info available)
V  [jvm.dll+0x8dc00d]  (no source info available)
V  [jvm.dll+0x8dc683]  (no source info available)
V  [jvm.dll+0x2aa086]  (no source info available)
V  [jvm.dll+0x72cc65]  (no source info available)
V  [jvm.dll+0x72059a]  (no source info available)
V  [jvm.dll+0x390cea]  (no source info available)
V  [jvm.dll+0x3989f6]  (no source info available)
V  [jvm.dll+0x38523e]  (no source info available)
V  [jvm.dll+0x3854f8]  (no source info available)
V  [jvm.dll+0x35d0cc]  (no source info available)
V  [jvm.dll+0x35dd8d]  (no source info available)
V  [jvm.dll+0x89d28f]  (no source info available)
V  [jvm.dll+0x3f985d]  (no source info available)
V  [jvm.dll+0x8858e6]  (no source info available)
V  [jvm.dll+0x495f3e]  (no source info available)
V  [jvm.dll+0x497d11]  (no source info available)
C  [jli.dll+0x52a1]  (no source info available)
C  [ucrtbase.dll+0x26c0c]  (no source info available)
C  [KERNEL32.DLL+0x153e0]  (no source info available)
C  [ntdll.dll+0x485b]  (no source info available)

Lock stack of current Java thread (top to bottom):


---------------  P R O C E S S  ---------------

Threads class SMR info:
_java_thread_list=0x00007ffa3a82f318, length=0, elements={
}

Java Threads: ( => current thread )
Total: 0

Other Threads:
  0x0000027663b0e1b0 WorkerThread "GC Thread#0"                     [id=11416, stack(0x0000008042600000,0x0000008042700000) (1024K)]
  0x0000027663b39df0 ConcurrentGCThread "G1 Main Marker"            [id=5220, stack(0x0000008042700000,0x0000008042800000) (1024K)]
  0x0000027663b3a900 WorkerThread "G1 Conc#0"                       [id=11868, stack(0x0000008042800000,0x0000008042900000) (1024K)]

[error occurred during error reporting (printing all threads), id 0xc0000005, EXCEPTION_ACCESS_VIOLATION (0xc0000005) at pc=0x00007ffa39f614ea]
VM state: not at safepoint (not fully initialized)

VM Mutex/Monitor currently owned by a thread:  ([mutex/lock_event])
[0x00007ffa3a8b45b0] Heap_lock - owner thread: 0x00000276617b1980

Heap address: 0x0000000091000000, size: 1776 MB, Compressed Oops mode: 32-bit

CDS archive(s) mapped at: [0x0000000000000000-0x0000000000000000-0x0000000000000000), size 0, SharedBaseAddress: 0x0000000800000000, ArchiveRelocationMode: 1.
UseCompressedClassPointers 1, UseCompactObjectHeaders 0
Narrow klass pointer bits 32, Max shift 3
Narrow klass base: 0xffffffffffffffff, Narrow klass shift: -1
Encoding Range: [0xffffffffffffffff - 0x000000007fffffff), (2147483648 bytes)
Klass Range:    [0x0000000000000000 - 0x0000000000000000), (0 bytes)
Klass ID Range:  [4294967295 - 0) (1)

GC Precious Log:
 CardTable entry size: 512
 Card Set container configuration: InlinePtr #cards 5 size 8 Array Of Cards #cards 10 size 36 Howl #buckets 4 coarsen threshold 1843 Howl Bitmap #cards 512 size 80 coarsen threshold 460 Card regions per heap region 1 cards per card region 2048

Heap:
 garbage-first heap   total reserved 1818624K, committed 0K, used 0K [0x0000000091000000, 0x0000000100000000)
  region size 1024K, 0 young (0K), 0 survivors (0K)

[error occurred during error reporting (printing heap information), id 0xc0000005, EXCEPTION_ACCESS_VIOLATION (0xc0000005) at pc=0x00007ffa3a37e3e9]
GC Heap History (0 events):
No events

Dll operation events (1 events):
Event: 0.027 Loaded shared library C:\Program Files\Java\jdk-24\bin\java.dll

Deoptimization events (0 events):
No events

Classes loaded (0 events):
No events

Classes unloaded (0 events):
No events

Classes redefined (0 events):
No events

Internal exceptions (0 events):
No events

VM Operations (0 events):
No events

Memory protections (0 events):
No events

Nmethod flushes (0 events):
No events

Events (0 events):
No events


Dynamic libraries:
0x00007ff7e7b20000 - 0x00007ff7e7b30000 	C:\Program Files\Java\jdk-24\bin\java.exe
0x00007ffa747a0000 - 0x00007ffa749a9000 	C:\Windows\SYSTEM32\ntdll.dll
0x00007ffa737f0000 - 0x00007ffa738ad000 	C:\Windows\System32\KERNEL32.DLL
0x00007ffa71da0000 - 0x00007ffa72124000 	C:\Windows\System32\KERNELBASE.dll
0x00007ffa72430000 - 0x00007ffa72541000 	C:\Windows\System32\ucrtbase.dll
0x00007ffa60f30000 - 0x00007ffa60f46000 	C:\Program Files\Java\jdk-24\bin\jli.dll
0x00007ffa74200000 - 0x00007ffa743ad000 	C:\Windows\System32\USER32.dll
0x00007ffa72400000 - 0x00007ffa72426000 	C:\Windows\System32\win32u.dll
0x00007ffa73980000 - 0x00007ffa739aa000 	C:\Windows\System32\GDI32.dll
0x00007ffa722e0000 - 0x00007ffa723fe000 	C:\Windows\System32\gdi32full.dll
0x00007ffa72550000 - 0x00007ffa725ed000 	C:\Windows\System32\msvcp_win.dll
0x00007ffa61290000 - 0x00007ffa61535000 	C:\Windows\WinSxS\amd64_microsoft.windows.common-controls_6595b64144ccf1df_6.0.22000.120_none_9d947278b86cc467\COMCTL32.dll
0x00007ffa738c0000 - 0x00007ffa73963000 	C:\Windows\System32\msvcrt.dll
0x00007ffa60f10000 - 0x00007ffa60f2b000 	C:\Program Files\Java\jdk-24\bin\VCRUNTIME140.dll
0x00007ffa74570000 - 0x00007ffa745a1000 	C:\Windows\System32\IMM32.DLL
0x00007ffa63950000 - 0x00007ffa6395c000 	C:\Program Files\Java\jdk-24\bin\vcruntime140_1.dll
0x00007ffa3fb80000 - 0x00007ffa3fc0e000 	C:\Program Files\Java\jdk-24\bin\msvcp140.dll
0x00007ffa39bf0000 - 0x00007ffa3a992000 	C:\Program Files\Java\jdk-24\bin\server\jvm.dll
0x00007ffa73fb0000 - 0x00007ffa7405e000 	C:\Windows\System32\ADVAPI32.dll
0x00007ffa73330000 - 0x00007ffa733ce000 	C:\Windows\System32\sechost.dll
0x00007ffa740d0000 - 0x00007ffa741f1000 	C:\Windows\System32\RPCRT4.dll
0x00007ffa746f0000 - 0x00007ffa7475f000 	C:\Windows\System32\WS2_32.dll
0x00007ffa71960000 - 0x00007ffa719ad000 	C:\Windows\SYSTEM32\POWRPROF.dll
0x00007ffa69290000 - 0x00007ffa692c3000 	C:\Windows\SYSTEM32\WINMM.dll
0x00007ffa68f60000 - 0x00007ffa68f6a000 	C:\Windows\SYSTEM32\VERSION.dll
0x00007ffa71880000 - 0x00007ffa71893000 	C:\Windows\SYSTEM32\UMPDC.dll
0x00007ffa70ca0000 - 0x00007ffa70cb8000 	C:\Windows\SYSTEM32\kernel.appcore.dll
0x00007ffa62020000 - 0x00007ffa6202a000 	C:\Program Files\Java\jdk-24\bin\jimage.dll
0x00007ffa57570000 - 0x00007ffa57791000 	C:\Windows\SYSTEM32\DBGHELP.DLL
0x00007ffa5fef0000 - 0x00007ffa5ff21000 	C:\Windows\SYSTEM32\dbgcore.DLL
0x00007ffa721a0000 - 0x00007ffa7221f000 	C:\Windows\System32\bcryptPrimitives.dll
0x00007ffa60ef0000 - 0x00007ffa60f0e000 	C:\Program Files\Java\jdk-24\bin\java.dll
0x00007ffa73650000 - 0x00007ffa737ea000 	C:\Windows\System32\ole32.dll
0x00007ffa72de0000 - 0x00007ffa73156000 	C:\Windows\System32\combase.dll
0x00007ffa72610000 - 0x00007ffa72dd5000 	C:\Windows\System32\SHELL32.dll

JVMTI agents: none

dbghelp: loaded successfully - version: 4.0.5 - missing functions: none
symbol engine: initialized successfully - sym options: 0x614 - pdb path: .;C:\Program Files\Java\jdk-24\bin;C:\Windows\SYSTEM32;C:\Windows\WinSxS\amd64_microsoft.windows.common-controls_6595b64144ccf1df_6.0.22000.120_none_9d947278b86cc467;C:\Program Files\Java\jdk-24\bin\server

VM Arguments:
jvm_args: -Dfile.encoding=UTF-8 -Dsikuli.Debug=0 
java_command: C:\Users\UK-PC\Desktop\AI driven cargo-wise automation framework\venv\Lib\site-packages\SikuliLibrary\lib\SikuliLibrary.jar 63688 C:\Users\UK-PC\AppData\Local\Temp\tmpwo4ipqid
java_class_path (initial): C:\Users\UK-PC\Desktop\AI driven cargo-wise automation framework\venv\Lib\site-packages\SikuliLibrary\lib\SikuliLibrary.jar
Launcher Type: SUN_STANDARD

[Global flags]
     intx CICompilerCount                          = 3                                         {product} {ergonomic}
     uint ConcGCThreads                            = 1                                         {product} {ergonomic}
     uint G1ConcRefinementThreads                  = 4                                         {product} {ergonomic}
   size_t G1HeapRegionSize                         = 1048576                                   {product} {ergonomic}
   size_t InitialHeapSize                          = 117440512                                 {product} {ergonomic}
   size_t MarkStackSize                            = 4194304                                   {product} {ergonomic}
   size_t MarkStackSizeMax                         = 536870912                                 {product} {ergonomic}
   size_t MaxHeapSize                              = 1862270976                                {product} {ergonomic}
   size_t MinHeapDeltaBytes                        = 1048576                                   {product} {ergonomic}
   size_t MinHeapSize                              = 8388608                                   {product} {ergonomic}
    uintx NonNMethodCodeHeapSize                   = 5832704                                {pd product} {ergonomic}
    uintx NonProfiledCodeHeapSize                  = 122945536                              {pd product} {ergonomic}
    uintx ProfiledCodeHeapSize                     = 122880000                              {pd product} {ergonomic}
    uintx ReservedCodeCacheSize                    = 251658240                              {pd product} {ergonomic}
     bool SegmentedCodeCache                       = true                                      {product} {ergonomic}
   size_t SoftMaxHeapSize                          = 1862270976                             {manageable} {ergonomic}
     bool UseCompressedOops                        = true                           {product lp64_product} {ergonomic}
     bool UseG1GC                                  = true                                      {product} {ergonomic}
     bool UseLargePagesIndividualAllocation        = false                                  {pd product} {ergonomic}

Logging:
Log output configuration:
 #0: stdout all=warning uptime,level,tags foldmultilines=false
 #1: stderr all=off uptime,level,tags foldmultilines=false

Environment Variables:
JAVA_HOME=C:\Program Files\Java\jdk-24
JAVA_TOOL_OPTIONS=-Dfile.encoding=UTF-8 -Dsikuli.Debug=0
PATH=C:\Users\UK-PC\Desktop\AI driven cargo-wise automation framework\venv\Scripts;C:\Program Files\Java\jdk-24\bin;C:\Program Files\Java\jdk-24\bin;C:\Program Files\Common Files\Oracle\Java\javapath;C:\Program Files\FireDaemon OpenSSL 3\bin\;C:\Windows\system32;C:\Windows;C:\Windows\System32\Wbem;C:\Windows\System32\WindowsPowerShell\v1.0\;C:\Windows\System32\OpenSSH\;C:\Program Files\Git\cmd;C:\ProgramData\chocolatey\bin;C:\Program Files\nodejs\;C:\Users\UK-PC\AppData\Local\Packages\PythonSoftwareFoundation.Python.3.13_qbz5n2kfra8p0\LocalCache\local-packages\Python313\Scripts;C:\Users\UK-PC\AppData\Local\Packages\PythonSoftwareFoundation.Python.3.13_qbz5n2kfra8p0\LocalCache\local-packages\Python313\Scripts;C:\Program Files\Docker\Docker\resources\bin;C:\Program Files\OpenRPA\;C:\Python311\Scripts\;C:\Python311\;C:\Users\UK-PC\AppData\Local\Programs\Python\Python313\Scripts\;C:\Users\UK-PC\AppData\Local\Programs\Python\Python313\;C:\Users\UK-PC\AppData\Local\Programs\Python\Launcher\;C:\Users\UK-PC\AppData\Local\Google\Chrome\Application;C:\Program Files\FireDaemon OpenSSL 3\bin\;C:\Windows\system32;C:\Windows;C:\Windows\System32\Wbem;C:\Windows\System32\WindowsPowerShell\v1.0\;C:\Windows\System32\OpenSSH\;C:\Program Files\Git\cmd;C:\ProgramData\chocolatey\bin;C:\Program Files\nodejs\;C:\Users\UK-PC\AppData\Local\Microsoft\WindowsApps;C:\Users\UK-PC\AppData\Local\Programs\Microsoft VS Code\bin;C:\Users\UK-PC\AppData\Roaming\npm;C:\Users\UK-PC\AppData\Local\Programs\Trae\bin;c:\Users\UK-PC\AppData\Local\Programs\Trae\bin;C:\Users\UK-PC\AppData\Local\Packages\PythonSoftwareFoundation.Python.3.13_qbz5n2kfra8p0\LocalCache\local-packages\Python313\Scripts;C:\Users\UK-PC\AppData\Local\Packages\PythonSoftwareFoundation.Python.3.13_qbz5n2kfra8p0\LocalCache\local-packages\Python313\Scripts;C:\Users\UK-PC\AppData\Local\Programs\Python\Python312\;C:\Users\UK-PC\AppData\Local\Programs\Python\Python312\Scripts\;C:\Users\UK-PC\AppData\Local\reflex\bun\bin;
USERNAME=UK-PC
LANG=en_US.UTF-8
OS=Windows_NT
PROCESSOR_IDENTIFIER=AMD64 Family 21 Model 101 Stepping 1, AuthenticAMD
TMP=C:\Users\UK-PC\AppData\Local\Temp
TEMP=C:\Users\UK-PC\AppData\Local\Temp




Periodic native trim disabled

---------------  S Y S T E M  ---------------

OS:
 Windows 11 , 64 bit Build 22000 (10.0.22000.2538)
OS uptime: 4 days 9:23 hours
Hyper-V role detected

CPU: total 4 (initial active 4) (4 cores per cpu, 1 threads per core) family 21 model 101 stepping 1 microcode 0x0, cx8, cmov, fxsr, mmx, 3dnowpref, sse, sse2, sse3, ssse3, sse4a, sse4.1, sse4.2, popcnt, lzcnt, tsc, tscinvbit, avx, avx2, aes, clmul, bmi1, bmi2, fma, vzeroupper, clflush, hv, rdtscp, f16c
Processor Information for the first 4 processors :
  Max Mhz: 2400, Current Mhz: 2400, Mhz Limit: 2400

Memory: 4k page, system-wide physical 7098M (1092M free)
TotalPageFile size 18424M (AvailPageFile size 33M)
current process WorkingSet (physical memory assigned to process): 11M, peak: 11M
current process commit charge ("private bytes"): 52M, peak: 164M

vm_info: Java HotSpot(TM) 64-Bit Server VM (24.0.1+9-30) for windows-amd64 JRE (24.0.1+9-30), built on 2025-03-05T07:23:45Z with MS VC++ 17.6 (VS2022)

END.
